Connected to Dynamips VM "default" (ID 3, type c3600) - Console port
Press ENTER to get the prompt.
ROMMON emulation microcode.
                           Launching IOS image at 0x80008000...
                                                               Smart Init is disabled. IOMEM set to: 5
                                                                                                        Using iomem percentage: 5
              Restricted Rights Legend
Use, duplication, or disclosure by the Government is
subject to restrictions as set forth in subparagraph
(c) of the Commercial Computer Software - Restricted
Rights clause at FAR sec. 52.227-19 and subparagraph
(c) (1) (ii) of the Rights in Technical Data and Computer
Software clause at DFARS sec. 252.227-7013.
           cisco Systems, Inc.
           170 West Tasman Drive
           San Jose, California 95134-1706
Cisco IOS Software, 3600 Software (C3660-A3JK9S-M), Version 12.4(15)T14, RELEASE SOFTWARE (fc2)
Technical Support: http://www.cisco.com/techsupport
Copyright (c) 1986-2010 by Cisco Systems, Inc.
Compiled Tue 17-Aug-10 11:00 by prod_rel_team
Image text-base: 0x60008930, data-base: 0x632E0000
This product contains cryptographic features and is subject to United
States and local country laws governing import, export, transfer and
use. Delivery of Cisco cryptographic products does not imply
third-party authority to import, export, distribute or use encryption.
Importers, exporters, distributors and users are responsible for
compliance with U.S. and local country laws. By using this product you
agree to comply with applicable laws and regulations. If you are unable
to comply with U.S. and local laws, return this product immediately.
A summary of U.S. laws governing Cisco cryptographic products may be found at:
http://www.cisco.com/wwl/export/crypto/tool/stqrg.html
If you require further assistance please contact us by sending email to
export@cisco.com.
Cisco 3660 (R527x) processor (revision 1.0) with 187392K/9216K bytes of memory.
Processor board ID FTX0945W0MY
R527x CPU at 250MHz, Implementation 40, Rev 1.2, 512KB L2 Cache
3660 Chassis type: ENTERPRISE
2 FastEthernet interfaces
4 Serial interfaces
DRAM configuration is 64 bits wide with parity enabled.
125K bytes of NVRAM.
8192K bytes of processor board System flash (Read/Write)
         --- System Configuration Dialog ---
Would you like to enter the initial configuration dialog? [yes/no]: no
Press RETURN to get started!
*Mar  1 00:00:05.499: %LINEPROTO-5-UPDOWN: Line protocol on Interface VoIP-Null0, changed state to up
*Mar  1 00:00:05.499: %LINK-3-UPDOWN: Interface FastEthernet0/0, changed state to up
*Mar  1 00:00:05.503: %LINK-3-UPDOWN: Interface FastEthernet0/1, changed state to up
*Mar  1 00:00:05.507: %LINK-3-UPDOWN: Interface Serial1/0, changed state to up
*Mar  1 00:00:05.511: %LINK-3-UPDOWN: Interface Serial1/1, changed state to up
*Mar  1 00:00:05.515: %LINK-3-UPDOWN: Interface Serial1/2, changed state to up
*Mar  1 00:00:05.519: %LINK-3-UPDOWN: Interface Serial1/3, changed state to up
*Mar  1 00:00:05.523: %LINEPROTO-5-UPDOWN: Line protocol on Interface IPv6-mpls, changed state to up
*Mar  1 00:00:06.499: %LINEPROTO-5-UPDOWN: Line protocol on Interface FastEthernet0/0, changed state to up
*Mar  1 00:00:06.503: %LINEPROTO-5-UPDOWN: Line protocol on Interface FastEthernet0/1, changed state to up
*Mar  1 00:00:06.507: %LINEPROTO-5-UPDOWN: Line protocol on Interface Serial1/0, changed state to up
*Mar  1 00:00:06.511: %LINEPROTO-5-UPDOWN: Line protocol on Interface Serial1/1, changed state to up
*Mar  1 00:00:06.515: %LINEPROTO-5-UPDOWN: Line protocol on Interface Serial1/2, changed state to up
*Mar  1 00:00:06.519: %LINEPROTO-5-UPDOWN: Line protocol on Interface Serial1/3, changed state to up
*Mar  1 00:00:08.227: %SYS-5-RESTART: System restarted --
Cisco IOS Software, 3600 Software (C3660-A3JK9S-M), Version 12.4(15)T14, RELEASE SOFTWARE (fc2)
Technical Support: http://www.cisco.com/techsupport
Copyright (c) 1986-2010 by Cisco Systems, Inc.
Compiled Tue 17-Aug-10 11:00 by prod_rel_team
*Mar  1 00:00:08.247: %SNMP-5-COLDSTART: SNMP agent on host Router is undergoing a cold start
*Mar  1 00:00:08.499: %CRYPTO-6-GDOI_ON_OFF: GDOI is OFF
*Mar  1 00:00:08.499: %CRYPTO-6-ISAKMP_ON_OFF: ISAKMP is OFF
*Mar  1 00:00:08.503: %CRYPTO-6-GDOI_ON_OFF: GDOI is OFF
*Mar  1 00:00:08.503: %CRYPTO-6-ISAKMP_ON_OFF: ISAKMP is OFF
*Mar  1 00:00:09.367: %LINK-5-CHANGED: Interface FastEthernet0/0, changed state to administratively down
*Mar  1 00:00:09.371: %LINK-5-CHANGED: Interface FastEthernet0/1, changed state to administratively down
*Mar  1 00:00:09.375: %LINK-5-CHANGED: Interface Serial1/0, changed state to administratively down
*Mar  1 00:00:09.399: %LINK-5-CHANGED: Interface Serial1/1, changed state to administratively down
*Mar  1 00:00:09.423: %LINK-5-CHANGED: Interface Serial1/2, changed state to administratively down
*Mar  1 00:00:09.443: %LINK-5-CHANGED: Interface Serial1/3, changed state to administratively down
*Mar  1 00:00:10.367: %LINEPROTO-5-UPDOWN: Line protocol on Interface FastEthernet0/0, changed state to down
*Mar  1 00:00:10.371: %LINEPROTO-5-UPDOWN: Line protocol on Interface FastEthernet0/1, changed state to down
*Mar  1 00:00:10.375: %LINEPROTO-5-UPDOWN: Line protocol on Interface Serial1/0, changed state to down
*Mar  1 00:00:10.399: %LINEPROTO-5-UPDOWN: Line protocol on Interface Serial1/1, changed state to down
*Mar  1 00:00:10.423: %LINEPROTO-5-UPDOWN: Line protocol on Interface Serial1/2, changed state to down
*Mar  1 00:00:10.443: %LINEPROTO-5-UPDOWN: Line protocol on Interface Serial1/3, changed state to down
Router>enable
Router#debug frame l3ie
Frame Relay L3 IE stuff debugging is on
Router#debug frame l3cc
Frame Relay L3 stuff debugging is on
Router#debug frame detailed
Frame Relay SVC detailed debugging is on
Router#?
Exec commands:
  access-enable    Create a temporary Access-List entry
  access-profile   Apply user-profile to interface
  access-template  Create a temporary Access-List entry
  alps             ALPS exec commands
  archive          manage archive files
  audio-prompt     load ivr prompt
  auto             Exec level Automation
  beep             Blocks Extensible Exchange Protocol commands
  bfe              For manual emergency modes setting
  call             Voice call
  ccm-manager      Call Manager Application exec commands
  cd               Change current directory
  clear            Reset functions
  clock            Manage the system clock
  cns              CNS agents
  configure        Enter configuration mode
  connect          Open a terminal connection
  copy             Copy from one file to another
  credential       load the credential info from file system
  crypto           Encryption related commands.
  ct-isdn          Run an ISDN component test command
 
Router#debug frame ?
  adjacency   Frame Relay adjacency events
  detailed    Detailed Debug: Only for Lab use
  dlsw        Frame Relay dlsw
  end-to-end  Frame-relay end-to-end VC information
  events      Important Frame Relay packet events
  foresight   Frame Relay router ForeSight support
  fragment    Frame Relay fragment
  hpr         Frame Relay APPN HPR
  ip          Frame Relay Internet Protocol
  ipc         Frame Relay IPC events
  l3cc        Frame Relay Layer 3 Call Control
  l3ie        Frame Relay IE parsing/construction
  lapf        Frame Relay SVC Layer 2
  llc2        Frame Relay llc2
  lmi         LMI packet exchanges with service provider
  multilink   Multilink Frame relay event/errors/packets
  nli         Network Layer interface
  packet      Frame Relay packets
  ppp         PPP over Frame Relay
  pseudowire  Frame Relay pseudowire events
  rsrb        Frame Relay rsrb
  switching   Frame Relay switching
  vc-bundle   FR vc-bundle events
  verbose     Frame Relay
 
Router#debug frame verbose
Frame Relay debugging is on
Router#debug frame lapf
Frame Relay SVC layer 2 debugging is on
Router#config term
Enter configuration commands, one per line.  End with CNTL/Z.
Router(config)#inter serial1/0
Router(config-if)#encapsulation frame ietf
Router(config-if)#frame svc
Router(config-if)#
*Mar  1 00:03:52.439: *LAPF Serial1/0 DL_EST_REQ
*Mar  1 00:03:52.467: *LAPF Serial1/0 CB's set up -in state 4
*Mar  1 00:03:52.467: *LAPF Serial1/0 Lapf should be down -DL_Req error
Router(config-if)#frame lmi-type q933a
Router(config-if)#map-group linktest
Router(config-if)#ip address 10.10.10.3 255.255.255.224
Router(config-if)#no shutdown
Router(config-if)#
*Mar  1 00:06:05.091: %LINK-3-UPDOWN: Interface Serial1/0, changed state to up
*Mar  1 00:06:15.091: *LAPF Serial1/0 TX -> SABME Cmd p/f=1
*Mar  1 00:06:15.195: *LAPF Serial1/0 RX <- UA Rsp p/f=1
*Mar  1 00:06:15.195: *LAPF Serial1/0 lapf_ua_5
*Mar  1 00:06:15.195: *LAPF Serial1/0 Link up!
*Mar  1 00:06:16.091: %LINEPROTO-5-UPDOWN: Line protocol on Interface Serial1/0, changed state to up
Router(config-if)#
*Mar  1 00:06:40.367: *LAPF Serial1/0 RX <- RR Cmd p/f=1, N(R)= 0
*Mar  1 00:06:40.367: *LAPF Serial1/0 lapf_rr_7
*Mar  1 00:06:40.367: *LAPF Serial1/0 TX -> RR Rsp p/f=1, N(R)= 0
*Mar  1 00:06:40.371: *LAPF Serial1/0Check sync, V(S)=0 V(A)=0 V(R)=0 N(R)=0 N(S)=0
*Mar  1 00:07:04.963: *LAPF Serial1/0 RX <- RR Cmd p/f=1, N(R)= 0
*Mar  1 00:07:04.963: *LAPF Serial1/0 lapf_rr_7
*Mar  1 00:07:04.963: *LAPF Serial1/0 TX -> RR Rsp p/f=1, N(R)= 0
*Mar  1 00:07:04.967: *LAPF Serial1/0Check sync, V(S)=0 V(A)=0 V(R)=0 N(R)=0 N(S)=0
*Mar  1 00:07:30.391: *LAPF Serial1/0 RX <- RR Cmd p/f=1, N(R)= 0
*Mar  1 00:07:30.391: *LAPF Serial1/0 lapf_rr_7
*Mar  1 00:07:30.391: *LAPF Serial1/0 TX -> RR Rsp p/f=1, N(R)= 0
*Mar  1 00:07:30.395: *LAPF Serial1/0Check sync, V(S)=0 V(A)=0 V(R)=0 N(R)=0 N(S)=0
*Mar  1 00:07:56.203: *LAPF Serial1/0 RX <- RR Cmd p/f=1, N(R)= 0
*Mar  1 00:07:56.203: *LAPF Serial1/0 lapf_rr_7
*Mar  1 00:07:56.207: *LAPF Serial1/0 TX -> RR Rsp p/f=1, N(R)= 0
*Mar  1 00:07:56.207: *LAPF Serial1/0Check sync, V(S)=0 V(A)=0 V(R)=0 N(R)=0 N(S)=0
*Mar  1 00:08:21.819: *LAPF Serial1/0 RX <- RR Cmd p/f=1, N(R)= 0
*Mar  1 00:08:21.823: *LAPF Serial1/0 lapf_rr_7
*Mar  1 00:08:21.823: *LAPF Serial1/0 TX -> RR Rsp p/f=1, N(R)= 0
*Mar  1 00:08:21.823: *LAPF Serial1/0Check sync, V(S)=0 V(A)=0 V(R)=0 N(R)=0 N(S)=0
*Mar  1 00:08:48.215: *LAPF Serial1/0 RX <- RR Cmd p/f=1, N(R)= 0
*Mar  1 00:08:48.215: *LAPF Serial1/0 lapf_rr_7
*Mar  1 00:08:48.215: *LAPF Serial1/0 TX -> RR Rsp p/f=1, N(R)= 0
*Mar  1 00:08:48.219: *LAPF Serial1/0Check sync, V(S)=0 V(A)=0 V(R)=0 N(R)=0 N(S)=0
*Mar  1 00:09:14.199: *LAPF Serial1/0 RX <- RR Cmd p/f=1, N(R)= 0
*Mar  1 00:09:14.199: *LAPF Serial1/0 lapf_rr_7
*Mar  1 00:09:14.199: *LAPF Serial1/0 TX -> RR Rsp p/f=1, N(R)= 0
*Mar  1 00:09:14.199: *LAPF Serial1/0Check sync, V(S)=0 V(A)=0 V(R)=0 N(R)=0 N(S)=0
*Mar  1 00:09:40.307: *LAPF Serial1/0 RX <- RR Cmd p/f=1, N(R)= 0
*Mar  1 00:09:40.307: *LAPF Serial1/0 lapf_rr_7
*Mar  1 00:09:40.307: *LAPF Serial1/0 TX -> RR Rsp p/f=1, N(R)= 0
*Mar  1 00:09:40.311: *LAPF Serial1/0Check sync, V(S)=0 V(A)=0 V(R)=0 N(R)=0 N(S)=0
*Mar  1 00:10:06.143: *LAPF Serial1/0 RX <- RR Cmd p/f=1, N(R)= 0
*Mar  1 00:10:06.143: *LAPF Serial1/0 lapf_rr_7
*Mar  1 00:10:06.143: *LAPF Serial1/0 TX -> RR Rsp p/f=1, N(R)= 0
*Mar  1 00:10:06.147: *LAPF Serial1/0Check sync, V(S)=0 V(A)=0 V(R)=0 N(R)=0 N(S)=0
*Mar  1 00:10:32.915: *LAPF Serial1/0 RX <- RR Cmd p/f=1, N(R)= 0
*Mar  1 00:10:32.919: *LAPF Serial1/0 lapf_rr_7
*Mar  1 00:10:32.919: *LAPF Serial1/0 TX -> RR Rsp p/f=1, N(R)= 0
*Mar  1 00:10:32.919: *LAPF Serial1/0Check sync, V(S)=0 V(A)=0 V(R)=0 N(R)=0 N(S)=0
*Mar  1 00:10:58.707: *LAPF Serial1/0 RX <- RR Cmd p/f=1, N(R)= 0
*Mar  1 00:10:58.711: *LAPF Serial1/0 lapf_rr_7
*Mar  1 00:10:58.711: *LAPF Serial1/0 TX -> RR Rsp p/f=1, N(R)= 0
*Mar  1 00:10:58.711: *LAPF Serial1/0Check sync, V(S)=0 V(A)=0 V(R)=0 N(R)=0 N(S)=0
*Mar  1 00:11:23.811: *LAPF Serial1/0 RX <- RR Cmd p/f=1, N(R)= 0
*Mar  1 00:11:23.811: *LAPF Serial1/0 lapf_rr_7
*Mar  1 00:11:23.811: *LAPF Serial1/0 TX -> RR Rsp p/f=1, N(R)= 0
*Mar  1 00:11:23.815: *LAPF Serial1/0Check sync, V(S)=0 V(A)=0 V(R)=0 N(R)=0 N(S)=0
Router(config-if)#do show run
Building configuration...
Current configuration : 1030 bytes
!
version 12.4
service timestamps debug datetime msec
service timestamps log datetime msec
no service password-encryption
!
hostname Router
!
boot-start-marker
boot-end-marker
!
!
no aaa new-model
memory-size iomem 5
!
!
ip cef
!
!
multilink bundle-name authenticated
!
!
!
!
!
!
!
!
!
!
!
!
!
!
archive
 log config
  hidekeys
!
!
!
!
!
!
!
!
interface FastEthernet0/0
 no ip address
 shutdown
 duplex auto
 speed auto
!
interface FastEthernet0/1
 no ip address
 shutdown
 duplex auto
 speed auto
!
interface Serial1/0
 ip address 10.10.10.3 255.255.255.224
 encapsulation frame-relay IETF
 serial restart-delay 0
 frame-relay lmi-type q933a
 frame-relay svc
!
interface Serial1/1
 no ip address
 shutdown
 serial restart-delay 0
!
interface Serial1/2
 no ip address
 shutdown
 serial restart-delay 0
!
interface Serial1/3
 no ip address
 shutdown
 serial restart-delay 0
!
!
ip http server
no ip http secure-server
ip forward-protocol nd
!
!
!
!
!
!
!
control-plane
 --More--
*Mar  1 00:11:53.815: *LAPF Serial1/0 Lapf should be up
*Mar  1 00:11:53.815: *LAPF Serial1/0 T203 expired, state = 7
*Mar  1 00:11:53.815: *LAPF Serial1/0 TX -> RR Cmd p/f=1, N(R)= 0
*Mar  1 00:11:53.927: *LAPF Serial1/0 RX <- RR Rsp p/f=1, N(R)= 0
*Mar  1 00:11:53.927: *LAPF Serial1/0 lapf_rr_rej_rnr_8
*Mar  1 00:11:53.927: *LAPF Serial1/0Check sync, V(S)=0 V(A)=0 V(R)=0 N(R!        0
 
Router(config-if)#exit
Router(config)#map-list ?
  WORD  Static map list name
Router(config)#map-list linktest ?
  source-addr  Address of Interface in X121/E164 format
  <cr>
Router(config)#map-list linktest source-addr
*Mar  1 00:12:20.831: *LAPF Serial1/0 RX <- RR Cmd p/f=1, N(R)= 0
*Mar  1 00:12:20.831: *LAPF Serial1/0 lapf_rr_7
*Mar  1 00:12:20.831: *LAPF Serial1/0 TX -> RR Rsp p/f=1, N(R)= 0
*Mar  1 00:12:20.835: *LAPF Serial1/0Check sync, V(S)=0 V(A)=0 V(R)=0 N(R)=0 N(S)=0X121 ?
  X.121 Addr  X121 address
Router(config)#map-list linktest source-addr X121 510401011002 des
Router(config)#map-list linktest source-addr X121 510401011002 dest-addr x
Router(config)#$rce-addr X121 510401011002 dest-addr x121 510401011000
*Mar  1 00:12:47.711: *LAPF Serial1/0 RX <- RR Cmd p/f=1, N(R)= 0
*Mar  1 00:12:47.711: *LAPF Serial1/0 lapf_rr_7
*Mar  1 00:12:47.711: *LAPF Serial1/0 TX -> RR Rsp p/f=1, N(R)= 0
*Mar  1 00:12:47.715: *LAPF Serial1/0Check sync, V(S)=0 V(A)=0 V(R)=0 N(R)=0 N(S)=0
Router(config-map-list)#ip 10.10.10.1 class ?
  WORD  Frame Relay class name
Router(config-map-list)#ip 10.10.10.1 class linktest ?
  IETF       RFC 1490 encapsulation
  broadcast  broadcast
  <cr>
Router(config-map-list)#ip 10.10.10.1 class linktest ietf broad
Router(config-map-list)#exit
Router(config)#do show run
Building configuration...
*Mar  1 00:13:17.791: *LAPF Serial1/0 Lapf should be up
*Mar  1 00:13:17.791: *LAPF Serial1/0 T203 expired, state = 7
*Mar  1 00:13:17.791: *LAPF Serial1/0 TX -> RR Cmd p/f=1, N(R)= 0
*Mar  1 00:13:18.171: *LAPF Serial1/0 RX <- RR Rsp p/f=1, N(R)= 0
*Mar  1 00:13:18.175: *LAPF Serial1/0 lapf_rr_rej_rnr_8
*Mar  1 00:13:18.175: *LAPF Serial1/0Check sync, V(S)=0 V(A)=0 V(R)=0 N(R)=0 N(S)=0
Current configuration : 1173 bytes
!
version 12.4
service timestamps debug datetime msec
service timestamps log datetime msec
no service password-encryption
!
hostname Router
!
boot-start-marker
boot-end-marker
!
!
no aaa new-model
memory-size iomem 5
!
!
ip cef
!
!
multilink bundle-name authenticated
!
!
!
!
!
!
!
!
!
!
!
!
!
!
archive
 log config
  hidekeys
!
!
!
!
!
!
!
!
interface FastEthernet0/0
 no ip address
 shutdown
 duplex auto
 speed auto
!
interface FastEthernet0/1
 no ip address
 shutdown
 duplex auto
 speed auto
!
interface Serial1/0
 ip address 10.10.10.3 255.255.255.224
 encapsulation frame-relay IETF
 map-group linktest
 serial restart-delay 0
 frame-relay lmi-type q933a
 frame-relay svc
!
interface Serial1/1
 no ip address
 shutdown
 serial restart-delay 0
!
interface Serial1/2
 no ip address
 shutdown
 serial restart-delay 0
!
interface Serial1/3
 no ip address
 shutdown
 serial restart-delay 0
!
!
ip http server
no ip http secure-server
ip forward-protocol nd
!
!
!
!
map-list linktest source-addr X121 510401011002 dest-addr X121 510401011000
 ip 10.10.10.1 class linktest broadcast ietf
!
!
!
!
control-plane
!
!
 
Router(config)#map-group ?
% Unrecognized command
Router(config)#map-?
map-class  map-list
Router(config)#map-class linktest ?
% Unrecognized command
Router(config)#map-class frame ?inktest
  <cr>
Router(config)#map-class frame linktest
*Mar  1 00:13:48.175: *LAPF Serial1/0 Lapf should be up
*Mar  1 00:13:48.175: *LAPF Serial1/0 T203 expired, state = 7
*Mar  1 00:13:48.175: *LAPF Serial1/0 TX -> RR Cmd p/f=1, N(R)= 0
*Mar  1 00:13:48.235: *LAPF Serial1/0 RX <- RR Rsp p/f=1, N(R)= 0
*Mar  1 00:13:48.235: *LAPF Serial1/0 lapf_rr_rej_rnr_8
*Mar  1 00:13:48.235: *LAPF Serial1/0Check sync, V(S)=0 V(A)=0 V(R)=0 N(R)=0 N(S)=0
Router(config-map-class)#?
Static maps class configuration commands:
  default         Set a command to its defaults
  exit-class      Exit from static map class configuration mode
  frame-relay     Configure Map parameters
  help            Description of the interactive help system
  no              Negate a command or set its defaults
  service-policy  class-based service policy
Router(config-map-class)#frame ?
  adaptive-shaping   Adaptive traffic rate adjustment, Default = none
  bc                 Committed burst size (Bc), Default = 7000 bits
  be                 Excess burst size (Be), Default = 0 bits
  cir                Committed Information Rate (CIR), Default = 56000 bps
  congestion         Congestion management parameters
  custom-queue-list  VC custom queueing
  end-to-end         Configure frame-relay end-to-end VC parameters
  fair-queue         VC fair queueing
  fecn-adapt         Enable Traffic Shaping reflection of FECN as BECN
  fragment           fragmentation - Requires Frame Relay traffic-shaping to be
                     configured at the interface level
  holdq              Hold queue size for VC
  idle-timer         Idle timeout for a SVC, Default = 120 sec
  interface-queue    PVC interface queue parameters
  ip                 Assign a priority queue for RTP streams
  iphc-profile       Configure IPHC profile
  mincir             Minimum acceptable CIR, Default = CIR/2 bps
  priority-group     VC priority queueing
  tc                 Policing Measurement Interval (Tc)
  traffic-rate       VC traffic rate
  voice              voice options
Router(config-map-class)#frame cir ?
  <1-45000000>  Applied to both Incoming/Outgoing CIR, Bits per second
  in            Incoming CIR
  out           Outgoing CIR
Router(config-map-class)#frame cir 64000
Router(config-map-class)#frame bc 768000
Router(config-map-class)#frame be 128
*Mar  1 00:14:16.395: *LAPF Serial1/0 RX <- RR Cmd p/f=1, N(R)= 0
*Mar  1 00:14:16.395: *LAPF Serial1/0 lapf_rr_7
*Mar  1 00:14:16.395: *LAPF Serial1/0 TX -> RR Rsp p/f=1, N(R)= 0
*Mar  1 00:14:16.399: *LAPF Serial1/0Check sync, V(S)=0 V(A)=0 V(R)=0 N(R)=0 N(S)=000
Router(config-map-class)#frame idle 90
Router(config-map-class)#exit
Router(config)#
*Mar  1 00:14:43.323: *LAPF Serial1/0 RX <- RR Cmd p/f=1, N(R)= 0
*Mar  1 00:14:43.323: *LAPF Serial1/0 lapf_rr_7
*Mar  1 00:14:43.323: *LAPF Serial1/0 TX -> RR Rsp p/f=1, N(R)= 0
*Mar  1 00:14:43.327: *LAPF Serial1/0Check sync, V(S)=0 V(A)=0 V(R)=0 N(R)=0 N(S)=0
*Mar  1 00:14:46.195: *LAPF Serial1/0 RX <- I frame Cmd p/f=0 N(S)=0 N(R)=0
*Mar  1 00:14:46.195:  0x0001 0x0000 0x0802 0x0002 0x0504 0x0388 0xA0CF 0x1902
*Mar  1 00:14:46.199:  0x6080 0x480C 0x090B 0xDC0A 0x30C0 0x0D01 0x800E 0x00E0
*Mar  1 00:14:46.203:  0x6A06 0x0188 0x0244 0x0301 0x6C0E 0x1381 0x3531 0x3034
*Mar  1 00:14:46.207:  0x3031 0x3031 0x3130 0x3030 0x700D 0x9335 0x3130 0x3430
*Mar  1 00:14:46.207:  0x3130 0x3131 0x3030 0x327C 0x0388 0xA0CE 0x7E02 0x0000
*Mar  1 00:14:46.211:
*Mar  1 00:14:46.211: *LAPF Serial1/0 lapf_i_7
*Mar  1 00:14:46.211: *LAPF Serial1/0 DL_DATA_IND
*Mar  1 00:14:46.215: *LAPF Serial1/0Check sync, V(S)=0 V(A)=0 V(R)=1 N(R)=0 N(S)=0
*Mar  1 00:14:46.215:
New Incoming message on Serial1/0:
*Mar  1 00:14:46.215: L3CC IN : Protocol Discriminator is 8
*Mar  1 00:14:46.215: L3CC IN : Call Reference assigned by Remote Side
*Mar  1 00:14:46.219: L3CC IN : Call Reference is 0x2
*Mar  1 00:14:46.219:   Dir: U <-- N, Type: Call Reference, length: 3,  0x0200 0x0205
*Mar  1 00:14:46.219:
Incoming SETUP :
*Mar  1 00:14:46.219:   Dir: U <-- N, Type: Bearer Capability : , length: 5,  0x0403 0x88A0 0xCF19
*Mar  1 00:14:46.223:   Dir: U <-- N, Type: DLCI IE, length: 4,  0x1902 0x6080
*Mar  1 00:14:46.223: L3CC IN: DLCI for call 512
*Mar  1 00:14:46.223:   Dir: U <-- N, Type: FMIF IE , length: 3,  0x090B 0xDC0A
*Mar  1 00:14:46.227:   Dir: U <-- N, Type: Throughput, length: 3,  0x0A30 0xC00D
*Mar  1 00:14:46.227:   Dir: U <-- N, Type: CBS, length: 3,  0x0D01 0x800E
*Mar  1 00:14:46.227:   Dir: U <-- N, Type: EBS, length: 3,  0x0E00 0xE06A
*Mar  1 00:14:46.231: L3CC IN: SETUP MSG :Illegal IE ID of 0x6A
*Mar  1 00:14:46.231:   Dir: U <-- N, Type: Illegal IE, length: 8,  0x6A06 0x0188 0x0244 0x0301
*Mar  1 00:14:46.231:
*Mar  1 00:14:46.231:   Dir: U <-- N, Type: Calling Party IE, length: 16,  0x6C0E 0x1381 0x3531 0x3034
*Mar  1 00:14:46.235:                                    0x3031 0x3031 0x3130 0x3030
*Mar  1 00:14:46.235:
*Mar  1 00:14:46.235:         Calling Party IE: 510401011000, Length: 12
*Mar  1 00:14:46.239:   Dir: U <-- N, Type: Called Party IE, length: 15,  0x700D 0x9335 0x3130 0x3430
*Mar  1 00:14:46.239:                                    0x3130 0x3131 0x3030 0x327C
*Mar  1 00:14:46.239:
*Mar  1 00:14:46.243:   Dir: U <-- N, Type: Low Layer Comp, length: 5,  0x7C03 0x88A0 0xCE7E
*Mar  1 00:14:46.243:   Dir: U <-- N, Type: User-User, length: 4,  0x7E02 0x0000
*Mar  1 00:14:46.243: svc_process_l3_event:Walking table i 0 CS 0
*Mar  1 00:14:46.243: FRU0_Setup : Serial1/0
*Mar  1 00:14:46.243: L3SDL : Ref: 32770, Init : STATE_NULL, Rcvd: MSG_SETUP, Next : STATE_CALL_PRESENT
*Mar  1 00:14:46.247: call id for new call: 1
*Mar  1 00:14:46.247: NLI: Map-list search: Found maplist linktest
*Mar  1 00:14:46.247: daddr.subaddr 0, saddr.subaddr 0, saddr.subaddr 0
*Mar  1 00:14:46.247: saddr.subaddr 0, daddr.subaddr 0, daddr.subaddr 0
*Mar  1 00:14:46.247: NLI: Map-list search: Found maplist linktest
*Mar  1 00:14:46.247: daddr.subaddr 0, saddr.subaddr 0, saddr.subaddr 0
*Mar  1 00:14:46.251: saddr.subaddr 0, daddr.subaddr 0, daddr.subaddr 0
*Mar  1 00:14:46.251: nli_callee_check_llc_params
*Mar  1 00:14:46.251: NLI STATE: NL_CALL_CNF, Call ID 1 state 0
*Mar  1 00:14:46.251: NLI: Walking the event table 1
*Mar  1 00:14:46.251: NLI: Walking the event table 2
*Mar  1 00:14:46.251: NLI: Walking the event table 3
*Mar  1 00:14:46.251: NLI: NLx_CallCnf
*Mar  1 00:14:46.255: NLI: State : STATE_NL_NULL, Event : NL_CALL_CNF, Next : STATE_NL_CALL_CNF
*Mar  1 00:14:46.255: Checking maplist "linktest"
*Mar  1 00:14:46.255: working with maplist "linktest"
*Mar  1 00:14:46.259:
Outgoing MSG_CALL_PROCEEDING
*Mar  1 00:14:46.259:   Dir: U --> N, Type: Prot Disc, length: 1,  0x0800
*Mar  1 00:14:46.259:   Dir: U --> N, Type: Call Ref, length: 3,  0x0280 0x0200
*Mar  1 00:14:46.259:   Dir: U --> N, Type: Message type, length: 1,  0x0200
*Mar  1 00:14:46.263: add_dlci_ie: DLCI = 512
*Mar  1 00:14:46.263:   Dir: U --> N, Type: DLCI, length: 4,  0x1902 0x6080
*Mar  1 00:14:46.263: *LAPF Serial1/0 DL_DATA_REQ -in state 7
*Mar  1 00:14:46.263: *LAPF Serial1/0 pak 65C241EC enqueued
*Mar  1 00:14:46.263: L3SDL : Ref: 32770, Init : STATE_CALL_PRESENT, Rcvd: MSG_SETUP, Next : STATE_INCOMING_CALL_PROC
*Mar  1 00:14:46.267:
Outgoing MSG_CONNECT
*Mar  1 00:14:46.267:   Dir: U --> N, Type: Prot Disc, length: 1,  0x0800
*Mar  1 00:14:46.267:   Dir: U --> N, Type: Call Ref, length: 3,  0x0280 0x0200
*Mar  1 00:14:46.267:   Dir: U --> N, Type: Message type, length: 1,  0x0700
*Mar  1 00:14:46.267: add_dlci_ie: DLCI = 512
*Mar  1 00:14:46.271:   Dir: U --> N, Type: DLCI, length: 4,  0x1902 0x6080
*Mar  1 00:14:46.271:   Dir: U --> N, Type: Link Lyr Core, length: 22,  0x4814 0x090B 0x5C0B 0xDC0A
*Mar  1 00:14:46.271:                                    0x3040 0x30C0 0x0D01 0x0001
*Mar  1 00:14:46.271:                                    0x800E 0x0060 0x00E0
*Mar  1 00:14:46.275:   Dir: U --> N, Type: Connected Party, length: 16,  0x4C0E 0x1380 0x3531 0x3034
*Mar  1 00:14:46.275:                                    0x3031 0x3031 0x3130 0x3032
*Mar  1 00:14:46.275:
*Mar  1 00:14:46.279:   Dir: U --> N, Type: Connected Party Subaddr, length: 4,  0x4D02 0xA000
*Mar  1 00:14:46.279:   Dir: U --> N, Type: User to User, length: 4,  0x7E02 0x0000
*Mar  1 00:14:46.279: *LAPF Serial1/0 DL_DATA_REQ -in state 7
*Mar  1 00:14:46.279: *LAPF Serial1/0 pak 65C25470 enqueued
*Mar  1 00:14:46.279: L3SDL : Ref: 32770, Init : STATE_INCOMING_CALL_PROC, Rcvd: MSG_SETUP, Next : STATE_ACTIVE
*Mar  1 00:14:46.283: *LAPF AckPending
*Mar  1 00:14:46.283: *LAPF Serial1/0 TX -> RR Rsp p/f=0, N(R)= 1
*Mar  1 00:14:46.283: *LAPF Serial1/0 TX -> I frame Cmd p/f=0 N(S)=0 N(R)=1
*Mar  1 00:14:46.287:  0x0001 0x0002 0x0802 0x8002 0x0219 0x0260
*Mar  1 00:14:46.287: *LAPF Serial1/0 TX -> I frame Cmd p/f=0 N(S)=1 N(R)=1
*Mar  1 00:14:46.287:  0x0001 0x0202 0x0802 0x8002 0x0719 0x0260 0x8048 0x1409
*Mar  1 00:14:46.291:  0x0B5C 0x0BDC 0x0A30 0x4030 0xC00D 0x0100 0x0180 0x0E00
*Mar  1 00:14:46.291:  0x6000 0xE04C 0x0E13 0x8035 0x3130 0x3430 0x3130 0x3131
*Mar  1 00:14:46.295:  0x3030 0x324D 0x02A0 0x007E 0x0200
*Mar  1 00:14:46.455: *LAPF Serial1/0 RX <- RR Rsp p/f=0, N(R)= 1
*Mar  1 00:14:46.455: *LAPF Serial1/0 lapf_rr_7
*Mar  1 00:14:46.455: *LAPF Serial1/0Check sync, V(S)=2 V(A)=0 V(R)=1 N(R)=1 N(S)=0
*Mar  1 00:14:46.455: *LAPF Serial1/0 update V(A), nr = 1, va = 0
*Mar  1 00:14:46.495: *LAPF Serial1/0 RX <- RR Rsp p/f=0, N(R)= 2
*Mar  1 00:14:46.495: *LAPF Serial1/0 lapf_rr_7
*Mar  1 00:14:46.495: *LAPF Serial1/0Check sync, V(S)=2 V(A)=1 V(R)=1 N(R)=2 N(S)=0
*Mar  1 00:14:46.495: *LAPF Serial1/0 update V(A), nr = 2, va = 1
*Mar  1 00:14:46.499: FR: fr_encaps: SVC 512 Starting svc_in_idle_timer 90000
*Mar  1 00:14:46.507: FR: fr_encaps: SVC 512 Starting svc_out_idle_timer 90000
*Mar  1 00:14:46.611: FR: fr_encaps: SVC 512 Starting svc_in_idle_timer 90000
*Mar  1 00:14:46.615: FR: fr_encaps: SVC 512 Starting svc_out_idle_timer 90000
*Mar  1 00:14:46.683: FR: fr_encaps: SVC 512 Starting svc_in_idle_timer 90000
*Mar  1 00:14:46.683: FR: fr_encaps: SVC 512 Starting svc_out_idle_timer 90000
*Mar  1 00:14:46.791: FR: fr_encaps: SVC 512 Starting svc_in_idle_timer 90000
*Mar  1 00:14:46.791: FR: fr_encaps: SVC 512 Starting svc_out_idle_timer 90000
*Mar  1 00:14:46.863: FR: fr_encaps: SVC 512 Starting svc_in_idle_timer 90000
*Mar  1 00:14:46.863: FR: fr_encaps: SVC 512 Starting svc_out_idle_timer 90000
Router(config)#do ping 10.10.10.1
Type escape sequence to abort.
Sending 5, 100-byte ICMP Echos to 10.10.10.1, timeout is 2 seconds:
!!!!
*Mar  1 00:15:11.771: FR: fr_encaps: SVC 512 Starting svc_out_idle_timer 90000
*Mar  1 00:15:11.911: FR: fr_encaps: SVC 512 Starting svc_in_idle_timer 90000
*Mar  1 00:15:11.911: FR: fr_encaps: SVC 512 Starting svc_out_idle_timer 90000
*Mar  1 00:15:12.003: FR: fr_encaps: SVC 512 Starting svc_in_idle_timer 90000
*Mar  1 00:15:12.007: FR: fr_encaps: SVC 512 Starting svc_out_idle_timer 90000
*Mar  1 00:15:12.107: FR: fr_encaps: SVC 512 Starting svc_in_idle_timer 90000
*Mar  1 00:15:12.111: FR: fr_encaps: SVC 512 Starting svc_out_idle_timer 90000
*Mar  1 00:15:12.215: FR: fr_encaps: SVC 512 Starting svc_in_idle_timer 90000!
Success rate is 100 percent (5/5), round-trip min/avg/max = 40/97/140 ms
Router(config)#
*Mar  1 00:15:12.219: FR: fr_encaps: SVC 512 Starting svc_out_idle_timer 90000
*Mar  1 00:15:12.259: FR: fr_encaps: SVC 512 Starting svc_in_idle_timer 90000
Router(config)#
*Mar  1 00:15:16.499: *LAPF Serial1/0 Lapf should be up
*Mar  1 00:15:16.499: *LAPF Serial1/0 T203 expired, state = 7
*Mar  1 00:15:16.499: *LAPF Serial1/0 TX -> RR Cmd p/f=1, N(R)= 1
*Mar  1 00:15:16.587: *LAPF Serial1/0 RX <- RR Rsp p/f=1, N(R)= 2
*Mar  1 00:15:16.587: *LAPF Serial1/0 lapf_rr_rej_rnr_8
*Mar  1 00:15:16.587: *LAPF Serial1/0Check sync, V(S)=2 V(A)=2 V(R)=1 N(R)=2 N(S)=0
*Mar  1 00:15:41.995: *LAPF Serial1/0 RX <- RR Cmd p/f=1, N(R)= 2
*Mar  1 00:15:41.995: *LAPF Serial1/0 lapf_rr_7
*Mar  1 00:15:41.995: *LAPF Serial1/0 TX -> RR Rsp p/f=1, N(R)= 1
*Mar  1 00:15:41.999: *LAPF Serial1/0Check sync, V(S)=2 V(A)=2 V(R)=1 N(R)=2 N(S)=0
*Mar  1 00:15:45.795: FR: fr_encaps: SVC 512 Starting svc_in_idle_timer 90000
*Mar  1 00:15:45.799: FR: fr_encaps: SVC 512 Starting svc_out_idle_timer 90000
*Mar  1 00:15:47.859: FR: fr_encaps: SVC 512 Starting svc_in_idle_timer 90000
*Mar  1 00:15:53.059: FR: fr_encaps: SVC 512 Starting svc_in_idle_timer 90000
*Mar  1 00:15:59.299: FR: fr_encaps: SVC 512 Starting svc_in_idle_timer 90000
*Mar  1 00:16:05.215: FR: fr_encaps: SVC 512 Starting svc_in_idle_timer 90000
*Mar  1 00:16:07.695: *LAPF Serial1/0 RX <- RR Cmd p/f=1, N(R)= 2
*Mar  1 00:16:07.695: *LAPF Serial1/0 lapf_rr_7
*Mar  1 00:16:07.695: *LAPF Serial1/0 TX -> RR Rsp p/f=1, N(R)= 1
*Mar  1 00:16:07.699: *LAPF Serial1/0Check sync, V(S)=2 V(A)=2 V(R)=1 N(R)=2 N(S)=0
*Mar  1 00:16:11.447: FR: fr_encaps: SVC 512 Starting svc_in_idle_timer 90000
*Mar  1 00:16:17.443: FR: fr_encaps: SVC 512 Starting svc_in_idle_timer 90000
Router(config)#ip route 10.
*Mar  1 00:16:24.127: FR: fr_encaps: SVC 512 Starting svc_in_idle_timer 90000
*Mar  1 00:16:24.131: FR: fr_encaps: SVC 512 Starting svc_out_idle_timer 9000010.10.2
*Mar  1 00:16:26.623: FR: fr_encaps: SVC 512 Starting svc_in_idle_timer 90000 255.255.255.255
*Mar  1 00:16:33.519: FR: fr_encaps: SVC 512 Starting svc_in_idle_timer 90000
*Mar  1 00:16:35.611: *LAPF Serial1/0 RX <- RR Cmd p/f=1, N(R)= 2
*Mar  1 00:16:35.615: *LAPF Serial1/0 lapf_rr_7
*Mar  1 00:16:35.615: *LAPF Serial1/0 TX -> RR Rsp p/f=1, N(R)= 1
*Mar  1 00:16:35.615: *LAPF Serial1/0Check sync, V(S)=2 V(A)=2 V(R)=1 N(R)=2 N(S)=0
*Mar  1 00:16:39.911: FR: fr_encaps: SVC 512 Starting svc_in_idle_timer 90000?
  A.B.C.D            Forwarding router's address
  Async              Async interface
  BVI                Bridge-Group Virtual Interface
  CDMA-Ix            CDMA Ix interface
  CTunnel            CTunnel interface
  DHCP               Default Gateway obtained from DHCP
  Dialer             Dialer interface
  FastEthernet       FastEthernet IEEE 802.3
  Lex                Lex interface
  Loopback           Loopback interface
  MFR                Multilink Frame Relay bundle interface
  Multilink          Multilink-group interface
  Null               Null interface
  Port-channel       Ethernet Channel of interfaces
  Serial             Serial
  Tunnel             Tunnel interface
  Vif                PGM Multicast Host interface
  Virtual-PPP        Virtual PPP interface
  Virtual-TokenRing  Virtual TokenRing
  vmi                Virtual Multipoint Interface
Router(config)#ip route 10.10.10.2 255.255.255.255 10.10.10.
*Mar  1 00:16:46.867: FR: fr_encaps: SVC 512 Starting svc_in_idle_timer 900001
Router(config)#do ping 10.10.10.1
*Mar  1 00:16:54.035: FR: fr_encaps: SVC 512 Starting svc_in_idle_timer 90002
Type escape sequence to abort.
Sending 5, 100-byte ICMP Echos to 10.10.10.2, timeout is 2 seconds:
!!!!!
Success rate is 100 percent (5/5), round-trip min/avg/max = 72/109/144 ms
Router(config)#
*Mar  1 00:16:57.819: FR: fr_encaps: SVC 512 Starting svc_out_idle_timer 90000
*Mar  1 00:16:57.923: FR: fr_encaps: SVC 512 Starting svc_in_idle_timer 90000
*Mar  1 00:16:57.959: FR: fr_encaps: SVC 512 Starting svc_in_idle_timer 90000
*Mar  1 00:16:57.963: FR: fr_encaps: SVC 512 Starting svc_out_idle_timer 90000
*Mar  1 00:16:58.075: FR: fr_encaps: SVC 512 Starting svc_in_idle_timer 90000
*Mar  1 00:16:58.079: FR: fr_encaps: SVC 512 Starting svc_out_idle_timer 90000
*Mar  1 00:16:58.179: FR: fr_encaps: SVC 512 Starting svc_in_idle_timer 90000
*Mar  1 00:16:58.187: FR: fr_encaps: SVC 512 Starting svc_out_idle_timer 90000
*Mar  1 00:16:58.295: FR: fr_encaps: SVC 512 Starting svc_in_idle_timer 90000
*Mar  1 00:16:58.299: FR: fr_encaps: SVC 512 Starting svc_out_idle_timer 90000
*Mar  1 00:16:58.371: FR: fr_encaps: SVC 512 Starting svc_in_idle_timer 90000
*Mar  1 00:17:01.007: FR: fr_encaps: SVC 512 Starting svc_in_idle_timer 90000
*Mar  1 00:17:04.467: *LAPF Serial1/0 RX <- RR Cmd p/f=1, N(R)= 2
*Mar  1 00:17:04.467: *LAPF Serial1/0 lapf_rr_7
*Mar  1 00:17:04.471: *LAPF Serial1/0 TX -> RR Rsp p/f=1, N(R)= 1
*Mar  1 00:17:04.471: *LAPF Serial1/0Check sync, V(S)=2 V(A)=2 V(R)=1 N(R)=2 N(S)=0
*Mar  1 00:17:07.339: FR: fr_encaps: SVC 512 Starting svc_in_idle_timer 90000
*Mar  1 00:17:07.343: FR: fr_encaps: SVC 512 Starting svc_out_idle_timer 90000
*Mar  1 00:17:09.427: FR: fr_encaps: SVC 512 Starting svc_in_idle_timer 90000
*Mar  1 00:17:11.671: FR: fr_encaps: SVC 512 Starting svc_in_idle_timer 90000
*Mar  1 00:17:11.675: FR: fr_encaps: SVC 512 Starting svc_out_idle_timer 90000
*Mar  1 00:17:11.751: FR: fr_encaps: SVC 512 Starting svc_in_idle_timer 90000
*Mar  1 00:17:11.751: FR: fr_encaps: SVC 512 Starting svc_out_idle_timer 90000
*Mar  1 00:17:11.855: FR: fr_encaps: SVC 512 Starting svc_in_idle_timer 90000
*Mar  1 00:17:11.859: FR: fr_encaps: SVC 512 Starting svc_out_idle_timer 90000
*Mar  1 00:17:11.927: FR: fr_encaps: SVC 512 Starting svc_in_idle_timer 90000
*Mar  1 00:17:11.931: FR: fr_encaps: SVC 512 Starting svc_out_idle_timer 90000
*Mar  1 00:17:12.035: FR: fr_encaps: SVC 512 Starting svc_in_idle_timer 90000
*Mar  1 00:17:12.035: FR: fr_encaps: SVC 512 Starting svc_out_idle_timer 90000
*Mar  1 00:17:15.915: FR: fr_encaps: SVC 512 Starting svc_in_idle_timer 90000
*Mar  1 00:17:22.407: FR: fr_encaps: SVC 512 Starting svc_in_idle_timer 90000
*Mar  1 00:17:28.755: FR: fr_encaps: SVC 512 Starting svc_in_idle_timer 90000
*Mar  1 00:17:31.819: *LAPF Serial1/0 RX <- RR Cmd p/f=1, N(R)= 2
*Mar  1 00:17:31.819: *LAPF Serial1/0 lapf_rr_7
*Mar  1 00:17:31.819: *LAPF Serial1/0 TX -> RR Rsp p/f=1, N(R)= 1
*Mar  1 00:17:31.823: *LAPF Serial1/0Check sync, V(S)=2 V(A)=2 V(R)=1 N(R)=2 N(S)=0
*Mar  1 00:17:35.063: FR: fr_encaps: SVC 512 Starting svc_in_idle_timer 90000
*Mar  1 00:17:41.031: FR: fr_encaps: SVC 512 Starting svc_in_idle_timer 90000
*Mar  1 00:17:47.155: FR: fr_encaps: SVC 512 Starting svc_in_idle_timer 90000
*Mar  1 00:17:47.159: FR: fr_encaps: SVC 512 Starting svc_out_idle_timer 90000
*Mar  1 00:17:49.371: FR: fr_encaps: SVC 512 Starting svc_in_idle_timer 90000
*Mar  1 00:17:54.743: FR: fr_encaps: SVC 512 Starting svc_in_idle_timer 90000
*Mar  1 00:17:55.823: FR: fr_encaps: SVC 512 Starting svc_in_idle_timer 90000
*Mar  1 00:17:55.827: FR: fr_encaps: SVC 512 Starting svc_out_idle_timer 90000
*Mar  1 00:17:57.619: *LAPF Serial1/0 RX <- RR Cmd p/f=1, N(R)= 2
*Mar  1 00:17:57.619: *LAPF Serial1/0 lapf_rr_7
*Mar  1 00:17:57.619: *LAPF Serial1/0 TX -> RR Rsp p/f=1, N(R)= 1
*Mar  1 00:17:57.623: *LAPF Serial1/0Check sync, V(S)=2 V(A)=2 V(R)=1 N(R)=2 N(S)=0
*Mar  1 00:18:00.451: FR: fr_encaps: SVC 512 Starting svc_in_idle_timer 90000
*Mar  1 00:18:06.627: FR: fr_encaps: SVC 512 Starting svc_in_idle_timer 90000
*Mar  1 00:18:12.987: FR: fr_encaps: SVC 512 Starting svc_in_idle_timer 90000
*Mar  1 00:18:15.091: FR: fr_encaps: SVC 512 Starting svc_in_idle_timer 90000
*Mar  1 00:18:15.091: FR: fr_encaps: SVC 512 Starting svc_out_idle_timer 90000
*Mar  1 00:18:15.231: FR: fr_encaps: SVC 512 Starting svc_in_idle_timer 90000
*Mar  1 00:18:19.431: FR: fr_encaps: SVC 512 Starting svc_in_idle_timer 90000
*Mar  1 00:18:24.139: *LAPF Serial1/0 RX <- RR Cmd p/f=1, N(R)= 2
*Mar  1 00:18:24.139: *LAPF Serial1/0 lapf_rr_7
*Mar  1 00:18:24.139: *LAPF Serial1/0 TX -> RR Rsp p/f=1, N(R)= 1
*Mar  1 00:18:24.143: *LAPF Serial1/0Check sync, V(S)=2 V(A)=2 V(R)=1 N(R)=2 N(S)=0
*Mar  1 00:18:25.683: FR: fr_encaps: SVC 512 Starting svc_in_idle_timer 90000
*Mar  1 00:18:25.687: FR: fr_encaps: SVC 512 Starting svc_out_idle_timer 90000
*Mar  1 00:18:27.939: FR: fr_encaps: SVC 512 Starting svc_in_idle_timer 90000
*Mar  1 00:18:33.919: FR: fr_encaps: SVC 512 Starting svc_in_idle_timer 90000
*Mar  1 00:18:40.131: FR: fr_encaps: SVC 512 Starting svc_in_idle_timer 90000
*Mar  1 00:18:46.191: FR: fr_encaps: SVC 512 Starting svc_in_idle_timer 90000
*Mar  1 00:18:49.655: *LAPF Serial1/0 RX <- RR Cmd p/f=1, N(R)= 2
*Mar  1 00:18:49.655: *LAPF Serial1/0 lapf_rr_7
*Mar  1 00:18:49.655: *LAPF Serial1/0 TX -> RR Rsp p/f=1, N(R)= 1
*Mar  1 00:18:49.659: *LAPF Serial1/0Check sync, V(S)=2 V(A)=2 V(R)=1 N(R)=2 N(S)=0
*Mar  1 00:18:52.443: FR: fr_encaps: SVC 512 Starting svc_in_idle_timer 90000
*Mar  1 00:18:58.491: FR: fr_encaps: SVC 512 Starting svc_in_idle_timer 90000
*Mar  1 00:19:14.395: *LAPF Serial1/0 RX <- RR Cmd p/f=1, N(R)= 2
*Mar  1 00:19:14.395: *LAPF Serial1/0 lapf_rr_7
*Mar  1 00:19:14.395: *LAPF Serial1/0 TX -> RR Rsp p/f=1, N(R)= 1
*Mar  1 00:19:14.399: *LAPF Serial1/0Check sync, V(S)=2 V(A)=2 V(R)=1 N(R)=2 N(S)=0
Router(config)#do trace 10.10.10.2
Type escape sequence to abort.
Tracing the route to
*Mar  1 00:19:41.747: *LAPF Serial1/0 RX <- RR Cmd p/f=1, N(R)= 2
*Mar  1 00:19:41.747: *LAPF Serial1/0 lapf_rr_7
*Mar  1 00:19:41.747: *LAPF Serial1/0 TX -> RR Rsp p/f=1, N(R)= 1
*Mar  1 00:19:41.751: *LAPF Serial1/0Check sync, V(S)=2 V(A)=2 V(R)=1 N(R)=2 N(S)=0
*Mar  1 00:19:42.559: FR: fr_encaps: SVC 512 Starting svc_out_idle_timer 90000
*Mar  1 00:19:45.559: FR: fr_encaps: SVC 512 Starting svc_out_idle_timer 90000
*Mar  1 00:19:48.563: FR: fr_encaps: SVC 512 Starting svc_out_idle_timer 9000010.10.10.2
  1
*Mar  1 00:19:50.995: FR: fr_encaps: SVC 512 Starting svc_in_idle_timer 90000
*Mar  1 00:19:50.999: FR: fr_encaps: SVC 512 Starting svc_out_idle_timer 90000
*Mar  1 00:19:51.035: FR: fr_encaps: SVC 512 Starting svc_in_idle_timer 90000
*Mar  1 00:19:51.035: FR: fr_encaps: SVC 512 Starting svc_out_idle_timer 90000
*Mar  1 00:19:51.071: FR: fr_encaps: SVC 512 Starting svc_in_idle_timer 90000
*Mar  1 00:19:51.071: FR: fr_encaps: SVC 512 Starting svc_out_idle_timer 90000
*Mar  1 00:19:51.107: FR: fr_encaps: SVC 512 Starting svc_in_idle_timer 90000
*Mar  1 00:19:51.111: FR: fr_encaps: SVC 512 Starting svc_out_idle_timer 90000
*Mar  1 00:19:51.147: FR: fr_encaps: SVC 512 Starting svc_in_idle_timer 90000
*Mar  1 00:19:51.147: FR: fr_encaps: SVC 512 Starting svc_out_idle_timer 90000
*Mar  1 00:19:51.567: FR: fr_encaps: SVC 512 Starting svc_out_idle_timer 90000
*Mar  1 00:19:51.647: FR: fr_encaps: SVC 512 Starting svc_in_idle_timer 90000
*Mar  1 00:19:51.655: FR: fr_encaps: SVC 512 Starting svc_out_idle_timer 90000
*Mar  1 00:19:52.503: FR: fr_encaps: SVC 512 Starting svc_in_idle_timer 90000
*Mar  1 00:19:52.503: FR: fr_encaps: SVC 512 Starting svc_out_idle_timer 90000
*Mar  1 00:19:54.655: FR: fr_encaps: SVC 512 Starting svc_out_idle_timer 90000
*Mar  1 00:19:55.299: *LAPF Serial1/0 RX <- RR Cmd p/f=1, N(R)= 2
*Mar  1 00:19:55.299: *LAPF Serial1/0 lapf_rr_7
*Mar  1 00:19:55.299: *LAPF Serial1/0 TX -> RR Rsp p/f=1, N(R)= 1
*Mar  1 00:19:55.303: *LAPF Serial1/0Check sync, V(S)=2 V(A)=2 V(R)=1 N(R)=2 N(S)=0
*Mar  1 00:19:57.659: FR: fr_encaps: SVC 512 Starting svc_out_idle_timer 9000010.10.10.1 84 msec 108 msec 72 msec
  2
*Mar  1 00:20:00.667: FR: fr_encaps: SVC 512 Starting svc_out_idle_timer 90000
*Mar  1 00:20:00.775: FR: fr_encaps: SVC 512 Starting svc_in_idle_timer 90000
*Mar  1 00:20:00.779: FR: fr_encaps: SVC 512 Starting svc_out_idle_timer 90000
*Mar  1 00:20:00.847: FR: fr_encaps: SVC 512 Starting svc_in_idle_timer 90000
*Mar  1 00:20:00.851: FR: fr_encaps: SVC 512 Starting svc_out_idle_timer 90000
*Mar  1 00:20:00.935: FR: fr_encaps: SVC 512 Starting svc_in_idle_timer 90000
*Mar  1 00:20:00.939: FR: fr_encaps: SVC 512 Starting svc_out_idle_timer 90000
*Mar  1 00:20:02.283: FR: fr_encaps: SVC 512 Starting svc_in_idle_timer 90000
*Mar  1 00:20:02.287: FR: fr_encaps: SVC 512 Starting svc_out_idle_timer 90000
*Mar  1 00:20:02.351: FR: fr_encaps: SVC 512 Starting svc_in_idle_timer 90000
*Mar  1 00:20:03.943: FR: fr_encaps: SVC 512 Starting svc_out_idle_timer 90000
*Mar  1 00:20:06.947: FR: fr_encaps: SVC 512 Starting svc_out_idle_timer 90000
*Mar  1 00:20:08.383: *LAPF Serial1/0 RX <- RR Cmd p/f=1, N(R)= 2
*Mar  1 00:20:08.383: *LAPF Serial1/0 lapf_rr_7
*Mar  1 00:20:08.383: *LAPF Serial1/0 TX -> RR Rsp p/f=1, N(R)= 1
*Mar  1 00:20:08.387: *LAPF Serial1/0Check sync, V(S)=2 V(A)=2 V(R)=1 N(R)=2 N(S)=010.10.10.2 84 msec 104 msec
*Mar  1 00:20:09.951: FR: fr_encaps: SVC 512 Starting svc_out_idle_timer 90000
*Mar  1 00:20:10.051: FR: fr_encaps: SVC 512 Starting svc_in_idle_timer 90000
*Mar  1 00:20:10.055: FR: fr_encaps: SVC 512 Starting svc_out_idle_timer 90000 *
Router(config)#do trace 10.10.10.2
Type escape sequence to abort.
Tracing the route to
*Mar  1 00:20:28.163: FR: fr_encaps: SVC 512 Starting svc_out_idle_timer 90000
*Mar  1 00:20:30.419: *LAPF Serial1/0 RX <- RR Cmd p/f=1, N(R)= 2
*Mar  1 00:20:30.419: *LAPF Serial1/0 lapf_rr_7
*Mar  1 00:20:30.419: *LAPF Serial1/0 TX -> RR Rsp p/f=1, N(R)= 1
*Mar  1 00:20:30.419: *LAPF Serial1/0Check sync, V(S)=2 V(A)=2 V(R)=1 N(R)=2 N(S)=0
*Mar  1 00:20:31.167: FR: fr_encaps: SVC 512 Starting svc_out_idle_timer 90000
*Mar  1 00:20:34.171: FR: fr_encaps: SVC 512 Starting svc_out_idle_timer 9000010.10.10.2
  1
*Mar  1 00:20:37.175: FR: fr_encaps: SVC 512 Starting svc_out_idle_timer 90000
*Mar  1 00:20:37.251: FR: fr_encaps: SVC 512 Starting svc_in_idle_timer 90000
*Mar  1 00:20:37.255: FR: fr_encaps: SVC 512 Starting svc_out_idle_timer 90000
*Mar  1 00:20:40.259: FR: fr_encaps: SVC 512 Starting svc_out_idle_timer 90000
*Mar  1 00:20:43.031: *LAPF Serial1/0 RX <- RR Cmd p/f=1, N(R)= 2
*Mar  1 00:20:43.035: *LAPF Serial1/0 lapf_rr_7
*Mar  1 00:20:43.035: *LAPF Serial1/0 TX -> RR Rsp p/f=1, N(R)= 1
*Mar  1 00:20:43.035: *LAPF Serial1/0Check sync, V(S)=2 V(A)=2 V(R)=1 N(R)=2 N(S)=0
*Mar  1 00:20:43.263: FR: fr_encaps: SVC 512 Starting svc_out_idle_timer 90000
*Mar  1 00:20:43.371: FR: fr_encaps: SVC 512 Starting svc_in_idle_timer 90000
*Mar  1 00:20:43.375: FR: fr_encaps: SVC 512 Starting svc_out_idle_timer 9000010.10.10.1 80 msec 84 msec 72 msec
  2
*Mar  1 00:20:46.267: FR: fr_encaps: SVC 512 Starting svc_out_idle_timer 90000
*Mar  1 00:20:46.347: FR: fr_encaps: SVC 512 Starting svc_in_idle_timer 90000
*Mar  1 00:20:46.351: FR: fr_encaps: SVC 512 Starting svc_out_idle_timer 90000
*Mar  1 00:20:46.419: FR: fr_encaps: SVC 512 Starting svc_in_idle_timer 90000
*Mar  1 00:20:46.427: FR: fr_encaps: SVC 512 Starting svc_out_idle_timer 90000
*Mar  1 00:20:46.563: FR: fr_encaps: SVC 512 Starting svc_in_idle_timer 90000
*Mar  1 00:20:46.567: FR: fr_encaps: SVC 512 Starting svc_out_idle_timer 90000
*Mar  1 00:20:49.571: FR: fr_encaps: SVC 512 Starting svc_out_idle_timer 90000
*Mar  1 00:20:52.575: FR: fr_encaps: SVC 512 Starting svc_out_idle_timer 90000
*Mar  1 00:20:52.923: FR: fr_encaps: SVC 512 Starting svc_in_idle_timer 90000
*Mar  1 00:20:52.927: FR: fr_encaps: SVC 512 Starting svc_out_idle_timer 90000
*Mar  1 00:20:52.979: FR: fr_encaps: SVC 512 Starting svc_in_idle_timer 9000010.10.10.2 144 msec 84 msec
*Mar  1 00:20:55.579: FR: fr_encaps: SVC 512 Starting svc_out_idle_timer 90000
*Mar  1 00:20:55.659: FR: fr_encaps: SVC 512 Starting svc_in_idle_timer 90000
*Mar  1 00:20:55.667: FR: fr_encaps: SVC 512 Starting svc_out_idle_timer 90000
*Mar  1 00:20:56.099: *LAPF Serial1/0 RX <- RR Cmd p/f=1, N(R)= 2
*Mar  1 00:20:56.099: *LAPF Serial1/0 lapf_rr_7
*Mar  1 00:20:56.099: *LAPF Serial1/0 TX -> RR Rsp p/f=1, N(R)= 1
*Mar  1 00:20:56.103: *LAPF Serial1/0Check sync, V(S)=2 V(A)=2 V(R)=1 N(R)=2 N(S)=0 *
Router(config)#
*Mar  1 00:21:22.451: *LAPF Serial1/0 RX <- RR Cmd p/f=1, N(R)= 2
*Mar  1 00:21:22.451: *LAPF Serial1/0 lapf_rr_7
*Mar  1 00:21:22.451: *LAPF Serial1/0 TX -> RR Rsp p/f=1, N(R)= 1
*Mar  1 00:21:22.455: *LAPF Serial1/0Check sync, V(S)=2 V(A)=2 V(R)=1 N(R)=2 N(S)=0
*Mar  1 00:21:47.887: *LAPF Serial1/0 RX <- RR Cmd p/f=1, N(R)= 2
*Mar  1 00:21:47.887: *LAPF Serial1/0 lapf_rr_7
*Mar  1 00:21:47.887: *LAPF Serial1/0 TX -> RR Rsp p/f=1, N(R)= 1
*Mar  1 00:21:47.891: *LAPF Serial1/0Check sync, V(S)=2 V(A)=2 V(R)=1 N(R)=2 N(S)=0
*Mar  1 00:22:01.343: FR: fr_encaps: SVC 512 Starting svc_in_idle_timer 90000
*Mar  1 00:22:01.347: FR: fr_encaps: SVC 512 Starting svc_out_idle_timer 90000
*Mar  1 00:22:01.391: FR: fr_encaps: SVC 512 Starting svc_in_idle_timer 90000
*Mar  1 00:22:01.391: FR: fr_encaps: SVC 512 Starting svc_out_idle_timer 90000
*Mar  1 00:22:01.467: FR: fr_encaps: SVC 512 Starting svc_in_idle_timer 90000
*Mar  1 00:22:01.467: FR: fr_encaps: SVC 512 Starting svc_out_idle_timer 90000
*Mar  1 00:22:01.515: FR: fr_encaps: SVC 512 Starting svc_in_idle_timer 90000
*Mar  1 00:22:01.519: FR: fr_encaps: SVC 512 Starting svc_out_idle_timer 90000
*Mar  1 00:22:01.587: FR: fr_encaps: SVC 512 Starting svc_in_idle_timer 90000
*Mar  1 00:22:01.591: FR: fr_encaps: SVC 512 Starting svc_out_idle_timer 90000
*Mar  1 00:22:14.823: *LAPF Serial1/0 RX <- RR Cmd p/f=1, N(R)= 2
*Mar  1 00:22:14.823: *LAPF Serial1/0 lapf_rr_7
*Mar  1 00:22:14.823: *LAPF Serial1/0 TX -> RR Rsp p/f=1, N(R)= 1
*Mar  1 00:22:14.827: *LAPF Serial1/0Check sync, V(S)=2 V(A)=2 V(R)=1 N(R)=2 N(S)=0
*Mar  1 00:22:36.503: FR: fr_encaps: SVC 512 Starting svc_in_idle_timer 90000
*Mar  1 00:22:36.507: FR: fr_encaps: SVC 512 Starting svc_out_idle_timer 90000
*Mar  1 00:22:40.923: *LAPF Serial1/0 RX <- RR Cmd p/f=1, N(R)= 2
*Mar  1 00:22:40.923: *LAPF Serial1/0 lapf_rr_7
*Mar  1 00:22:40.927: *LAPF Serial1/0 TX -> RR Rsp p/f=1, N(R)= 1
*Mar  1 00:22:40.927: *LAPF Serial1/0Check sync, V(S)=2 V(A)=2 V(R)=1 N(R)=2 N(S)=0
*Mar  1 00:22:55.303: FR: fr_encaps: SVC 512 Starting svc_in_idle_timer 90000
*Mar  1 00:22:55.307: FR: fr_encaps: SVC 512 Starting svc_out_idle_timer 90000
*Mar  1 00:22:55.431: FR: fr_encaps: SVC 512 Starting svc_in_idle_timer 90000
Router(config)#
*Mar  1 00:23:06.791: *LAPF Serial1/0 RX <- RR Cmd p/f=1, N(R)= 2
*Mar  1 00:23:06.791: *LAPF Serial1/0 lapf_rr_7
*Mar  1 00:23:06.791: *LAPF Serial1/0 TX -> RR Rsp p/f=1, N(R)= 1
*Mar  1 00:23:06.795: *LAPF Serial1/0Check sync, V(S)=2 V(A)=2 V(R)=1 N(R)=2 N(S)=0
*Mar  1 00:23:12.263: FR: fr_encaps: SVC 512 Starting svc_in_idle_timer 90000
*Mar  1 00:23:12.267: FR: fr_encaps: SVC 512 Starting svc_out_idle_timer 90000
*Mar  1 00:23:12.371: FR: fr_encaps: SVC 512 Starting svc_in_idle_timer 90000
*Mar  1 00:23:12.371: FR: fr_encaps: SVC 512 Starting svc_out_idle_timer 90000
*Mar  1 00:23:12.443: FR: fr_encaps: SVC 512 Starting svc_in_idle_timer 90000
*Mar  1 00:23:12.447: FR: fr_encaps: SVC 512 Starting svc_out_idle_timer 90000
*Mar  1 00:23:12.519: FR: fr_encaps: SVC 512 Starting svc_in_idle_timer 90000
*Mar  1 00:23:12.519: FR: fr_encaps: SVC 512 Starting svc_out_idle_timer 90000
*Mar  1 00:23:12.595: FR: fr_encaps: SVC 512 Starting svc_in_idle_timer 90000
*Mar  1 00:23:12.599: FR: fr_encaps: SVC 512 Starting svc_out_idle_timer 90000
Router(config)#do trace 10.10.10.2
Type escape sequence to abort.
Tracing the route to
*Mar  1 00:23:18.811: FR: fr_encaps: SVC 512 Starting svc_out_idle_timer 90000
*Mar  1 00:23:21.815: FR: fr_encaps: SVC 512 Starting svc_out_idle_timer 90000
*Mar  1 00:23:24.819: FR: fr_encaps: SVC 512 Starting svc_out_idle_timer 90000
*Mar  1 00:23:25.991: *LAPF Serial1/0 RX <- RR Cmd p/f=1, N(R)= 2
*Mar  1 00:23:25.991: *LAPF Serial1/0 lapf_rr_7
*Mar  1 00:23:25.995: *LAPF Serial1/0 TX -> RR Rsp p/f=1, N(R)= 1
*Mar  1 00:23:25.995: *LAPF Serial1/0Check sync, V(S)=2 V(A)=2 V(R)=1 N(R)=2 N(S)=010.10.10.2
  1
*Mar  1 00:23:27.827: FR: fr_encaps: SVC 512 Starting svc_out_idle_timer 90000
*Mar  1 00:23:27.931: FR: fr_encaps: SVC 512 Starting svc_in_idle_timer 90000
*Mar  1 00:23:27.935: FR: fr_encaps: SVC 512 Starting svc_out_idle_timer 90000
*Mar  1 00:23:30.939: FR: fr_encaps: SVC 512 Starting svc_out_idle_timer 90000
*Mar  1 00:23:32.963: FR: fr_encaps: SVC 512 Starting svc_in_idle_timer 90000
*Mar  1 00:23:32.967: FR: fr_encaps: SVC 512 Starting svc_out_idle_timer 90000
*Mar  1 00:23:33.943: FR: fr_encaps: SVC 512 Starting svc_out_idle_timer 9000010.10.10.1 108 msec 76 msec 72 msec
  2
*Mar  1 00:23:36.947: FR: fr_encaps: SVC 512 Starting svc_out_idle_timer 90000
*Mar  1 00:23:37.023: FR: fr_encaps: SVC 512 Starting svc_in_idle_timer 90000
*Mar  1 00:23:37.027: FR: fr_encaps: SVC 512 Starting svc_out_idle_timer 90000
*Mar  1 00:23:37.099: FR: fr_encaps: SVC 512 Starting svc_in_idle_timer 90000
*Mar  1 00:23:37.103: FR: fr_encaps: SVC 512 Starting svc_out_idle_timer 90000
*Mar  1 00:23:37.203: FR: fr_encaps: SVC 512 Starting svc_in_idle_timer 90000
*Mar  1 00:23:37.211: FR: fr_encaps: SVC 512 Starting svc_out_idle_timer 90000
*Mar  1 00:23:39.179: *LAPF Serial1/0 RX <- RR Cmd p/f=1, N(R)= 2
*Mar  1 00:23:39.179: *LAPF Serial1/0 lapf_rr_7
*Mar  1 00:23:39.179: *LAPF Serial1/0 TX -> RR Rsp p/f=1, N(R)= 1
*Mar  1 00:23:39.183: *LAPF Serial1/0Check sync, V(S)=2 V(A)=2 V(R)=1 N(R)=2 N(S)=0
*Mar  1 00:23:40.215: FR: fr_encaps: SVC 512 Starting svc_out_idle_timer 90000
*Mar  1 00:23:42.067: FR: fr_encaps: SVC 512 Starting svc_in_idle_timer 90000
*Mar  1 00:23:42.071: FR: fr_encaps: SVC 512 Starting svc_out_idle_timer 90000
*Mar  1 00:23:42.119: FR: fr_encaps: SVC 512 Starting svc_in_idle_timer 90000
*Mar  1 00:23:43.219: FR: fr_encaps: SVC 512 Starting svc_out_idle_timer 9000010.10.10.2 104 msec 116 msec
*Mar  1 00:23:46.227: FR: fr_encaps: SVC 512 Starting svc_out_idle_timer 90000
*Mar  1 00:23:46.335: FR: fr_encaps: SVC 512 Starting svc_in_idle_timer 90000
*Mar  1 00:23:46.339: FR: fr_encaps: SVC 512 Starting svc_out_idle_timer 90000 *
Router(config)#do
*Mar  1 00:23:58.391: *LAPF Serial1/0 RX <- RR Cmd p/f=1, N(R)= 2
*Mar  1 00:23:58.391: *LAPF Serial1/0 lapf_rr_7
*Mar  1 00:23:58.391: *LAPF Serial1/0 TX -> RR Rsp p/f=1, N(R)= 1
*Mar  1 00:23:58.395: *LAPF Serial1/0Check sync, V(S)=2 V(A)=2 V(R)=1 N(R)=2 N(S)=0ping 10.10.10.1
Type escape sequence to abort.
Sending 5, 100-byte ICMP Echos to 10.10.10.1, timeout is 2 seconds:
!!!!!
Success rate is 100 percent (5/5), round-trip min/avg/max = 72/101/124 ms
Router(config)#
*Mar  1 00:24:03.527: FR: fr_encaps: SVC 512 Starting svc_out_idle_timer 90000
*Mar  1 00:24:03.647: FR: fr_encaps: SVC 512 Starting svc_in_idle_timer 90000
*Mar  1 00:24:03.651: FR: fr_encaps: SVC 512 Starting svc_out_idle_timer 90000
*Mar  1 00:24:03.751: FR: fr_encaps: SVC 512 Starting svc_in_idle_timer 90000
*Mar  1 00:24:03.755: FR: fr_encaps: SVC 512 Starting svc_out_idle_timer 90000
*Mar  1 00:24:03.823: FR: fr_encaps: SVC 512 Starting svc_in_idle_timer 90000
*Mar  1 00:24:03.831: FR: fr_encaps: SVC 512 Starting svc_out_idle_timer 90000
*Mar  1 00:24:03.931: FR: fr_encaps: SVC 512 Starting svc_in_idle_timer 90000
*Mar  1 00:24:03.935: FR: fr_encaps: SVC 512 Starting svc_out_idle_timer 90000
*Mar  1 00:24:04.035: FR: fr_encaps: SVC 512 Starting svc_in_idle_timer 90000do
*Mar  1 00:24:26.167: *LAPF Serial1/0 RX <- RR Cmd p/f=1, N(R)= 2
*Mar  1 00:24:26.167: *LAPF Serial1/0 lapf_rr_7
*Mar  1 00:24:26.167: *LAPF Serial1/0 TX -> RR Rsp p/f=1, N(R)= 1
*Mar  1 00:24:26.171: *LAPF Serial1/0Check sync, V(S)=2 V(A)=2 V(R)=1 N(R)=2 N(S)=0write
Building configuration...
[OK]
Router(config)#
*Mar  1 00:24:56.171: *LAPF Serial1/0 Lapf should be up
*Mar  1 00:24:56.171: *LAPF Serial1/0 T203 expired, state = 7
*Mar  1 00:24:56.171: *LAPF Serial1/0 TX -> RR Cmd p/f=1, N(R)= 1
*Mar  1 00:24:56.307: *LAPF Serial1/0 RX <- RR Rsp p/f=1, N(R)= 2
*Mar  1 00:24:56.307: *LAPF Serial1/0 lapf_rr_rej_rnr_8
*Mar  1 00:24:56.307: *LAPF Serial1/0Check sync, V(S)=2 V(A)=2 V(R)=1 N(R)=2 N(S)=0
Router(config)#do ping 10.10.10.1
Type escape sequence to abort.
Sending 5, 100-byte ICMP Echos to 10.10.10.1, timeout is 2 seconds:
!!!!!
Success rate is 100 percent (5/5), round-trip min/avg/max = 72/92/112 ms
Router(config)#
*Mar  1 00:25:06.815: FR: fr_encaps: SVC 512 Starting svc_out_idle_timer 90000
*Mar  1 00:25:06.923: FR: fr_encaps: SVC 512 Starting svc_in_idle_timer 90000
*Mar  1 00:25:06.927: FR: fr_encaps: SVC 512 Starting svc_out_idle_timer 90000
*Mar  1 00:25:07.011: FR: fr_encaps: SVC 512 Starting svc_in_idle_timer 90000
*Mar  1 00:25:07.015: FR: fr_encaps: SVC 512 Starting svc_out_idle_timer 90000
*Mar  1 00:25:07.123: FR: fr_encaps: SVC 512 Starting svc_in_idle_timer 90000
*Mar  1 00:25:07.127: FR: fr_encaps: SVC 512 Starting svc_out_idle_timer 90000
*Mar  1 00:25:07.199: FR: fr_encaps: SVC 512 Starting svc_in_idle_timer 90000
*Mar  1 00:25:07.203: FR: fr_encaps: SVC 512 Starting svc_out_idle_timer 90000
*Mar  1 00:25:07.275: FR: fr_encaps: SVC 512 Starting svc_in_idle_timer 90000
*Mar  1 00:25:16.107: FR: fr_encaps: SVC 512 Starting svc_in_idle_timer 90000
*Mar  1 00:25:16.107: FR: fr_encaps: SVC 512 Starting svc_out_idle_timer 90000
*Mar  1 00:25:16.167: FR: fr_encaps: SVC 512 Starting svc_in_idle_timer 90000
*Mar  1 00:25:16.167: FR: fr_encaps: SVC 512 Starting svc_out_idle_timer 90000
*Mar  1 00:25:16.239: FR: fr_encaps: SVC 512 Starting svc_in_idle_timer 90000
*Mar  1 00:25:16.239: FR: fr_encaps: SVC 512 Starting svc_out_idle_timer 90000
*Mar  1 00:25:16.311: FR: fr_encaps: SVC 512 Starting svc_in_idle_timer 90000
*Mar  1 00:25:16.311: FR: fr_encaps: SVC 512 Starting svc_out_idle_timer 90000
*Mar  1 00:25:16.383: FR: fr_encaps: SVC 512 Starting svc_in_idle_timer 90000
*Mar  1 00:25:16.387: FR: fr_encaps: SVC 512 Starting svc_out_idle_timer 90000
Router(config)#do write
*Mar  1 00:25:23.983: *LAPF Serial1/0 RX <- RR Cmd p/f=1, N(R)= 2
*Mar  1 00:25:23.983: *LAPF Serial1/0 lapf_rr_7
*Mar  1 00:25:23.983: *LAPF Serial1/0 TX -> RR Rsp p/f=1, N(R)= 1
*Mar  1 00:25:23.987: *LAPF Serial1/0Check sync, V(S)=2 V(A)=2 V(R)=1 N(R)=2 N(S)=0
Building configuration...
[OK]
Router(config)#
*Mar  1 00:25:53.987: *LAPF Serial1/0 Lapf should be up
*Mar  1 00:25:53.987: *LAPF Serial1/0 T203 expired, state = 7
*Mar  1 00:25:53.987: *LAPF Serial1/0 TX -> RR Cmd p/f=1, N(R)= 1
*Mar  1 00:25:54.071: *LAPF Serial1/0 RX <- RR Rsp p/f=1, N(R)= 2
*Mar  1 00:25:54.071: *LAPF Serial1/0 lapf_rr_rej_rnr_8
*Mar  1 00:25:54.071: *LAPF Serial1/0Check sync, V(S)=2 V(A)=2 V(R)=1 N(R)=2 N(S)=0
*Mar  1 00:26:19.023: *LAPF Serial1/0 RX <- RR Cmd p/f=1, N(R)= 2
*Mar  1 00:26:19.023: *LAPF Serial1/0 lapf_rr_7
*Mar  1 00:26:19.023: *LAPF Serial1/0 TX -> RR Rsp p/f=1, N(R)= 1
*Mar  1 00:26:19.027: *LAPF Serial1/0Check sync, V(S)=2 V(A)=2 V(R)=1 N(R)=2 N(S)=0
*Mar  1 00:26:43.463: *LAPF Serial1/0 RX <- RR Cmd p/f=1, N(R)= 2
*Mar  1 00:26:43.463: *LAPF Serial1/0 lapf_rr_7
*Mar  1 00:26:43.463: *LAPF Serial1/0 TX -> RR Rsp p/f=1, N(R)= 1
*Mar  1 00:26:43.467: *LAPF Serial1/0Check sync, V(S)=2 V(A)=2 V(R)=1 N(R)=2 N(S)=0
*Mar  1 00:26:51.019: *LAPF Serial1/0 RX <- I frame Cmd p/f=0 N(S)=1 N(R)=2
*Mar  1 00:26:51.019:  0x0001 0x0204 0x0802 0x0002 0x4508 0x0282
*Mar  1 00:26:51.023: *LAPF Serial1/0 lapf_i_7
*Mar  1 00:26:51.023: *LAPF Serial1/0 DL_DATA_IND
*Mar  1 00:26:51.023: *LAPF Serial1/0Check sync, V(S)=2 V(A)=2 V(R)=2 N(R)=2 N(S)=1
*Mar  1 00:26:51.023:
New Incoming message on Serial1/0:
*Mar  1 00:26:51.027: L3CC IN : Protocol Discriminator is 8
*Mar  1 00:26:51.027: L3CC IN : Call Reference assigned by Remote Side
*Mar  1 00:26:51.027: L3CC IN : Call Reference is 0x2
*Mar  1 00:26:51.027:   Dir: U <-- N, Type: Call Reference, length: 3,  0x0200 0x0245
*Mar  1 00:26:51.027:
Incoming DISCONNECT :
*Mar  1 00:26:51.031:   Dir: U <-- N, Type: Cause, length: 4,  0x0802 0x8290
*Mar  1 00:26:51.031:                   Cause No.16 : Normal call clearing
*Mar  1 00:26:51.031: svc_process_l3_event:Walking table i 0 CS 10
*Mar  1 00:26:51.031: svc_process_l3_event:Walking table i 1 CS 10
*Mar  1 00:26:51.035: svc_process_l3_event:Walking table i 2 CS 10
*Mar  1 00:26:51.035: svc_process_l3_event:Walking table i 3 CS 10
*Mar  1 00:26:51.035: FRUx_Disconnect : Serial1/0
*Mar  1 00:26:51.035:
Outgoing MSG_RELEASE
*Mar  1 00:26:51.035:   Dir: U --> N, Type: Prot Disc, length: 1,  0x0800
*Mar  1 00:26:51.039:   Dir: U --> N, Type: Call Ref, length: 3,  0x0280 0x0200
*Mar  1 00:26:51.039:   Dir: U --> N, Type: Message type, length: 1,  0x4D00
*Mar  1 00:26:51.039:   Dir: U --> N, Type: Cause, length: 5,  0x0803 0x8090 0x0000
*Mar  1 00:26:51.043:                   Cause No.16 : Normal call clearing
*Mar  1 00:26:51.043: *LAPF Serial1/0 DL_DATA_REQ -in state 7
*Mar  1 00:26:51.043: *LAPF Serial1/0 pak 65C26340 enqueued
*Mar  1 00:26:51.043: L3SDL : Ref: 32770, Init : STATE_ACTIVE, Rcvd: MSG_DISCONNECT, Next : STATE_RELEASE_REQUEST
*Mar  1 00:26:51.047: *LAPF AckPending
*Mar  1 00:26:51.047: *LAPF Serial1/0 TX -> RR Rsp p/f=0, N(R)= 2
*Mar  1 00:26:51.047: *LAPF Serial1/0 TX -> I frame Cmd p/f=0 N(S)=2 N(R)=2
*Mar  1 00:26:51.051:  0x0001 0x0404 0x0802 0x8002 0x4D08 0x0380 0x9000
*Mar  1 00:26:51.319: *LAPF Serial1/0 RX <- I frame Cmd p/f=0 N(S)=2 N(R)=2
*Mar  1 00:26:51.319:  0x0001 0x0404 0x0802 0x0002 0x4D08 0x0282
*Mar  1 00:26:51.323: *LAPF Serial1/0 lapf_i_7
*Mar  1 00:26:51.323: *LAPF Serial1/0 DL_DATA_IND
*Mar  1 00:26:51.323: *LAPF Serial1/0Check sync, V(S)=3 V(A)=2 V(R)=3 N(R)=2 N(S)=2
*Mar  1 00:26:51.327:
New Incoming message on Serial1/0:
*Mar  1 00:26:51.327: L3CC IN : Protocol Discriminator is 8
*Mar  1 00:26:51.327: L3CC IN : Call Reference assigned by Remote Side
*Mar  1 00:26:51.327: L3CC IN : Call Reference is 0x2
*Mar  1 00:26:51.327:   Dir: U <-- N, Type: Call Reference, length: 3,  0x0200 0x024D
*Mar  1 00:26:51.331:
Incoming RELEASE:
*Mar  1 00:26:51.331:   Dir: U <-- N, Type: Cause, length: 4,  0x0802 0x8290
*Mar  1 00:26:51.331:                   Cause No.16 : Normal call clearing
*Mar  1 00:26:51.331: svc_process_l3_event:Walking table i 0 CS 19
*Mar  1 00:26:51.331: svc_process_l3_event:Walking table i 1 CS 19
*Mar  1 00:26:51.335: svc_process_l3_event:Walking table i 2 CS 19
*Mar  1 00:26:51.335: svc_process_l3_event:Walking table i 3 CS 19
*Mar  1 00:26:51.335: svc_process_l3_event:Walking table i 4 CS 19
*Mar  1 00:26:51.335: FRU19_Release Serial1/0
*Mar  1 00:26:51.335:
Outgoing MSG_RELEASE_COMPLETE
*Mar  1 00:26:51.335:   Dir: U --> N, Type: Prot Disc, length: 1,  0x0800
*Mar  1 00:26:51.339:   Dir: U --> N, Type: Call Ref, length: 3,  0x0280 0x0200
*Mar  1 00:26:51.339:   Dir: U --> N, Type: Message type, length: 1,  0x5A00
*Mar  1 00:26:51.339:   Dir: U --> N, Type: Cause, length: 5,  0x0803 0x8090 0x0000
*Mar  1 00:26:51.343:                   Cause No.16 : Normal call clearing
*Mar  1 00:26:51.343: *LAPF Serial1/0 DL_DATA_REQ -in state 7
*Mar  1 00:26:51.343: *LAPF Serial1/0 pak 6616CD7C enqueued
*Mar  1 00:26:51.343: NLI STATE: NL_REL_CNF, Call ID 1 state 3
*Mar  1 00:26:51.347: NLI: Walking the event table 1
*Mar  1 00:26:51.347: NLI: Walking the event table 2
*Mar  1 00:26:51.347: NLI: Walking the event table 3
*Mar  1 00:26:51.347: NLI: Walking the event table 4
*Mar  1 00:26:51.347: NLI: Walking the event table 5
*Mar  1 00:26:51.347: NLI: Walking the event table 6
*Mar  1 00:26:51.351: NLI: Walking the event table 7
*Mar  1 00:26:51.351: NLI: NLx_RelCnf
*Mar  1 00:26:51.351: NLI: State : STATE_NL_CALL_CNF, Event : NL_REL_CNF, Next : STATE_NL_NULL
*Mar  1 00:26:51.351: Serial1/0:clearing 512
*Mar  1 00:26:51.351: %FR DLCI 512 on Serial1/0 is removed
*Mar  1 00:26:51.355: L3SDL : Ref: 32770, Init : STATE_RELEASE_REQUEST, Rcvd: MSG_RELEASE, Next : STATE_NULL
*Mar  1 00:26:51.355: *LAPF AckPending
*Mar  1 00:26:51.359: *LAPF Serial1/0 TX -> RR Rsp p/f=0, N(R)= 3
*Mar  1 00:26:51.359: *LAPF Serial1/0 TX -> I frame Cmd p/f=0 N(S)=3 N(R)=3
*Mar  1 00:26:51.359:  0x0001 0x0606 0x0802 0x8002 0x5A08 0x0380 0x9000
*Mar  1 00:26:51.363: *LAPF Serial1/0 RX <- I frame Cmd p/f=0 N(S)=3 N(R)=3
*Mar  1 00:26:51.367:  0x0001 0x0606 0x0802 0x0002 0x5A08 0x0282
*Mar  1 00:26:51.367: *LAPF Serial1/0 lapf_i_7
*Mar  1 00:26:51.367: *LAPF Serial1/0 DL_DATA_IND
*Mar  1 00:26:51.371: *LAPF Serial1/0Check sync, V(S)=4 V(A)=2 V(R)=4 N(R)=3 N(S)=3
*Mar  1 00:26:51.371: *LAPF Serial1/0 update V(A), nr = 3, va = 2
*Mar  1 00:26:51.371:
New Incoming message on Serial1/0:
*Mar  1 00:26:51.371: L3CC IN : Protocol Discriminator is 8
*Mar  1 00:26:51.375: L3CC IN : Call Reference assigned by Remote Side
*Mar  1 00:26:51.375: L3CC IN : Call Reference is 0x2
*Mar  1 00:26:51.375:   Dir: U <-- N, Type: Call Reference, length: 3,  0x0200 0x025A
*Mar  1 00:26:51.375: *LAPF AckPending
*Mar  1 00:26:51.379: *LAPF Serial1/0 TX -> RR Rsp p/f=0, N(R)= 4
*Mar  1 00:26:51.431: *LAPF Serial1/0 RX <- RR Rsp p/f=0, N(R)= 3
*Mar  1 00:26:51.431: *LAPF Serial1/0 lapf_rr_7
*Mar  1 00:26:51.431: *LAPF Serial1/0Check sync, V(S)=4 V(A)=3 V(R)=4 N(R)=3 N(S)=3
*Mar  1 00:26:51.671: *LAPF Serial1/0 RX <- RR Rsp p/f=0, N(R)= 4
*Mar  1 00:26:51.671: *LAPF Serial1/0 lapf_rr_7
*Mar  1 00:26:51.671: *LAPF Serial1/0Check sync, V(S)=4 V(A)=3 V(R)=4 N(R)=4 N(S)=3
*Mar  1 00:26:51.675: *LAPF Serial1/0 update V(A), nr = 4, va = 3
*Mar  1 00:27:21.675: *LAPF Serial1/0 Lapf should be up
*Mar  1 00:27:21.675: *LAPF Serial1/0 T203 expired, state = 7
*Mar  1 00:27:21.675: *LAPF Serial1/0 TX -> RR Cmd p/f=1, N(R)= 4
*Mar  1 00:27:21.727: *LAPF Serial1/0 RX <- RR Rsp p/f=1, N(R)= 4
*Mar  1 00:27:21.727: *LAPF Serial1/0 lapf_rr_rej_rnr_8
*Mar  1 00:27:21.727: *LAPF Serial1/0Check sync, V(S)=4 V(A)=4 V(R)=4 N(R)=4 N(S)=3
*Mar  1 00:27:46.343: *LAPF Serial1/0 RX <- RR Cmd p/f=1, N(R)= 4
*Mar  1 00:27:46.343: *LAPF Serial1/0 lapf_rr_7
*Mar  1 00:27:46.343: *LAPF Serial1/0 TX -> RR Rsp p/f=1, N(R)= 4
*Mar  1 00:27:46.347: *LAPF Serial1/0Check sync, V(S)=4 V(A)=4 V(R)=4 N(R)=4 N(S)=3
*Mar  1 00:28:10.691: *LAPF Serial1/0 RX <- RR Cmd p/f=1, N(R)= 4
*Mar  1 00:28:10.691: *LAPF Serial1/0 lapf_rr_7
*Mar  1 00:28:10.691: *LAPF Serial1/0 TX -> RR Rsp p/f=1, N(R)= 4
*Mar  1 00:28:10.695: *LAPF Serial1/0Check sync, V(S)=4 V(A)=4 V(R)=4 N(R)=4 N(S)=3
*Mar  1 00:28:35.807: *LAPF Serial1/0 RX <- RR Cmd p/f=1, N(R)= 4
*Mar  1 00:28:35.811: *LAPF Serial1/0 lapf_rr_7
*Mar  1 00:28:35.811: *LAPF Serial1/0 TX -> RR Rsp p/f=1, N(R)= 4
*Mar  1 00:28:35.811: *LAPF Serial1/0Check sync, V(S)=4 V(A)=4 V(R)=4 N(R)=4 N(S)=3
*Mar  1 00:29:00.199: *LAPF Serial1/0 RX <- RR Cmd p/f=1, N(R)= 4
*Mar  1 00:29:00.199: *LAPF Serial1/0 lapf_rr_7
*Mar  1 00:29:00.199: *LAPF Serial1/0 TX -> RR Rsp p/f=1, N(R)= 4
*Mar  1 00:29:00.203: *LAPF Serial1/0Check sync, V(S)=4 V(A)=4 V(R)=4 N(R)=4 N(S)=3
*Mar  1 00:29:25.199: *LAPF Serial1/0 RX <- RR Cmd p/f=1, N(R)= 4
*Mar  1 00:29:25.199: *LAPF Serial1/0 lapf_rr_7
*Mar  1 00:29:25.199: *LAPF Serial1/0 TX -> RR Rsp p/f=1, N(R)= 4
*Mar  1 00:29:25.203: *LAPF Serial1/0Check sync, V(S)=4 V(A)=4 V(R)=4 N(R)=4 N(S)=3
Router(config)#do write
Building configuration...
[OK]
Router(config)#
*Mar  1 00:29:54.323: *LAPF Serial1/0 RX <- RR Cmd p/f=1, N(R)= 4
*Mar  1 00:29:54.323: *LAPF Serial1/0 lapf_rr_7
*Mar  1 00:29:54.323: *LAPF Serial1/0 TX -> RR Rsp p/f=1, N(R)= 4
*Mar  1 00:29:54.327: *LAPF Serial1/0Check sync, V(S)=4 V(A)=4 V(R)=4 N(R)=4 N(S)=3
Router(config)#
*Mar  1 00:30:19.747: *LAPF Serial1/0 RX <- RR Cmd p/f=1, N(R)= 4
*Mar  1 00:30:19.751: *LAPF Serial1/0 lapf_rr_7
*Mar  1 00:30:19.751: *LAPF Serial1/0 TX -> RR Rsp p/f=1, N(R)= 4
*Mar  1 00:30:19.751: *LAPF Serial1/0Check sync, V(S)=4 V(A)=4 V(R)=4 N(R)=4 N(S)=3
*Mar  1 00:30:44.391: *LAPF Serial1/0 RX <- RR Cmd p/f=1, N(R)= 4
*Mar  1 00:30:44.391: *LAPF Serial1/0 lapf_rr_7
*Mar  1 00:30:44.391: *LAPF Serial1/0 TX -> RR Rsp p/f=1, N(R)= 4
*Mar  1 00:30:44.395: *LAPF Serial1/0Check sync, V(S)=4 V(A)=4 V(R)=4 N(R)=4 N(S)=3
*Mar  1 00:31:01.003: *LAPF Serial1/0 RX <- I frame Cmd p/f=0 N(S)=4 N(R)=4
*Mar  1 00:31:01.003:  0x0001 0x0808 0x0802 0x0005 0x0504 0x0388 0xA0CF 0x1902
*Mar  1 00:31:01.007:  0x6080 0x480C 0x090B 0xDC0A 0x30C0 0x0D01 0x800E 0x00E0
*Mar  1 00:31:01.011:  0x6A06 0x0188 0x0244 0x0301 0x6C0E 0x1381 0x3531 0x3034
*Mar  1 00:31:01.011:  0x3031 0x3031 0x3130 0x3030 0x700D 0x9335 0x3130 0x3430
*Mar  1 00:31:01.015:  0x3130 0x3131 0x3030 0x327C 0x0388 0xA0CE 0x7E02 0x0000
*Mar  1 00:31:01.019:
*Mar  1 00:31:01.019: *LAPF Serial1/0 lapf_i_7
*Mar  1 00:31:01.019: *LAPF Serial1/0 DL_DATA_IND
*Mar  1 00:31:01.023: *LAPF Serial1/0Check sync, V(S)=4 V(A)=4 V(R)=5 N(R)=4 N(S)=4
*Mar  1 00:31:01.023:
New Incoming message on Serial1/0:
*Mar  1 00:31:01.023: L3CC IN : Protocol Discriminator is 8
*Mar  1 00:31:01.023: L3CC IN : Call Reference assigned by Remote Side
*Mar  1 00:31:01.027: L3CC IN : Call Reference is 0x5
*Mar  1 00:31:01.027:   Dir: U <-- N, Type: Call Reference, length: 3,  0x0200 0x0505
*Mar  1 00:31:01.027:
Incoming SETUP :
*Mar  1 00:31:01.027:   Dir: U <-- N, Type: Bearer Capability : , length: 5,  0x0403 0x88A0 0xCF19
*Mar  1 00:31:01.031:   Dir: U <-- N, Type: DLCI IE, length: 4,  0x1902 0x6080
*Mar  1 00:31:01.031: L3CC IN: DLCI for call 512
*Mar  1 00:31:01.031:   Dir: U <-- N, Type: FMIF IE , length: 3,  0x090B 0xDC0A
*Mar  1 00:31:01.035:   Dir: U <-- N, Type: Throughput, length: 3,  0x0A30 0xC00D
*Mar  1 00:31:01.035:   Dir: U <-- N, Type: CBS, length: 3,  0x0D01 0x800E
*Mar  1 00:31:01.035:   Dir: U <-- N, Type: EBS, length: 3,  0x0E00 0xE06A
*Mar  1 00:31:01.039: L3CC IN: SETUP MSG :Illegal IE ID of 0x6A
*Mar  1 00:31:01.039:   Dir: U <-- N, Type: Illegal IE, length: 8,  0x6A06 0x0188 0x0244 0x0301
*Mar  1 00:31:01.039:
*Mar  1 00:31:01.039:   Dir: U <-- N, Type: Calling Party IE, length: 16,  0x6C0E 0x1381 0x3531 0x3034
*Mar  1 00:31:01.043:                                    0x3031 0x3031 0x3130 0x3030
*Mar  1 00:31:01.043:
*Mar  1 00:31:01.047:         Calling Party IE: 510401011000, Length: 12
*Mar  1 00:31:01.047:   Dir: U <-- N, Type: Called Party IE, length: 15,  0x700D 0x9335 0x3130 0x3430
*Mar  1 00:31:01.047:                                    0x3130 0x3131 0x3030 0x327C
*Mar  1 00:31:01.047:
*Mar  1 00:31:01.051:   Dir: U <-- N, Type: Low Layer Comp, length: 5,  0x7C03 0x88A0 0xCE7E
*Mar  1 00:31:01.051:   Dir: U <-- N, Type: User-User, length: 4,  0x7E02 0x0000
*Mar  1 00:31:01.051: svc_process_l3_event:Walking table i 0 CS 0
*Mar  1 00:31:01.051: FRU0_Setup : Serial1/0
*Mar  1 00:31:01.051: L3SDL : Ref: 32773, Init : STATE_NULL, Rcvd: MSG_SETUP, Next : STATE_CALL_PRESENT
*Mar  1 00:31:01.055: call id for new call: 2
*Mar  1 00:31:01.055: NLI: Map-list search: Found maplist linktest
*Mar  1 00:31:01.055: daddr.subaddr 0, saddr.subaddr 0, saddr.subaddr 0
*Mar  1 00:31:01.055: saddr.subaddr 0, daddr.subaddr 0, daddr.subaddr 0
*Mar  1 00:31:01.055: NLI: Map-list search: Found maplist linktest
*Mar  1 00:31:01.055: daddr.subaddr 0, saddr.subaddr 0, saddr.subaddr 0
*Mar  1 00:31:01.059: saddr.subaddr 0, daddr.subaddr 0, daddr.subaddr 0
*Mar  1 00:31:01.059: nli_callee_check_llc_params
*Mar  1 00:31:01.059: NLI STATE: NL_CALL_CNF, Call ID 2 state 0
*Mar  1 00:31:01.059: NLI: Walking the event table 1
*Mar  1 00:31:01.059: NLI: Walking the event table 2
*Mar  1 00:31:01.059: NLI: Walking the event table 3
*Mar  1 00:31:01.059: NLI: NLx_CallCnf
*Mar  1 00:31:01.063: NLI: State : STATE_NL_NULL, Event : NL_CALL_CNF, Next : STATE_NL_CALL_CNF
*Mar  1 00:31:01.063: Checking maplist "linktest"
*Mar  1 00:31:01.063: working with maplist "linktest"
*Mar  1 00:31:01.067:
Outgoing MSG_CALL_PROCEEDING
*Mar  1 00:31:01.067:   Dir: U --> N, Type: Prot Disc, length: 1,  0x0800
*Mar  1 00:31:01.067:   Dir: U --> N, Type: Call Ref, length: 3,  0x0280 0x0500
*Mar  1 00:31:01.067:   Dir: U --> N, Type: Message type, length: 1,  0x0200
*Mar  1 00:31:01.067: add_dlci_ie: DLCI = 512
*Mar  1 00:31:01.067:   Dir: U --> N, Type: DLCI, length: 4,  0x1902 0x6080
*Mar  1 00:31:01.071: *LAPF Serial1/0 DL_DATA_REQ -in state 7
*Mar  1 00:31:01.071: *LAPF Serial1/0 pak 65C26AA8 enqueued
*Mar  1 00:31:01.071: L3SDL : Ref: 32773, Init : STATE_CALL_PRESENT, Rcvd: MSG_SETUP, Next : STATE_INCOMING_CALL_PROC
*Mar  1 00:31:01.071:
Outgoing MSG_CONNECT
*Mar  1 00:31:01.071:   Dir: U --> N, Type: Prot Disc, length: 1,  0x0800
*Mar  1 00:31:01.075:   Dir: U --> N, Type: Call Ref, length: 3,  0x0280 0x0500
*Mar  1 00:31:01.075:   Dir: U --> N, Type: Message type, length: 1,  0x0700
*Mar  1 00:31:01.075: add_dlci_ie: DLCI = 512
*Mar  1 00:31:01.075:   Dir: U --> N, Type: DLCI, length: 4,  0x1902 0x6080
*Mar  1 00:31:01.079:   Dir: U --> N, Type: Link Lyr Core, length: 22,  0x4814 0x090B 0x5C0B 0xDC0A
*Mar  1 00:31:01.079:                                    0x3040 0x30C0 0x0D01 0x0001
*Mar  1 00:31:01.079:                                    0x800E 0x0060 0x00E0
*Mar  1 00:31:01.079:   Dir: U --> N, Type: Connected Party, length: 16,  0x4C0E 0x1380 0x3531 0x3034
*Mar  1 00:31:01.083:                                    0x3031 0x3031 0x3130 0x3032
*Mar  1 00:31:01.083:
*Mar  1 00:31:01.083:   Dir: U --> N, Type: Connected Party Subaddr, length: 4,  0x4D02 0xA000
*Mar  1 00:31:01.087:   Dir: U --> N, Type: User to User, length: 4,  0x7E02 0x0000
*Mar  1 00:31:01.087: *LAPF Serial1/0 DL_DATA_REQ -in state 7
*Mar  1 00:31:01.087: *LAPF Serial1/0 pak 6616C9C8 enqueued
*Mar  1 00:31:01.087: L3SDL : Ref: 32773, Init : STATE_INCOMING_CALL_PROC, Rcvd: MSG_SETUP, Next : STATE_ACTIVE
*Mar  1 00:31:01.087: *LAPF AckPending
*Mar  1 00:31:01.091: *LAPF Serial1/0 TX -> RR Rsp p/f=0, N(R)= 5
*Mar  1 00:31:01.091: *LAPF Serial1/0 TX -> I frame Cmd p/f=0 N(S)=4 N(R)=5
*Mar  1 00:31:01.091:  0x0001 0x080A 0x0802 0x8005 0x0219 0x0260
*Mar  1 00:31:01.095: *LAPF Serial1/0 TX -> I frame Cmd p/f=0 N(S)=5 N(R)=5
*Mar  1 00:31:01.095:  0x0001 0x0A0A 0x0802 0x8005 0x0719 0x0260 0x8048 0x1409
*Mar  1 00:31:01.099:  0x0B5C 0x0BDC 0x0A30 0x4030 0xC00D 0x0100 0x0180 0x0E00
*Mar  1 00:31:01.099:  0x6000 0xE04C 0x0E13 0x8035 0x3130 0x3430 0x3130 0x3131
*Mar  1 00:31:01.103:  0x3030 0x324D 0x02A0 0x007E 0x0200
*Mar  1 00:31:01.227: *LAPF Serial1/0 RX <- RR Rsp p/f=0, N(R)= 5
*Mar  1 00:31:01.227: *LAPF Serial1/0 lapf_rr_7
*Mar  1 00:31:01.227: *LAPF Serial1/0Check sync, V(S)=6 V(A)=4 V(R)=5 N(R)=5 N(S)=4
*Mar  1 00:31:01.227: *LAPF Serial1/0 update V(A), nr = 5, va = 4
*Mar  1 00:31:01.299: *LAPF Serial1/0 RX <- RR Rsp p/f=0, N(R)= 6
*Mar  1 00:31:01.299: *LAPF Serial1/0 lapf_rr_7
*Mar  1 00:31:01.299: *LAPF Serial1/0Check sync, V(S)=6 V(A)=5 V(R)=5 N(R)=6 N(S)=4
*Mar  1 00:31:01.299: *LAPF Serial1/0 update V(A), nr = 6, va = 5
*Mar  1 00:31:01.411: FR: fr_encaps: SVC 512 Starting svc_in_idle_timer 90000
*Mar  1 00:31:01.411: FR: fr_encaps: SVC 512 Starting svc_out_idle_timer 90000
*Mar  1 00:31:01.495: FR: fr_encaps: SVC 512 Starting svc_in_idle_timer 90000
*Mar  1 00:31:01.499: FR: fr_encaps: SVC 512 Starting svc_out_idle_timer 90000
*Mar  1 00:31:01.539: FR: fr_encaps: SVC 512 Starting svc_in_idle_timer 90000
*Mar  1 00:31:01.539: FR: fr_encaps: SVC 512 Starting svc_out_idle_timer 90000
*Mar  1 00:31:01.611: FR: fr_encaps: SVC 512 Starting svc_in_idle_timer 90000
*Mar  1 00:31:01.611: FR: fr_encaps: SVC 512 Starting svc_out_idle_timer 90000
*Mar  1 00:31:01.715: FR: fr_encaps: SVC 512 Starting svc_in_idle_timer 90000
*Mar  1 00:31:01.719: FR: fr_encaps: SVC 512 Starting svc_out_idle_timer 90000
*Mar  1 00:31:31.303: *LAPF Serial1/0 Lapf should be up
*Mar  1 00:31:31.303: *LAPF Serial1/0 T203 expired, state = 7
*Mar  1 00:31:31.303: *LAPF Serial1/0 TX -> RR Cmd p/f=1, N(R)= 5
*Mar  1 00:31:31.347: *LAPF Serial1/0 RX <- RR Rsp p/f=1, N(R)= 6
*Mar  1 00:31:31.347: *LAPF Serial1/0 lapf_rr_rej_rnr_8
*Mar  1 00:31:31.347: *LAPF Serial1/0Check sync, V(S)=6 V(A)=6 V(R)=5 N(R)=6 N(S)=4
*Mar  1 00:31:57.015: *LAPF Serial1/0 RX <- RR Cmd p/f=1, N(R)= 6
*Mar  1 00:31:57.019: *LAPF Serial1/0 lapf_rr_7
*Mar  1 00:31:57.019: *LAPF Serial1/0 TX -> RR Rsp p/f=1, N(R)= 5
*Mar  1 00:31:57.019: *LAPF Serial1/0Check sync, V(S)=6 V(A)=6 V(R)=5 N(R)=6 N(S)=4
*Mar  1 00:32:21.955: *LAPF Serial1/0 RX <- RR Cmd p/f=1, N(R)= 6
*Mar  1 00:32:21.955: *LAPF Serial1/0 lapf_rr_7
*Mar  1 00:32:21.955: *LAPF Serial1/0 TX -> RR Rsp p/f=1, N(R)= 5
*Mar  1 00:32:21.959: *LAPF Serial1/0Check sync, V(S)=6 V(A)=6 V(R)=5 N(R)=6 N(S)=4
*Mar  1 00:32:32.863: Idle timer in Periodic expired
*Mar  1 00:32:32.867: NLI: L3 Call Release Req for Call ID 2
*Mar  1 00:32:32.867: NLI STATE: L3_CALL_REL_REQ, Call ID 2 state 3
*Mar  1 00:32:32.867: NLI: Walking the event table 1
*Mar  1 00:32:32.867: NLI: Walking the event table 2
*Mar  1 00:32:32.867: NLI: Walking the event table 3
*Mar  1 00:32:32.867: NLI: Walking the event table 4
*Mar  1 00:32:32.871: NLI: Walking the event table 5
*Mar  1 00:32:32.871: NLI: Walking the event table 6
*Mar  1 00:32:32.871: NLI: Walking the event table 7
*Mar  1 00:32:32.871: NLI: Walking the event table 8
*Mar  1 00:32:32.871: NLI: Walking the event table 9
*Mar  1 00:32:32.871: NLI: Walking the event table 10
*Mar  1 00:32:32.875: NLI: NLx_L3CallRej
*Mar  1 00:32:32.875: Serial1/0:clearing 512
*Mar  1 00:32:32.875: %FR DLCI 512 on Serial1/0 is removed
*Mar  1 00:32:32.875: svc_process_l3_event:Walking table i 0 CS 10
*Mar  1 00:32:32.879: svc_process_l3_event:Walking table i 1 CS 10
*Mar  1 00:32:32.879: svc_process_l3_event:Walking table i 2 CS 10
*Mar  1 00:32:32.879: svc_process_l3_event:Walking table i 3 CS 10
*Mar  1 00:32:32.879: svc_process_l3_event:Walking table i 4 CS 10
*Mar  1 00:32:32.879: svc_process_l3_event:Walking table i 5 CS 10
*Mar  1 00:32:32.883: svc_process_l3_event:Walking table i 6 CS 10
*Mar  1 00:32:32.883: svc_process_l3_event:Walking table i 7 CS 10
*Mar  1 00:32:32.883: svc_process_l3_event:Walking table i 8 CS 10
*Mar  1 00:32:32.883: svc_process_l3_event:Walking table i 9 CS 10
*Mar  1 00:32:32.883: svc_process_l3_event:Walking table i 10 CS 10
*Mar  1 00:32:32.883: FRUx_Idletoolong: Serial1/0
*Mar  1 00:32:32.887:
Outgoing MSG_DISCONNECT
*Mar  1 00:32:32.887:   Dir: U --> N, Type: Prot Disc, length: 1,  0x0800
*Mar  1 00:32:32.887:   Dir: U --> N, Type: Call Ref, length: 3,  0x0280 0x0500
*Mar  1 00:32:32.887:   Dir: U --> N, Type: Message type, length: 1,  0x4500
*Mar  1 00:32:32.891:   Dir: U --> N, Type: Cause, length: 5,  0x0803 0x8090 0x0000
*Mar  1 00:32:32.891:                   Cause No.16 : Normal call clearing
*Mar  1 00:32:32.891: *LAPF Serial1/0 DL_DATA_REQ -in state 7
*Mar  1 00:32:32.895: *LAPF Serial1/0 pak 65C23A84 enqueued
*Mar  1 00:32:32.895: L3SDL : Ref: 2, Init : STATE_ACTIVE, Rcvd: IDLE TIMER EXPIRED, Next : STATE_DISC_REQUEST
*Mar  1 00:32:32.895: *LAPF Serial1/0 TX -> I frame Cmd p/f=0 N(S)=6 N(R)=5
*Mar  1 00:32:32.895:  0x0001 0x0C0A 0x0802 0x8005 0x4508 0x0380 0x9000
*Mar  1 00:32:32.983: *LAPF Serial1/0 RX <- I frame Cmd p/f=0 N(S)=5 N(R)=7
*Mar  1 00:32:32.983:  0x0001 0x0A0E 0x0802 0x0005 0x4D08 0x0282
*Mar  1 00:32:32.987: *LAPF Serial1/0 lapf_i_7
*Mar  1 00:32:32.987: *LAPF Serial1/0 DL_DATA_IND
*Mar  1 00:32:32.987: *LAPF Serial1/0Check sync, V(S)=7 V(A)=6 V(R)=6 N(R)=7 N(S)=5
*Mar  1 00:32:32.987: *LAPF Serial1/0 update V(A), nr = 7, va = 6
*Mar  1 00:32:32.991:
New Incoming message on Serial1/0:
*Mar  1 00:32:32.991: L3CC IN : Protocol Discriminator is 8
*Mar  1 00:32:32.991: L3CC IN : Call Reference assigned by Remote Side
*Mar  1 00:32:32.991: L3CC IN : Call Reference is 0x5
*Mar  1 00:32:32.991:   Dir: U <-- N, Type: Call Reference, length: 3,  0x0200 0x054D
*Mar  1 00:32:32.995:
Incoming RELEASE:
*Mar  1 00:32:32.995:   Dir: U <-- N, Type: Cause, length: 4,  0x0802 0x8290
*Mar  1 00:32:32.995:                   Cause No.16 : Normal call clearing
*Mar  1 00:32:32.995: svc_process_l3_event:Walking table i 0 CS 11
*Mar  1 00:32:32.995: svc_process_l3_event:Walking table i 1 CS 11
*Mar  1 00:32:32.999: svc_process_l3_event:Walking table i 2 CS 11
*Mar  1 00:32:32.999: svc_process_l3_event:Walking table i 3 CS 11
*Mar  1 00:32:32.999: svc_process_l3_event:Walking table i 4 CS 11
*Mar  1 00:32:32.999: FRU11_Release : Serial1/0
*Mar  1 00:32:32.999:
Outgoing MSG_RELEASE_COMPLETE
*Mar  1 00:32:33.003:   Dir: U --> N, Type: Prot Disc, length: 1,  0x0800
*Mar  1 00:32:33.003:   Dir: U --> N, Type: Call Ref, length: 3,  0x0280 0x0500
*Mar  1 00:32:33.003:   Dir: U --> N, Type: Message type, length: 1,  0x5A00
*Mar  1 00:32:33.003:   Dir: U --> N, Type: Cause, length: 5,  0x0803 0x8090 0x0000
*Mar  1 00:32:33.007:                   Cause No.16 : Normal call clearing
*Mar  1 00:32:33.007: *LAPF Serial1/0 DL_DATA_REQ -in state 7
*Mar  1 00:32:33.007: *LAPF Serial1/0 pak 65C26AA8 enqueued
*Mar  1 00:32:33.007: NLI STATE: NL_REL_CNF, Call ID 2 state 3
*Mar  1 00:32:33.011: NLI: Walking the event table 1
*Mar  1 00:32:33.011: NLI: Walking the event table 2
*Mar  1 00:32:33.011: NLI: Walking the event table 3
*Mar  1 00:32:33.011: NLI: Walking the event table 4
*Mar  1 00:32:33.011: NLI: Walking the event table 5
*Mar  1 00:32:33.011: NLI: Walking the event table 6
*Mar  1 00:32:33.015: NLI: Walking the event table 7
*Mar  1 00:32:33.015: NLI: NLx_RelCnf
*Mar  1 00:32:33.015: NLI: State : STATE_NL_CALL_CNF, Event : NL_REL_CNF, Next : STATE_NL_NULL
*Mar  1 00:32:33.015: L3SDL : Ref: 32773, Init : STATE_DISC_REQUEST, Rcvd: MSG_RELEASE, Next : STATE_NULL
*Mar  1 00:32:33.019: *LAPF AckPending
*Mar  1 00:32:33.019: *LAPF Serial1/0 TX -> RR Rsp p/f=0, N(R)= 6
*Mar  1 00:32:33.019: *LAPF Serial1/0 TX -> I frame Cmd p/f=0 N(S)=7 N(R)=6
*Mar  1 00:32:33.023:  0x0001 0x0E0C 0x0802 0x8005 0x5A08 0x0380 0x9000
*Mar  1 00:32:33.123: *LAPF Serial1/0 RX <- RR Rsp p/f=0, N(R)= 7
*Mar  1 00:32:33.123: *LAPF Serial1/0 lapf_rr_7
*Mar  1 00:32:33.123: *LAPF Serial1/0Check sync, V(S)=8 V(A)=7 V(R)=6 N(R)=7 N(S)=5
*Mar  1 00:32:33.279: *LAPF Serial1/0 RX <- RR Rsp p/f=0, N(R)= 8
*Mar  1 00:32:33.279: *LAPF Serial1/0 lapf_rr_7
*Mar  1 00:32:33.283: *LAPF Serial1/0Check sync, V(S)=8 V(A)=7 V(R)=6 N(R)=8 N(S)=5
*Mar  1 00:32:33.283: *LAPF Serial1/0 update V(A), nr = 8, va = 7
*Mar  1 00:33:03.283: *LAPF Serial1/0 Lapf should be up
*Mar  1 00:33:03.283: *LAPF Serial1/0 T203 expired, state = 7
*Mar  1 00:33:03.283: *LAPF Serial1/0 TX -> RR Cmd p/f=1, N(R)= 6
*Mar  1 00:33:03.319: *LAPF Serial1/0 RX <- RR Rsp p/f=1, N(R)= 8
*Mar  1 00:33:03.323: *LAPF Serial1/0 lapf_rr_rej_rnr_8
*Mar  1 00:33:03.323: *LAPF Serial1/0Check sync, V(S)=8 V(A)=8 V(R)=6 N(R)=8 N(S)=5
Router(config)#do write
Building configuration...
[OK]
Router(config)#
*Mar  1 00:33:33.323: *LAPF Serial1/0 Lapf should be up
*Mar  1 00:33:33.323: *LAPF Serial1/0 T203 expired, state = 7
*Mar  1 00:33:33.323: *LAPF Serial1/0 TX -> RR Cmd p/f=1, N(R)= 6
*Mar  1 00:33:33.343: *LAPF Serial1/0 RX <- RR Rsp p/f=1, N(R)= 8
*Mar  1 00:33:33.343: *LAPF Serial1/0 lapf_rr_rej_rnr_8
*Mar  1 00:33:33.343: *LAPF Serial1/0Check sync, V(S)=8 V(A)=8 V(R)=6 N(R)=8 N(S)=5
Router(config)#do reload
