Connected to Dynamips VM "default" (ID 4, type c3600) - Console port
Press ENTER to get the prompt.
ROMMON emulation microcode.
                           Launching IOS image at 0x80008000...
                                                               Smart Init is disabled. IOMEM set to: 5
                                                                                                        Using iomem percentage: 5
              Restricted Rights Legend
Use, duplication, or disclosure by the Government is
subject to restrictions as set forth in subparagraph
(c) of the Commercial Computer Software - Restricted
Rights clause at FAR sec. 52.227-19 and subparagraph
(c) (1) (ii) of the Rights in Technical Data and Computer
Software clause at DFARS sec. 252.227-7013.
           cisco Systems, Inc.
           170 West Tasman Drive
           San Jose, California 95134-1706
Cisco IOS Software, 3600 Software (C3660-A3JK9S-M), Version 12.4(15)T14, RELEASE SOFTWARE (fc2)
Technical Support: http://www.cisco.com/techsupport
Copyright (c) 1986-2010 by Cisco Systems, Inc.
Compiled Tue 17-Aug-10 11:00 by prod_rel_team
Image text-base: 0x60008930, data-base: 0x632E0000
This product contains cryptographic features and is subject to United
States and local country laws governing import, export, transfer and
use. Delivery of Cisco cryptographic products does not imply
third-party authority to import, export, distribute or use encryption.
Importers, exporters, distributors and users are responsible for
compliance with U.S. and local country laws. By using this product you
agree to comply with applicable laws and regulations. If you are unable
to comply with U.S. and local laws, return this product immediately.
A summary of U.S. laws governing Cisco cryptographic products may be found at:
http://www.cisco.com/wwl/export/crypto/tool/stqrg.html
If you require further assistance please contact us by sending email to
export@cisco.com.
Cisco 3660 (R527x) processor (revision 1.0) with 187392K/9216K bytes of memory.
Processor board ID FTX0945W0MY
R527x CPU at 250MHz, Implementation 40, Rev 1.2, 512KB L2 Cache
3660 Chassis type: ENTERPRISE
2 FastEthernet interfaces
4 Serial interfaces
DRAM configuration is 64 bits wide with parity enabled.
125K bytes of NVRAM.
8192K bytes of processor board System flash (Read/Write)
         --- System Configuration Dialog ---
Would you like to enter the initial configuration dialog? [yes/no]: no
Press RETURN to get started!
*Mar  1 00:00:05.423: %LINEPROTO-5-UPDOWN: Line protocol on Interface VoIP-Null0, changed state to up
*Mar  1 00:00:05.423: %LINK-3-UPDOWN: Interface FastEthernet0/0, changed state to up
*Mar  1 00:00:05.427: %LINK-3-UPDOWN: Interface FastEthernet0/1, changed state to up
*Mar  1 00:00:05.431: %LINK-3-UPDOWN: Interface Serial1/0, changed state to up
*Mar  1 00:00:05.435: %LINK-3-UPDOWN: Interface Serial1/1, changed state to up
*Mar  1 00:00:05.443: %LINK-3-UPDOWN: Interface Serial1/2, changed state to up
*Mar  1 00:00:05.447: %LINK-3-UPDOWN: Interface Serial1/3, changed state to up
*Mar  1 00:00:05.451: %LINEPROTO-5-UPDOWN: Line protocol on Interface IPv6-mpls, changed state to up
*Mar  1 00:00:06.423: %LINEPROTO-5-UPDOWN: Line protocol on Interface FastEthernet0/0, changed state to up
*Mar  1 00:00:06.427: %LINEPROTO-5-UPDOWN: Line protocol on Interface FastEthernet0/1, changed state to up
*Mar  1 00:00:06.431: %LINEPROTO-5-UPDOWN: Line protocol on Interface Serial1/0, changed state to up
*Mar  1 00:00:06.435: %LINEPROTO-5-UPDOWN: Line protocol on Interface Serial1/1, changed state to up
*Mar  1 00:00:06.439: %LINEPROTO-5-UPDOWN: Line protocol on Interface Serial1/2, changed state to up
*Mar  1 00:00:06.443: %LINEPROTO-5-UPDOWN: Line protocol on Interface Serial1/3, changed state to up
*Mar  1 00:00:09.307: %SYS-5-RESTART: System restarted --
Cisco IOS Software, 3600 Software (C3660-A3JK9S-M), Version 12.4(15)T14, RELEASE SOFTWARE (fc2)
Technical Support: http://www.cisco.com/techsupport
Copyright (c) 1986-2010 by Cisco Systems, Inc.
Compiled Tue 17-Aug-10 11:00 by prod_rel_team
*Mar  1 00:00:09.335: %SNMP-5-COLDSTART: SNMP agent on host Router is undergoing a cold start
*Mar  1 00:00:09.603: %CRYPTO-6-GDOI_ON_OFF: GDOI is OFF
*Mar  1 00:00:09.603: %CRYPTO-6-ISAKMP_ON_OFF: ISAKMP is OFF
*Mar  1 00:00:09.603: %CRYPTO-6-GDOI_ON_OFF: GDOI is OFF
*Mar  1 00:00:09.607: %CRYPTO-6-ISAKMP_ON_OFF: ISAKMP is OFF
*Mar  1 00:00:10.131: %LINK-5-CHANGED: Interface FastEthernet0/0, changed state to administratively down
*Mar  1 00:00:10.135: %LINK-5-CHANGED: Interface FastEthernet0/1, changed state to administratively down
*Mar  1 00:00:10.139: %LINK-5-CHANGED: Interface Serial1/0, changed state to administratively down
*Mar  1 00:00:10.163: %LINK-5-CHANGED: Interface Serial1/1, changed state to administratively down
*Mar  1 00:00:10.187: %LINK-5-CHANGED: Interface Serial1/2, changed state to administratively down
*Mar  1 00:00:10.207: %LINK-5-CHANGED: Interface Serial1/3, changed state to administratively down
*Mar  1 00:00:11.131: %LINEPROTO-5-UPDOWN: Line protocol on Interface FastEthernet0/0, changed state to down
*Mar  1 00:00:11.135: %LINEPROTO-5-UPDOWN: Line protocol on Interface FastEthernet0/1, changed state to down
*Mar  1 00:00:11.147: %LINEPROTO-5-UPDOWN: Line protocol on Interface Serial1/0, changed state to down
*Mar  1 00:00:11.163: %LINEPROTO-5-UPDOWN: Line protocol on Interface Serial1/1, changed state to down
*Mar  1 00:00:11.187: %LINEPROTO-5-UPDOWN: Line protocol on Interface Serial1/2, changed state to down
*Mar  1 00:00:11.207: %LINEPROTO-5-UPDOWN: Line protocol on Interface Serial1/3, changed state to down
Router>enable
Router#debug frame detailed
Frame Relay SVC detailed debugging is on
Router#debug frame verbose
Frame Relay debugging is on
Router#debug frame l3ie
Frame Relay L3 IE stuff debugging is on
Router#debug frame l3cc
Frame Relay L3 stuff debugging is on
Router#debug frame lapf
Frame Relay SVC layer 2 debugging is on
Router#
Router con0 is now available
Press RETURN to get started.
Router>enable
Router#config term
Enter configuration commands, one per line.  End with CNTL/Z.
Router(config)#inter serial1/0
Router(config-if)#encapsulation frame ietf
Router(config-if)#frame svc
Router(config-if)#
*Mar  1 00:15:13.599: *LAPF Serial1/0 DL_EST_REQ
*Mar  1 00:15:13.627: *LAPF Serial1/0 CB's set up -in state 4
*Mar  1 00:15:13.627: *LAPF Serial1/0 Lapf should be down -DL_Req error
Router(config-if)#frame lmi-type q933a
Router(config-if)#map-list linktest
Router(config-map-list)#exit
Router(config)#inter serial1/0
Router(config-if)#map-group linktest
Router(config-if)#exit
Router(config)#map-list linktest ?
  source-addr  Address of Interface in X121/E164 format
  <cr>
Router(config)#map-list linktest source 510401011004 ?
% Unrecognized command
Router(config)#$nktest source x121 510401011004 dest x121 510401011000
Router(config-map-list)#ip 10.10.10.1 class linktest ietf broad
Router(config-map-list)#exit
Router(config)#do show run
Building configuration...
Current configuration : 1159 bytes
!
version 12.4
service timestamps debug datetime msec
service timestamps log datetime msec
no service password-encryption
!
hostname Router
!
boot-start-marker
boot-end-marker
!
!
no aaa new-model
memory-size iomem 5
!
!
ip cef
!
!
multilink bundle-name authenticated
!
!
!
!
!
!
!
!
!
!
!
!
!
!
archive
 log config
  hidekeys
!
!
!
!
!
!
!
!
interface FastEthernet0/0
 no ip address
 shutdown
 duplex auto
 speed auto
!
interface FastEthernet0/1
 no ip address
 shutdown
 duplex auto
 speed auto
!
interface Serial1/0
 no ip address
 encapsulation frame-relay IETF
 shutdown
 map-group linktest
 serial restart-delay 0
 frame-relay lmi-type q933a
 frame-relay svc
!
interface Serial1/1
 no ip address
 shutdown
 serial restart-delay 0
!
interface Serial1/2
 no ip address
 shutdown
 serial restart-delay 0
!
interface Serial1/3
 no ip address
 shutdown
 serial restart-delay 0
!
!
ip http server
no ip http secure-server
ip forward-protocol nd
!
!
!
!
map-list linktest source-addr X121 510401011004 dest-addr X121 510401011000
 ip 10.10.10.1 class linktest broadcast ietf
!
!
!
 
Router(config)#map-gr
Router(config)#map-
Router(config)#map-
Router(config)#map-?
map-class  map-list
Router(config)#map-class frame linktest
Router(config-map-class)#frame bc 768000
Router(config-map-class)#frame be 128000
Router(config-map-class)#frame cir 64000
Router(config-map-class)#frame idle 90
Router(config-map-class)#exit
Router(config)#inter serial1/0
Router(config-if)#no shutdown
Router(config-if)#exit
Router(config)#
*Mar  1 00:18:12.063: %LINK-3-UPDOWN: Interface Serial1/0, changed state to up
*Mar  1 00:18:22.063: *LAPF Serial1/0 TX -> SABME Cmd p/f=1
*Mar  1 00:18:22.183: *LAPF Serial1/0 RX <- UA Rsp p/f=1
*Mar  1 00:18:22.183: *LAPF Serial1/0 lapf_ua_5
*Mar  1 00:18:22.183: *LAPF Serial1/0 Link up!
*Mar  1 00:18:23.063: %LINEPROTO-5-UPDOWN: Line protocol on Interface Serial1/0, changed state to up
Router(config)#do ping 10.10.10.1
% Unrecognized host or address, or protocol not running.
Router(config)#do ping 10.10.10.1
% Unrecognized host or address, or protocol not running.
Router(config)#do show run
Building configuration...
Current configuration : 1278 bytes
!
version 12.4
service timestamps debug datetime msec
service timestamps log datetime msec
no service password-encryption
!
hostname Router
!
boot-start-marker
boot-end-marker
!
!
no aaa new-model
memory-size iomem 5
!
!
ip cef
!
!
multilink bundle-name authenticated
!
!
!
!
!
!
!
!
!
!
!
!
!
!
archive
 log config
  hidekeys
!
!
!
!
!
!
!
!
interface FastEthernet0/0
 no ip address
 shutdown
 duplex auto
 speed auto
!
interface FastEthernet0/1
 no ip address
 shutdown
 duplex auto
 speed auto
!
interface Serial1/0
 no ip address
 encapsulation frame-relay IETF
 map-group linktest
 serial restart-delay 0
 frame-relay lmi-type q933a
 frame-relay svc
!
interface Serial1/1
 --More--
*Mar  1 00:18:52.183: *LAPF Serial1/0 Lapf should be up
*Mar  1 00:18:52.183: *LAPF Serial1/0 T203 expired, state = 7
*Mar  1 00:18:52.183: *LAPF Serial1/0 TX -> RR Cmd p/f=1, N(R)= 0
*Mar  1 00:18:52.191: *LAPF Serial1/0 RX <- RR Rsp p/f=1, N(R)= 0
*Mar  1 00:18:52.191: *LAPF Serial1/0 lapf_rr_rej_rnr_8
*Mar  1 00:18:52.191: *LAPF Serial1/0Check sync, V(S)=0 V(A)=0 V(R)=0 N(R no ip address
 
Router(config)#inter serial1/0
Router(config-if)#ip address 10.10.10.4 255.255.255.224
Router(config-if)#do write
Building configuration...
[OK]
Router(config-if)#do ping 10.10.10.1
Type escape sequence to abort.
Sending 5, 100-byte ICMP Echos to 10.10.10.1, timeout is 2 seconds:
*Mar  1 00:19:17.631: call id for new call: 1
*Mar  1 00:19:17.631: NLI: Enqueued outgoing packet on holdq
*Mar  1 00:19:17.631: NLI STATE: L3_CALL_REQ, Call ID 1 state 0
*Mar  1 00:19:17.631: NLI: Walking the event table 1
*Mar  1 00:19:17.635: NLI: Walking the event table 2
*Mar  1 00:19:17.635: NLI: Walking the event table 3
*Mar  1 00:19:17.635: NLI: Walking the event table 4
*Mar  1 00:19:17.635: NLI: Walking the event table 5
*Mar  1 00:19:17.635: NLI: Walking the event table 6
*Mar  1 00:19:17.635: NLI: Walking the event table 7
*Mar  1 00:19:17.639: NLI: Walking the event table 8
*Mar  1 00:19:17.639: NLI: Walking the event table 9
*Mar  1 00:19:17.639: NLI: NL0_L3CallReq
*Mar  1 00:19:17.639: NLI: State : STATE_NL_NULL, Event : L3_CALL_REQ, Next : STATE_L3_CALL_REQ
*Mar  1 00:19:17.639: call ref for new call: 1
*Mar  1 00:19:17.643: svc_process_l3_event:Walking table i 0 CS 0
*Mar  1 00:19:17.643: svc_pr!!!!!
Success rate is 100 percent (5/5), round-trip min/avg/max = 12/116/432 ms
Router(config-if)#ocess_l3_event:Walking table i 1 CS 0
*Mar  1 00:19:17.643: svc_process_l3_event:Walking table i 2 CS 0
*Mar  1 00:19:17.643: svc_process_l3_event:Walking table i 3 CS 0
*Mar  1 00:19:17.643: svc_process_l3_event:Walking table i 4 CS 0
*Mar  1 00:19:17.643: svc_process_l3_event:Walking table i 5 CS 0
*Mar  1 00:19:17.643: svc_process_l3_event:Walking table i 6 CS 0
*Mar  1 00:19:17.643: svc_process_l3_event:Walking table i 7 CS 0
*Mar  1 00:19:17.643: svc_process_l3_event:Walking table i 8 CS 0
*Mar  1 00:19:17.643: svc_process_l3_event:Walking table i 9 CS 0
*Mar  1 00:19:17.643: FRU0_SetupRequest : Serial1/0
*Mar  1 00:19:17.643:
Outgoing MSG_SETUP
*Mar  1 00:19:17.643:   Dir: U --> N, Type: Prot Disc, length: 1,  0x0800
*Mar  1 00:19:17.643:   Dir: U --> N, Type: Call Ref, length: 3,  0x0200 0x0100
*Mar  1 00:19:17.643:   Dir: U --> N, Type: Message type, length: 1,  0x0500
*Mar  1 00:19:17.643:   Dir: U --> N, Type: Bearer Capability, length: 5,  0x0403 0x88A0 0xCF00
*Mar  1 00:19:17.643:   Dir: U --> N, Type: Link Lyr Core, length: 31,  0x481D 0x090B 0x5C0B 0xDC0A
*Mar  1 00:19:17.643:                                    0x3040 0x30C0 0x0B30 0x3830
*Mar  1 00:19:17.647:                                    0xB80D 0x0060 0x00E0 0x0E00
*Mar  1 00:19:17.647:                                    0x1000 0x9010 0x9B11 0x9B00
*Mar  1 00:19:17.651:
*Mar  1 00:19:17.651:   Dir: U --> N, Type: Calling Party, length: 16,  0x6C0E 0x1380 0x3531 0x3034
*Mar  1 00:19:17.651:                                    0x3031 0x3031 0x3130 0x3034
*Mar  1 00:19:17.655:
*Mar  1 00:19:17.655:   Dir: U --> N, Type: Calling Party Subaddr, length: 4,  0x6D02 0xA000
*Mar  1 00:19:17.655:   Dir: U --> N, Type: Called Party, length: 15,  0x700D 0x9335 0x3130 0x3430
*Mar  1 00:19:17.659:                                    0x3130 0x3131 0x3030 0x3000
*Mar  1 00:19:17.659:
*Mar  1 00:19:17.659:   Dir: U --> N, Type: Called Party Subaddr, length: 4,  0x7102 0xA000
*Mar  1 00:19:17.663:   Dir: U --> N, Type: Low Lyr Comp, length: 5,  0x7C03 0x88A0 0xCE00
*Mar  1 00:19:17.663:   Dir: U --> N, Type: User to User, length: 4,  0x7E02 0x0000
*Mar  1 00:19:17.663: *LAPF Serial1/0 DL_DATA_REQ -in state 7
*Mar  1 00:19:17.663: *LAPF Serial1/0 pak 65C24D08 enqueued
*Mar  1 00:19:17.663: L3SDL : Ref: 1, Init : STATE_NULL, Rcvd: SETUP_REQUEST, Next : STATE_CALL_INITIATED
*Mar  1 00:19:17.663: *LAPF Serial1/0 TX -> I frame Cmd p/f=0 N(S)=0 N(R)=0
*Mar  1 00:19:17.663:  0x0001 0x0000 0x0802 0x0001 0x0504 0x0388 0xA0CF 0x481D
*Mar  1 00:19:17.663:  0x090B 0x5C0B 0xDC0A 0x3040 0x30C0 0x0B30 0x3830 0xB80D
*Mar  1 00:19:17.663:  0x0060 0x00E0 0x0E00 0x1000 0x9010 0x9B11 0x9B6C 0x0E13
*Mar  1 00:19:17.663:  0x8035 0x3130 0x3430 0x3130 0x3131 0x3030 0x346D 0x02A0
*Mar  1 00:19:17.663:  0x0070 0x0D93 0x3531 0x3034 0x3031 0x3031 0x3130 0x3030
*Mar  1 00:19:17.663:  0x7102 0xA000 0x7C03 0x88A0 0xCE7E 0x0200
*Mar  1 00:19:17.711: *LAPF Serial1/0 RX <- I frame Cmd p/f=0 N(S)=0 N(R)=1
*Mar  1 00:19:17.711:  0x0001 0x0002 0x0802 0x8001 0x0219 0x0260
*Mar  1 00:19:17.715: *LAPF Serial1/0 lapf_i_7
*Mar  1 00:19:17.715: *LAPF Serial1/0 DL_DATA_IND
*Mar  1 00:19:17.715: *LAPF Serial1/0Check sync, V(S)=1 V(A)=0 V(R)=1 N(R)=1 N(S)=0
*Mar  1 00:19:17.715: *LAPF Serial1/0 update V(A), nr = 1, va = 0
*Mar  1 00:19:17.719:
New Incoming message on Serial1/0:
*Mar  1 00:19:17.719: L3CC IN : Protocol Discriminator is 8
*Mar  1 00:19:17.719: L3CC IN : Call Reference assigned by Router Side
*Mar  1 00:19:17.719: L3CC IN : Call Reference is 0x8001
*Mar  1 00:19:17.719:   Dir: U <-- N, Type: Call Reference, length: 3,  0x0280 0x0102
*Mar  1 00:19:17.723:
Incoming CALL_PROCEEDING:
*Mar  1 00:19:17.723:   Dir: U <-- N, Type: DLCI IE, length: 4,  0x1902 0x6080
*Mar  1 00:19:17.723: L3CC IN: DLCI for call 512
*Mar  1 00:19:17.723: svc_process_l3_event:Walking table i 0 CS 1
*Mar  1 00:19:17.723: svc_process_l3_event:Walking table i 1 CS 1
*Mar  1 00:19:17.723: FRU1_CallProceeding : Serial1/0
*Mar  1 00:19:17.723: L3SDL : Ref: 1, Init : STATE_CALL_INITIATED, Rcvd: MSG_CALL_PROCEEDING, Next : STATE_CALL_PROCEEDING
*Mar  1 00:19:17.723: *LAPF AckPending
*Mar  1 00:19:17.723: *LAPF Serial1/0 TX -> RR Rsp p/f=0, N(R)= 1
*Mar  1 00:19:17.731: *LAPF Serial1/0 RX <- RR Rsp p/f=0, N(R)= 1
*Mar  1 00:19:17.731: *LAPF Serial1/0 lapf_rr_7
*Mar  1 00:19:17.731: *LAPF Serial1/0Check sync, V(S)=1 V(A)=1 V(R)=1 N(R)=1 N(S)=0
*Mar  1 00:19:17.887: *LAPF Serial1/0 RX <- I frame Cmd p/f=0 N(S)=1 N(R)=1
*Mar  1 00:19:17.887:  0x0001 0x0202 0x0802 0x8001 0x0719 0x0260 0x8048 0x0C09
*Mar  1 00:19:17.891:  0x0BDC 0x0A30 0xC00D 0x00E0 0x0E00 0x904C 0x0E13 0x8135
*Mar  1 00:19:17.895:  0x3130 0x3430 0x3130 0x3131 0x3030 0x307C 0x0388 0xA0CE
*Mar  1 00:19:17.895:  0x7E02 0x0000
*Mar  1 00:19:17.899: *LAPF Serial1/0 lapf_i_7
*Mar  1 00:19:17.899: *LAPF Serial1/0 DL_DATA_IND
*Mar  1 00:19:17.899: *LAPF Serial1/0Check sync, V(S)=1 V(A)=1 V(R)=2 N(R)=1 N(S)=1
*Mar  1 00:19:17.899:
New Incoming message on Serial1/0:
*Mar  1 00:19:17.899: L3CC IN : Protocol Discriminator is 8
*Mar  1 00:19:17.899: L3CC IN : Call Reference assigned by Router Side
*Mar  1 00:19:17.899: L3CC IN : Call Reference is 0x8001
*Mar  1 00:19:17.899:   Dir: U <-- N, Type: Call Reference, length: 3,  0x0280 0x0107
*Mar  1 00:19:17.899:
Incoming CONNECT :
*Mar  1 00:19:17.899:   Dir: U <-- N, Type: DLCI IE, length: 4,  0x1902 0x6080
*Mar  1 00:19:17.899: L3CC IN: DLCI for call 512
*Mar  1 00:19:17.899:   Dir: U <-- N, Type: FMIF IE , length: 3,  0x090B 0xDC0A
*Mar  1 00:19:17.899:   Dir: U <-- N, Type: Throughput, length: 3,  0x0A30 0xC00D
*Mar  1 00:19:17.899:   Dir: U <-- N, Type: CBS, length: 3,  0x0D00 0xE00E
*Mar  1 00:19:17.899:   Dir: U <-- N, Type: EBS, length: 3,  0x0E00 0x904C
*Mar  1 00:19:17.899:   Dir: U <-- N, Type: Connected Party IE, length: 16,  0x4C0E 0x1381 0x3531 0x3034
*Mar  1 00:19:17.899:                                    0x3031 0x3031 0x3130 0x3030
*Mar  1 00:19:17.899:
*Mar  1 00:19:17.899: L3CC IN: CONNECT :Illegal IE ID of 0x7C
*Mar  1 00:19:17.899:   Dir: U <-- N, Type: Illegal IE, length: 5,  0x7C03 0x88A0 0xCE7E
*Mar  1 00:19:17.899:   Dir: U <-- N, Type: User-User, length: 4,  0x7E02 0x0000
*Mar  1 00:19:17.899: svc_process_l3_event:Walking table i 0 CS 3
*Mar  1 00:19:17.899: svc_process_l3_event:Walking table i 1 CS 3
*Mar  1 00:19:17.899: svc_process_l3_event:Walking table i 2 CS 3
*Mar  1 00:19:17.899: FRU3_Connect : Serial1/0
*Mar  1 00:19:17.899: NLI: Map-list search: Found maplist linktest
*Mar  1 00:19:17.899: daddr.subaddr 0, saddr.subaddr 0, saddr.subaddr 0
*Mar  1 00:19:17.899: saddr.subaddr 0, daddr.subaddr 0, daddr.subaddr 0
*Mar  1 00:19:17.899: nli_caller_check_llc_params
*Mar  1 00:19:17.899: NLI STATE: NL_CALL_CNF, Call ID 1 state 10
*Mar  1 00:19:17.899: NLI: Walking the event table 1
*Mar  1 00:19:17.899: NLI: Walking the event table 2
*Mar  1 00:19:17.899: NLI: Walking the event table 3
*Mar  1 00:19:17.899: NLI: NLx_CallCnf
*Mar  1 00:19:17.899: NLI: State : STATE_L3_CALL_REQ, Event : NL_CALL_CNF, Next : STATE_NL_CALL_CNF
*Mar  1 00:19:17.899: Checking maplist "linktest"
*Mar  1 00:19:17.899: working with maplist "linktest"
*Mar  1 00:19:17.899: FR: fr_encaps: SVC 512 Starting svc_out_idle_timer 90000
*Mar  1 00:19:17.899: FR: fr_encaps: SVC 512 Starting svc_in_idle_timer 90000
*Mar  1 00:19:17.899: NLI: Emptying holdQ, link 7, dlci 512, size 104
*Mar  1 00:19:17.903: L3SDL : Ref: 1, Init : STATE_CALL_PROCEEDING, Rcvd: MSG_CONNECT, Next : STATE_ACTIVE
*Mar  1 00:19:17.903: *LAPF AckPending
*Mar  1 00:19:17.903: *LAPF Serial1/0 TX -> RR Rsp p/f=0, N(R)= 2
*Mar  1 00:19:18.055: FR: fr_encaps: SVC 512 Starting svc_in_idle_timer 90000
*Mar  1 00:19:18.059: FR: fr_encaps: SVC 512 Starting svc_out_idle_timer 90000
*Mar  1 00:19:18.135: FR: fr_encaps: SVC 512 Starting svc_in_idle_timer 90000
*Mar  1 00:19:18.139: FR: fr_encaps: SVC 512 Starting svc_out_idle_timer 90000
*Mar  1 00:19:18.147: FR: fr_encaps: SVC 512 Starting svc_in_idle_timer 90000
*Mar  1 00:19:18.147: FR: fr_encaps: SVC 512 Starting svc_out_idle_timer 90000
*Mar  1 00:19:18.167: FR: fr_encaps: SVC 512 Starting svc_in_idle_timer 90000
*Mar  1 00:19:18.167: FR: fr_encaps: SVC 512 Starting svc_out_idle_timer 90000
*Mar  1 00:19:18.211: FR: fr_encaps: SVC 512 Starting svc_in_idle_timer 90000
*Mar  1 00:19:46.539: *LAPF Serial1/0 RX <- RR Cmd p/f=1, N(R)= 1
*Mar  1 00:19:46.543: *LAPF Serial1/0 lapf_rr_7
*Mar  1 00:19:46.543: *LAPF Serial1/0 TX -> RR Rsp p/f=1, N(R)= 2
*Mar  1 00:19:46.543: *LAPF Serial1/0Check sync, V(S)=1 V(A)=1 V(R)=2 N(R)=1 N(S)=1
Router(config-if)#do ping 10.10.10.1
Type escape sequence to abort.
Sending 5, 100-byte ICMP Echos to 10.10.10.1, timeout is 2 seconds:
!!!!!
Success rate is 100 percent (5/5), round-trip min/avg/max = 72/99/140 ms
Router(config-if)#
*Mar  1 00:19:55.739: FR: fr_encaps: SVC 512 Starting svc_out_idle_timer 90000
*Mar  1 00:19:55.843: FR: fr_encaps: SVC 512 Starting svc_in_idle_timer 90000
*Mar  1 00:19:55.847: FR: fr_encaps: SVC 512 Starting svc_out_idle_timer 90000
*Mar  1 00:19:55.951: FR: fr_encaps: SVC 512 Starting svc_in_idle_timer 90000
*Mar  1 00:19:55.955: FR: fr_encaps: SVC 512 Starting svc_out_idle_timer 90000
*Mar  1 00:19:56.091: FR: fr_encaps: SVC 512 Starting svc_in_idle_timer 90000
*Mar  1 00:19:56.095: FR: fr_encaps: SVC 512 Starting svc_out_idle_timer 90000
*Mar  1 00:19:56.167: FR: fr_encaps: SVC 512 Starting svc_in_idle_timer 90000
*Mar  1 00:19:56.171: FR: fr_encaps: SVC 512 Starting svc_out_idle_timer 90000
*Mar  1 00:19:56.239: FR: fr_encaps: SVC 512 Starting svc_in_idle_timer 90000
*Mar  1 00:20:01.647: FR: fr_encaps: SVC 512 Starting svc_in_idle_timer 90000
*Mar  1 00:20:01.651: FR: fr_encaps: SVC 512 Starting svc_out_idle_timer 90000
*Mar  1 00:20:01.723: FR: fr_encaps: SVC 512 Starting svc_in_idle_timer 90000
*Mar  1 00:20:01.723: FR: fr_encaps: SVC 512 Starting svc_out_idle_timer 90000
*Mar  1 00:20:01.795: FR: fr_encaps: SVC 512 Starting svc_in_idle_timer 90000
*Mar  1 00:20:01.799: FR: fr_encaps: SVC 512 Starting svc_out_idle_timer 90000
*Mar  1 00:20:01.831: FR: fr_encaps: SVC 512 Starting svc_in_idle_timer 90000
*Mar  1 00:20:01.835: FR: fr_encaps: SVC 512 Starting svc_out_idle_timer 90000
*Mar  1 00:20:01.907: FR: fr_encaps: SVC 512 Starting svc_in_idle_timer 90000
*Mar  1 00:20:01.911: FR: fr_encaps: SVC 512 Starting svc_out_idle_timer 90000
*Mar  1 00:20:04.131: FR: fr_encaps: SVC 512 Starting svc_in_idle_timer 90000
*Mar  1 00:20:04.135: FR: fr_encaps: SVC 512 Starting svc_out_idle_timer 90000
*Mar  1 00:20:04.239: FR: fr_encaps: SVC 512 Starting svc_in_idle_timer 90000
*Mar  1 00:20:04.243: FR: fr_encaps: SVC 512 Starting svc_out_idle_timer 90000
*Mar  1 00:20:04.311: FR: fr_encaps: SVC 512 Starting svc_in_idle_timer 90000
*Mar  1 00:20:04.315: FR: fr_encaps: SVC 512 Starting svc_out_idle_timer 90000
*Mar  1 00:20:04.419: FR: fr_encaps: SVC 512 Starting svc_in_idle_timer 90000
*Mar  1 00:20:04.423: FR: fr_encaps: SVC 512 Starting svc_out_idle_timer 90000
*Mar  1 00:20:04.495: FR: fr_encaps: SVC 512 Starting svc_in_idle_timer 90000
*Mar  1 00:20:04.499: FR: fr_encaps: SVC 512 Starting svc_out_idle_timer 90000
*Mar  1 00:20:14.719: *LAPF Serial1/0 RX <- RR Cmd p/f=1, N(R)= 1
*Mar  1 00:20:14.723: *LAPF Serial1/0 lapf_rr_7
*Mar  1 00:20:14.723: *LAPF Serial1/0 TX -> RR Rsp p/f=1, N(R)= 2
*Mar  1 00:20:14.723: *LAPF Serial1/0Check sync, V(S)=1 V(A)=1 V(R)=2 N(R)=1 N(S)=1
Router(config-if)#do write
Building configuration...
[OK]
Router(config-if)#
*Mar  1 00:20:44.727: *LAPF Serial1/0 Lapf should be up
*Mar  1 00:20:44.727: *LAPF Serial1/0 T203 expired, state = 7
*Mar  1 00:20:44.727: *LAPF Serial1/0 TX -> RR Cmd p/f=1, N(R)= 2
*Mar  1 00:20:44.827: *LAPF Serial1/0 RX <- RR Rsp p/f=1, N(R)= 1
*Mar  1 00:20:44.827: *LAPF Serial1/0 lapf_rr_rej_rnr_8
*Mar  1 00:20:44.827: *LAPF Serial1/0Check sync, V(S)=1 V(A)=1 V(R)=2 N(R)=1 N(S)=1
Router(config-if)#exit
Router(config)#do ping 10.10.10.1
Type escape sequence to abort.
Sending 5, 100-byte ICMP Echos to 10.10.10.1, timeout is 2 seconds:
!!!!!
Success rate is 100 percent (5/5), round-trip min/avg/max = 72/92/144 ms
Router(config)#
*Mar  1 00:20:50.699: FR: fr_encaps: SVC 512 Starting svc_out_idle_timer 90000
*Mar  1 00:20:50.843: FR: fr_encaps: SVC 512 Starting svc_in_idle_timer 90000
*Mar  1 00:20:50.847: FR: fr_encaps: SVC 512 Starting svc_out_idle_timer 90000
*Mar  1 00:20:50.939: FR: fr_encaps: SVC 512 Starting svc_in_idle_timer 90000
*Mar  1 00:20:50.943: FR: fr_encaps: SVC 512 Starting svc_out_idle_timer 90000
*Mar  1 00:20:51.011: FR: fr_encaps: SVC 512 Starting svc_in_idle_timer 90000
*Mar  1 00:20:51.015: FR: fr_encaps: SVC 512 Starting svc_out_idle_timer 90000
*Mar  1 00:20:51.087: FR: fr_encaps: SVC 512 Starting svc_in_idle_timer 90000
*Mar  1 00:20:51.091: FR: fr_encaps: SVC 512 Starting svc_out_idle_timer 90000
*Mar  1 00:20:51.163: FR: fr_encaps: SVC 512 Starting svc_in_idle_timer 90000
*Mar  1 00:21:03.635: FR: fr_encaps: SVC 512 Starting svc_in_idle_timer 90000
*Mar  1 00:21:03.639: FR: fr_encaps: SVC 512 Starting svc_out_idle_timer 90000
*Mar  1 00:21:03.675: FR: fr_encaps: SVC 512 Starting svc_in_idle_timer 90000
*Mar  1 00:21:03.679: FR: fr_encaps: SVC 512 Starting svc_out_idle_timer 90000
*Mar  1 00:21:03.747: FR: fr_encaps: SVC 512 Starting svc_in_idle_timer 90000
*Mar  1 00:21:03.751: FR: fr_encaps: SVC 512 Starting svc_out_idle_timer 90000
*Mar  1 00:21:03.819: FR: fr_encaps: SVC 512 Starting svc_in_idle_timer 90000
*Mar  1 00:21:03.823: FR: fr_encaps: SVC 512 Starting svc_out_idle_timer 90000
*Mar  1 00:21:03.895: FR: fr_encaps: SVC 512 Starting svc_in_idle_timer 90000
*Mar  1 00:21:03.895: FR: fr_encaps: SVC 512 Starting svc_out_idle_timer 90000
*Mar  1 00:21:12.011: *LAPF Serial1/0 RX <- RR Cmd p/f=1, N(R)= 1
*Mar  1 00:21:12.011: *LAPF Serial1/0 lapf_rr_7
*Mar  1 00:21:12.011: *LAPF Serial1/0 TX -> RR Rsp p/f=1, N(R)= 2
*Mar  1 00:21:12.015: *LAPF Serial1/0Check sync, V(S)=1 V(A)=1 V(R)=2 N(R)=1 N(S)=1
Router(config)#do write
Building configuration...
[OK]
Router(config)#
*Mar  1 00:21:42.019: *LAPF Serial1/0 Lapf should be up
*Mar  1 00:21:42.019: *LAPF Serial1/0 T203 expired, state = 7
*Mar  1 00:21:42.019: *LAPF Serial1/0 TX -> RR Cmd p/f=1, N(R)= 2
*Mar  1 00:21:42.115: *LAPF Serial1/0 RX <- RR Rsp p/f=1, N(R)= 1
*Mar  1 00:21:42.115: *LAPF Serial1/0 lapf_rr_rej_rnr_8
*Mar  1 00:21:42.115: *LAPF Serial1/0Check sync, V(S)=1 V(A)=1 V(R)=2 N(R)=1 N(S)=1
*Mar  1 00:22:06.835: *LAPF Serial1/0 RX <- RR Cmd p/f=1, N(R)= 1
*Mar  1 00:22:06.835: *LAPF Serial1/0 lapf_rr_7
*Mar  1 00:22:06.835: *LAPF Serial1/0 TX -> RR Rsp p/f=1, N(R)= 2
*Mar  1 00:22:06.839: *LAPF Serial1/0Check sync, V(S)=1 V(A)=1 V(R)=2 N(R)=1 N(S)=1
*Mar  1 00:22:31.035: *LAPF Serial1/0 RX <- RR Cmd p/f=1, N(R)= 1
*Mar  1 00:22:31.035: *LAPF Serial1/0 lapf_rr_7
*Mar  1 00:22:31.035: *LAPF Serial1/0 TX -> RR Rsp p/f=1, N(R)= 2
*Mar  1 00:22:31.039: *LAPF Serial1/0Check sync, V(S)=1 V(A)=1 V(R)=2 N(R)=1 N(S)=1
*Mar  1 00:22:37.219: *LAPF Serial1/0 RX <- I frame Cmd p/f=0 N(S)=2 N(R)=1
*Mar  1 00:22:37.223:  0x0001 0x0402 0x0802 0x8001 0x4508 0x0282
*Mar  1 00:22:37.223: *LAPF Serial1/0 lapf_i_7
*Mar  1 00:22:37.227: *LAPF Serial1/0 DL_DATA_IND
*Mar  1 00:22:37.227: *LAPF Serial1/0Check sync, V(S)=1 V(A)=1 V(R)=3 N(R)=1 N(S)=2
*Mar  1 00:22:37.227:
New Incoming message on Serial1/0:
*Mar  1 00:22:37.227: L3CC IN : Protocol Discriminator is 8
*Mar  1 00:22:37.227: L3CC IN : Call Reference assigned by Router Side
*Mar  1 00:22:37.231: L3CC IN : Call Reference is 0x8001
*Mar  1 00:22:37.231:   Dir: U <-- N, Type: Call Reference, length: 3,  0x0280 0x0145
*Mar  1 00:22:37.231:
Incoming DISCONNECT :
*Mar  1 00:22:37.231:   Dir: U <-- N, Type: Cause, length: 4,  0x0802 0x8290
*Mar  1 00:22:37.235:                   Cause No.16 : Normal call clearing
*Mar  1 00:22:37.235: svc_process_l3_event:Walking table i 0 CS 10
*Mar  1 00:22:37.235: svc_process_l3_event:Walking table i 1 CS 10
*Mar  1 00:22:37.235: svc_process_l3_event:Walking table i 2 CS 10
*Mar  1 00:22:37.235: svc_process_l3_event:Walking table i 3 CS 10
*Mar  1 00:22:37.239: FRUx_Disconnect : Serial1/0
*Mar  1 00:22:37.239:
Outgoing MSG_RELEASE
*Mar  1 00:22:37.239:   Dir: U --> N, Type: Prot Disc, length: 1,  0x0800
*Mar  1 00:22:37.239:   Dir: U --> N, Type: Call Ref, length: 3,  0x0200 0x0100
*Mar  1 00:22:37.243:   Dir: U --> N, Type: Message type, length: 1,  0x4D00
*Mar  1 00:22:37.243:   Dir: U --> N, Type: Cause, length: 5,  0x0803 0x8090 0x0000
*Mar  1 00:22:37.243:                   Cause No.16 : Normal call clearing
*Mar  1 00:22:37.243: *LAPF Serial1/0 DL_DATA_REQ -in state 7
*Mar  1 00:22:37.247: *LAPF Serial1/0 pak 6616B390 enqueued
*Mar  1 00:22:37.247: L3SDL : Ref: 1, Init : STATE_ACTIVE, Rcvd: MSG_DISCONNECT, Next : STATE_RELEASE_REQUEST
*Mar  1 00:22:37.247: *LAPF AckPending
*Mar  1 00:22:37.247: *LAPF Serial1/0 TX -> RR Rsp p/f=0, N(R)= 3
*Mar  1 00:22:37.251: *LAPF Serial1/0 TX -> I frame Cmd p/f=0 N(S)=1 N(R)=3
*Mar  1 00:22:37.251:  0x0001 0x0206 0x0802 0x0001 0x4D08 0x0380 0x9000
*Mar  1 00:22:37.471: *LAPF Serial1/0 RX <- I frame Cmd p/f=0 N(S)=3 N(R)=1
*Mar  1 00:22:37.471:  0x0001 0x0602 0x0802 0x8001 0x4D08 0x0282
*Mar  1 00:22:37.475: *LAPF Serial1/0 lapf_i_7
*Mar  1 00:22:37.475: *LAPF Serial1/0 DL_DATA_IND
*Mar  1 00:22:37.475: *LAPF Serial1/0Check sync, V(S)=2 V(A)=1 V(R)=4 N(R)=1 N(S)=3
*Mar  1 00:22:37.475:
New Incoming message on Serial1/0:
*Mar  1 00:22:37.475: L3CC IN : Protocol Discriminator is 8
*Mar  1 00:22:37.479: L3CC IN : Call Reference assigned by Router Side
*Mar  1 00:22:37.479: L3CC IN : Call Reference is 0x8001
*Mar  1 00:22:37.479:   Dir: U <-- N, Type: Call Reference, length: 3,  0x0280 0x014D
*Mar  1 00:22:37.479:
Incoming RELEASE:
*Mar  1 00:22:37.483:   Dir: U <-- N, Type: Cause, length: 4,  0x0802 0x8290
*Mar  1 00:22:37.483:                   Cause No.16 : Normal call clearing
*Mar  1 00:22:37.483: svc_process_l3_event:Walking table i 0 CS 19
*Mar  1 00:22:37.483: svc_process_l3_event:Walking table i 1 CS 19
*Mar  1 00:22:37.483: svc_process_l3_event:Walking table i 2 CS 19
*Mar  1 00:22:37.487: svc_process_l3_event:Walking table i 3 CS 19
*Mar  1 00:22:37.487: svc_process_l3_event:Walking table i 4 CS 19
*Mar  1 00:22:37.487: FRU19_Release Serial1/0
*Mar  1 00:22:37.487:
Outgoing MSG_RELEASE_COMPLETE
*Mar  1 00:22:37.487:   Dir: U --> N, Type: Prot Disc, length: 1,  0x0800
*Mar  1 00:22:37.487:   Dir: U --> N, Type: Call Ref, length: 3,  0x0200 0x0100
*Mar  1 00:22:37.491:   Dir: U --> N, Type: Message type, length: 1,  0x5A00
*Mar  1 00:22:37.491:   Dir: U --> N, Type: Cause, length: 5,  0x0803 0x8090 0x0000
*Mar  1 00:22:37.495:                   Cause No.16 : Normal call clearing
*Mar  1 00:22:37.495: *LAPF Serial1/0 DL_DATA_REQ -in state 7
*Mar  1 00:22:37.495: *LAPF Serial1/0 pak 6616D4E4 enqueued
*Mar  1 00:22:37.495: NLI STATE: NL_REL_CNF, Call ID 1 state 3
*Mar  1 00:22:37.495: NLI: Walking the event table 1
*Mar  1 00:22:37.495: NLI: Walking the event table 2
*Mar  1 00:22:37.499: NLI: Walking the event table 3
*Mar  1 00:22:37.499: NLI: Walking the event table 4
*Mar  1 00:22:37.499: NLI: Walking the event table 5
*Mar  1 00:22:37.499: NLI: Walking the event table 6
*Mar  1 00:22:37.499: NLI: Walking the event table 7
*Mar  1 00:22:37.499: NLI: NLx_RelCnf
*Mar  1 00:22:37.503: NLI: State : STATE_NL_CALL_CNF, Event : NL_REL_CNF, Next : STATE_NL_NULL
*Mar  1 00:22:37.503: Serial1/0:clearing 512
*Mar  1 00:22:37.503: %FR DLCI 512 on Serial1/0 is removed
*Mar  1 00:22:37.507: L3SDL : Ref: 1, Init : STATE_RELEASE_REQUEST, Rcvd: MSG_RELEASE, Next : STATE_NULL
*Mar  1 00:22:37.507: *LAPF AckPending
*Mar  1 00:22:37.507: *LAPF Serial1/0 TX -> RR Rsp p/f=0, N(R)= 4
*Mar  1 00:22:37.511: *LAPF Serial1/0 TX -> I frame Cmd p/f=0 N(S)=2 N(R)=4
*Mar  1 00:22:37.511:  0x0001 0x0408 0x0802 0x0001 0x5A08 0x0380 0x9000
*Mar  1 00:22:37.531: *LAPF Serial1/0 RX <- I frame Cmd p/f=0 N(S)=4 N(R)=2
*Mar  1 00:22:37.531:  0x0001 0x0804 0x0802 0x8001 0x5A08 0x0282
*Mar  1 00:22:37.535: *LAPF Serial1/0 lapf_i_7
*Mar  1 00:22:37.535: *LAPF Serial1/0 DL_DATA_IND
*Mar  1 00:22:37.535: *LAPF Serial1/0Check sync, V(S)=3 V(A)=1 V(R)=5 N(R)=2 N(S)=4
*Mar  1 00:22:37.535: *LAPF Serial1/0 update V(A), nr = 2, va = 1
*Mar  1 00:22:37.539:
New Incoming message on Serial1/0:
*Mar  1 00:22:37.539: L3CC IN : Protocol Discriminator is 8
*Mar  1 00:22:37.539: L3CC IN : Call Reference assigned by Router Side
*Mar  1 00:22:37.539: L3CC IN : Call Reference is 0x8001
*Mar  1 00:22:37.539:   Dir: U <-- N, Type: Call Reference, length: 3,  0x0280 0x015A
*Mar  1 00:22:37.543: *LAPF AckPending
*Mar  1 00:22:37.543: *LAPF Serial1/0 TX -> RR Rsp p/f=0, N(R)= 5
*Mar  1 00:22:37.587: *LAPF Serial1/0 RX <- RR Rsp p/f=0, N(R)= 2
*Mar  1 00:22:37.587: *LAPF Serial1/0 lapf_rr_7
*Mar  1 00:22:37.587: *LAPF Serial1/0Check sync, V(S)=3 V(A)=2 V(R)=5 N(R)=2 N(S)=4
*Mar  1 00:22:37.663: *LAPF Serial1/0 RX <- RR Rsp p/f=0, N(R)= 3
*Mar  1 00:22:37.663: *LAPF Serial1/0 lapf_rr_7
*Mar  1 00:22:37.663: *LAPF Serial1/0Check sync, V(S)=3 V(A)=2 V(R)=5 N(R)=3 N(S)=4
*Mar  1 00:22:37.663: *LAPF Serial1/0 update V(A), nr = 3, va = 2
*Mar  1 00:23:07.667: *LAPF Serial1/0 Lapf should be up
*Mar  1 00:23:07.667: *LAPF Serial1/0 T203 expired, state = 7
*Mar  1 00:23:07.667: *LAPF Serial1/0 TX -> RR Cmd p/f=1, N(R)= 5
*Mar  1 00:23:07.711: *LAPF Serial1/0 RX <- RR Rsp p/f=1, N(R)= 3
*Mar  1 00:23:07.711: *LAPF Serial1/0 lapf_rr_rej_rnr_8
*Mar  1 00:23:07.711: *LAPF Serial1/0Check sync, V(S)=3 V(A)=3 V(R)=5 N(R)=3 N(S)=4
*Mar  1 00:23:32.099: *LAPF Serial1/0 RX <- RR Cmd p/f=1, N(R)= 3
*Mar  1 00:23:32.099: *LAPF Serial1/0 lapf_rr_7
*Mar  1 00:23:32.099: *LAPF Serial1/0 TX -> RR Rsp p/f=1, N(R)= 5
*Mar  1 00:23:32.103: *LAPF Serial1/0Check sync, V(S)=3 V(A)=3 V(R)=5 N(R)=3 N(S)=4
*Mar  1 00:23:57.239: *LAPF Serial1/0 RX <- RR Cmd p/f=1, N(R)= 3
*Mar  1 00:23:57.239: *LAPF Serial1/0 lapf_rr_7
*Mar  1 00:23:57.239: *LAPF Serial1/0 TX -> RR Rsp p/f=1, N(R)= 5
*Mar  1 00:23:57.243: *LAPF Serial1/0Check sync, V(S)=3 V(A)=3 V(R)=5 N(R)=3 N(S)=4
*Mar  1 00:24:21.739: *LAPF Serial1/0 RX <- RR Cmd p/f=1, N(R)= 3
*Mar  1 00:24:21.739: *LAPF Serial1/0 lapf_rr_7
*Mar  1 00:24:21.739: *LAPF Serial1/0 TX -> RR Rsp p/f=1, N(R)= 5
*Mar  1 00:24:21.743: *LAPF Serial1/0Check sync, V(S)=3 V(A)=3 V(R)=5 N(R)=3 N(S)=4
*Mar  1 00:24:46.155: *LAPF Serial1/0 RX <- RR Cmd p/f=1, N(R)= 3
*Mar  1 00:24:46.159: *LAPF Serial1/0 lapf_rr_7
*Mar  1 00:24:46.159: *LAPF Serial1/0 TX -> RR Rsp p/f=1, N(R)= 5
*Mar  1 00:24:46.159: *LAPF Serial1/0Check sync, V(S)=3 V(A)=3 V(R)=5 N(R)=3 N(S)=4
*Mar  1 00:25:11.207: *LAPF Serial1/0 RX <- RR Cmd p/f=1, N(R)= 3
*Mar  1 00:25:11.211: *LAPF Serial1/0 lapf_rr_7
*Mar  1 00:25:11.211: *LAPF Serial1/0 TX -> RR Rsp p/f=1, N(R)= 5
*Mar  1 00:25:11.211: *LAPF Serial1/0Check sync, V(S)=3 V(A)=3 V(R)=5 N(R)=3 N(S)=4do write
Building configuration...
[OK]
Router(config)#
*Mar  1 00:25:40.023: *LAPF Serial1/0 RX <- RR Cmd p/f=1, N(R)= 3
*Mar  1 00:25:40.023: *LAPF Serial1/0 lapf_rr_7
*Mar  1 00:25:40.023: *LAPF Serial1/0 TX -> RR Rsp p/f=1, N(R)= 5
*Mar  1 00:25:40.027: *LAPF Serial1/0Check sync, V(S)=3 V(A)=3 V(R)=5 N(R)=3 N(S)=4
Router(config)#
*Mar  1 00:26:05.467: *LAPF Serial1/0 RX <- RR Cmd p/f=1, N(R)= 3
*Mar  1 00:26:05.467: *LAPF Serial1/0 lapf_rr_7
*Mar  1 00:26:05.467: *LAPF Serial1/0 TX -> RR Rsp p/f=1, N(R)= 5
*Mar  1 00:26:05.471: *LAPF Serial1/0Check sync, V(S)=3 V(A)=3 V(R)=5 N(R)=3 N(S)=4
*Mar  1 00:26:30.239: *LAPF Serial1/0 RX <- RR Cmd p/f=1, N(R)= 3
*Mar  1 00:26:30.239: *LAPF Serial1/0 lapf_rr_7
*Mar  1 00:26:30.239: *LAPF Serial1/0 TX -> RR Rsp p/f=1, N(R)= 5
*Mar  1 00:26:30.243: *LAPF Serial1/0Check sync, V(S)=3 V(A)=3 V(R)=5 N(R)=3 N(S)=4
*Mar  1 00:26:49.259: *LAPF Serial1/0 RX <- I frame Cmd p/f=0 N(S)=5 N(R)=3
*Mar  1 00:26:49.259:  0x0001 0x0A06 0x0802 0x0006 0x0504 0x0388 0xA0CF 0x1902
*Mar  1 00:26:49.263:  0x6080 0x480C 0x090B 0xDC0A 0x30C0 0x0D01 0x800E 0x00E0
*Mar  1 00:26:49.267:  0x6A06 0x0188 0x0244 0x0301 0x6C0E 0x1381 0x3531 0x3034
*Mar  1 00:26:49.267:  0x3031 0x3031 0x3130 0x3030 0x700D 0x9335 0x3130 0x3430
*Mar  1 00:26:49.271:  0x3130 0x3131 0x3030 0x337C 0x0388 0xA0CE 0x7E02 0x0000
*Mar  1 00:26:49.275:
*Mar  1 00:26:49.275: *LAPF Serial1/0 lapf_i_7
*Mar  1 00:26:49.275: *LAPF Serial1/0 DL_DATA_IND
*Mar  1 00:26:49.279: *LAPF Serial1/0Check sync, V(S)=3 V(A)=3 V(R)=6 N(R)=3 N(S)=5
*Mar  1 00:26:49.279:
New Incoming message on Serial1/0:
*Mar  1 00:26:49.279: L3CC IN : Protocol Discriminator is 8
*Mar  1 00:26:49.279: L3CC IN : Call Reference assigned by Remote Side
*Mar  1 00:26:49.279: L3CC IN : Call Reference is 0x6
*Mar  1 00:26:49.283:   Dir: U <-- N, Type: Call Reference, length: 3,  0x0200 0x0605
*Mar  1 00:26:49.283:
Incoming SETUP :
*Mar  1 00:26:49.283:   Dir: U <-- N, Type: Bearer Capability : , length: 5,  0x0403 0x88A0 0xCF19
*Mar  1 00:26:49.287:   Dir: U <-- N, Type: DLCI IE, length: 4,  0x1902 0x6080
*Mar  1 00:26:49.287: L3CC IN: DLCI for call 512
*Mar  1 00:26:49.287:   Dir: U <-- N, Type: FMIF IE , length: 3,  0x090B 0xDC0A
*Mar  1 00:26:49.287:   Dir: U <-- N, Type: Throughput, length: 3,  0x0A30 0xC00D
*Mar  1 00:26:49.291:   Dir: U <-- N, Type: CBS, length: 3,  0x0D01 0x800E
*Mar  1 00:26:49.291:   Dir: U <-- N, Type: EBS, length: 3,  0x0E00 0xE06A
*Mar  1 00:26:49.295: L3CC IN: SETUP MSG :Illegal IE ID of 0x6A
*Mar  1 00:26:49.295:   Dir: U <-- N, Type: Illegal IE, length: 8,  0x6A06 0x0188 0x0244 0x0301
*Mar  1 00:26:49.295:
*Mar  1 00:26:49.295:   Dir: U <-- N, Type: Calling Party IE, length: 16,  0x6C0E 0x1381 0x3531 0x3034
*Mar  1 00:26:49.299:                                    0x3031 0x3031 0x3130 0x3030
*Mar  1 00:26:49.299:
*Mar  1 00:26:49.299:         Calling Party IE: 510401011000, Length: 12
*Mar  1 00:26:49.303:   Dir: U <-- N, Type: Called Party IE, length: 15,  0x700D 0x9335 0x3130 0x3430
*Mar  1 00:26:49.303:                                    0x3130 0x3131 0x3030 0x337C
*Mar  1 00:26:49.303:
*Mar  1 00:26:49.307:   Dir: U <-- N, Type: Low Layer Comp, length: 5,  0x7C03 0x88A0 0xCE7E
*Mar  1 00:26:49.307:   Dir: U <-- N, Type: User-User, length: 4,  0x7E02 0x0000
*Mar  1 00:26:49.307: svc_process_l3_event:Walking table i 0 CS 0
*Mar  1 00:26:49.307: FRU0_Setup : Serial1/0
*Mar  1 00:26:49.307: L3SDL : Ref: 32774, Init : STATE_NULL, Rcvd: MSG_SETUP, Next : STATE_CALL_PRESENT
*Mar  1 00:26:49.311: call id for new call: 2
*Mar  1 00:26:49.311: NLI: Map-list search: Relevant map-list not found 510401011000 510401011003
*Mar  1 00:26:49.311:
Outgoing MSG_RELEASE_COMPLETE
*Mar  1 00:26:49.311:   Dir: U --> N, Type: Prot Disc, length: 1,  0x0800
*Mar  1 00:26:49.311:   Dir: U --> N, Type: Call Ref, length: 3,  0x0280 0x0600
*Mar  1 00:26:49.315:   Dir: U --> N, Type: Message type, length: 1,  0x5A00
*Mar  1 00:26:49.315:   Dir: U --> N, Type: Cause, length: 5,  0x0803 0x80D8 0x0000
*Mar  1 00:26:49.315:                   Cause No.88 : Incompatible destination
*Mar  1 00:26:49.315: *LAPF Serial1/0 DL_DATA_REQ -in state 7
*Mar  1 00:26:49.315: *LAPF Serial1/0 pak 65C25824 enqueued
*Mar  1 00:26:49.319: FRU0_Setup   : INCOMPATIBLE DESTINATION
*Mar  1 00:26:49.319: *LAPF AckPending
*Mar  1 00:26:49.319: *LAPF Serial1/0 TX -> RR Rsp p/f=0, N(R)= 6
*Mar  1 00:26:49.319: *LAPF Serial1/0 TX -> I frame Cmd p/f=0 N(S)=3 N(R)=6
*Mar  1 00:26:49.323:  0x0001 0x060C 0x0802 0x8006 0x5A08 0x0380 0xD800
*Mar  1 00:26:49.547: *LAPF Serial1/0 RX <- RR Rsp p/f=0, N(R)= 4
*Mar  1 00:26:49.547: *LAPF Serial1/0 lapf_rr_7
*Mar  1 00:26:49.547: *LAPF Serial1/0Check sync, V(S)=4 V(A)=3 V(R)=6 N(R)=4 N(S)=5
*Mar  1 00:26:49.547: *LAPF Serial1/0 update V(A), nr = 4, va = 3
*Mar  1 00:26:52.587: *LAPF Serial1/0 RX <- I frame Cmd p/f=0 N(S)=6 N(R)=4
*Mar  1 00:26:52.587:  0x0001 0x0C08 0x0802 0x0007 0x0504 0x0388 0xA0CF 0x1902
*Mar  1 00:26:52.591:  0x6080 0x480C 0x090B 0xDC0A 0x30C0 0x0D01 0x800E 0x00E0
*Mar  1 00:26:52.595:  0x6A06 0x0188 0x0244 0x0301 0x6C0E 0x1381 0x3531 0x3034
*Mar  1 00:26:52.595:  0x3031 0x3031 0x3130 0x3030 0x700D 0x9335 0x3130 0x3430
*Mar  1 00:26:52.599:  0x3130 0x3131 0x3030 0x337C 0x0388 0xA0CE 0x7E02 0x0000
*Mar  1 00:26:52.603:
*Mar  1 00:26:52.603: *LAPF Serial1/0 lapf_i_7
*Mar  1 00:26:52.603: *LAPF Serial1/0 DL_DATA_IND
*Mar  1 00:26:52.607: *LAPF Serial1/0Check sync, V(S)=4 V(A)=4 V(R)=7 N(R)=4 N(S)=6
*Mar  1 00:26:52.607:
New Incoming message on Serial1/0:
*Mar  1 00:26:52.607: L3CC IN : Protocol Discriminator is 8
*Mar  1 00:26:52.607: L3CC IN : Call Reference assigned by Remote Side
*Mar  1 00:26:52.611: L3CC IN : Call Reference is 0x7
*Mar  1 00:26:52.611:   Dir: U <-- N, Type: Call Reference, length: 3,  0x0200 0x0705
*Mar  1 00:26:52.611:
Incoming SETUP :
*Mar  1 00:26:52.611:   Dir: U <-- N, Type: Bearer Capability : , length: 5,  0x0403 0x88A0 0xCF19
*Mar  1 00:26:52.615:   Dir: U <-- N, Type: DLCI IE, length: 4,  0x1902 0x6080
*Mar  1 00:26:52.615: L3CC IN: DLCI for call 512
*Mar  1 00:26:52.615:   Dir: U <-- N, Type: FMIF IE , length: 3,  0x090B 0xDC0A
*Mar  1 00:26:52.619:   Dir: U <-- N, Type: Throughput, length: 3,  0x0A30 0xC00D
*Mar  1 00:26:52.619:   Dir: U <-- N, Type: CBS, length: 3,  0x0D01 0x800E
*Mar  1 00:26:52.619:   Dir: U <-- N, Type: EBS, length: 3,  0x0E00 0xE06A
*Mar  1 00:26:52.623: L3CC IN: SETUP MSG :Illegal IE ID of 0x6A
*Mar  1 00:26:52.623:   Dir: U <-- N, Type: Illegal IE, length: 8,  0x6A06 0x0188 0x0244 0x0301
*Mar  1 00:26:52.623:
*Mar  1 00:26:52.627:   Dir: U <-- N, Type: Calling Party IE, length: 16,  0x6C0E 0x1381 0x3531 0x3034
*Mar  1 00:26:52.627:                                    0x3031 0x3031 0x3130 0x3030
*Mar  1 00:26:52.631:
*Mar  1 00:26:52.631:         Calling Party IE: 510401011000, Length: 12
*Mar  1 00:26:52.631:   Dir: U <-- N, Type: Called Party IE, length: 15,  0x700D 0x9335 0x3130 0x3430
*Mar  1 00:26:52.631:                                    0x3130 0x3131 0x3030 0x337C
*Mar  1 00:26:52.635:
*Mar  1 00:26:52.635:   Dir: U <-- N, Type: Low Layer Comp, length: 5,  0x7C03 0x88A0 0xCE7E
*Mar  1 00:26:52.635:   Dir: U <-- N, Type: User-User, length: 4,  0x7E02 0x0000
*Mar  1 00:26:52.635: svc_process_l3_event:Walking table i 0 CS 0
*Mar  1 00:26:52.635: FRU0_Setup : Serial1/0
*Mar  1 00:26:52.639: L3SDL : Ref: 32775, Init : STATE_NULL, Rcvd: MSG_SETUP, Next : STATE_CALL_PRESENT
*Mar  1 00:26:52.639: call id for new call: 3
*Mar  1 00:26:52.639: NLI: Map-list search: Relevant map-list not found 510401011000 510401011003
*Mar  1 00:26:52.639:
Outgoing MSG_RELEASE_COMPLETE
*Mar  1 00:26:52.639:   Dir: U --> N, Type: Prot Disc, length: 1,  0x0800
*Mar  1 00:26:52.643:   Dir: U --> N, Type: Call Ref, length: 3,  0x0280 0x0700
*Mar  1 00:26:52.643:   Dir: U --> N, Type: Message type, length: 1,  0x5A00
*Mar  1 00:26:52.643:   Dir: U --> N, Type: Cause, length: 5,  0x0803 0x80D8 0x0000
*Mar  1 00:26:52.643:                   Cause No.88 : Incompatible destination
*Mar  1 00:26:52.643: *LAPF Serial1/0 DL_DATA_REQ -in state 7
*Mar  1 00:26:52.647: *LAPF Serial1/0 pak 6616BEAC enqueued
*Mar  1 00:26:52.647: FRU0_Setup   : INCOMPATIBLE DESTINATION
*Mar  1 00:26:52.647: *LAPF AckPending
*Mar  1 00:26:52.647: *LAPF Serial1/0 TX -> RR Rsp p/f=0, N(R)= 7
*Mar  1 00:26:52.651: *LAPF Serial1/0 TX -> I frame Cmd p/f=0 N(S)=4 N(R)=7
*Mar  1 00:26:52.651:  0x0001 0x080E 0x0802 0x8007 0x5A08 0x0380 0xD800
*Mar  1 00:26:52.863: *LAPF Serial1/0 RX <- RR Rsp p/f=0, N(R)= 5
*Mar  1 00:26:52.863: *LAPF Serial1/0 lapf_rr_7
*Mar  1 00:26:52.863: *LAPF Serial1/0Check sync, V(S)=5 V(A)=4 V(R)=7 N(R)=5 N(S)=6
*Mar  1 00:26:52.867: *LAPF Serial1/0 update V(A), nr = 5, va = 4
*Mar  1 00:26:55.671: *LAPF Serial1/0 RX <- I frame Cmd p/f=0 N(S)=7 N(R)=5
*Mar  1 00:26:55.671:  0x0001 0x0E0A 0x0802 0x0008 0x0504 0x0388 0xA0CF 0x1902
*Mar  1 00:26:55.675:  0x6080 0x480C 0x090B 0xDC0A 0x30C0 0x0D01 0x800E 0x00E0
*Mar  1 00:26:55.679:  0x6A06 0x0188 0x0244 0x0301 0x6C0E 0x1381 0x3531 0x3034
*Mar  1 00:26:55.683:  0x3031 0x3031 0x3130 0x3030 0x700D 0x9335 0x3130 0x3430
*Mar  1 00:26:55.683:  0x3130 0x3131 0x3030 0x337C 0x0388 0xA0CE 0x7E02 0x0000
*Mar  1 00:26:55.687:
*Mar  1 00:26:55.687: *LAPF Serial1/0 lapf_i_7
*Mar  1 00:26:55.691: *LAPF Serial1/0 DL_DATA_IND
*Mar  1 00:26:55.691: *LAPF Serial1/0Check sync, V(S)=5 V(A)=5 V(R)=8 N(R)=5 N(S)=7
*Mar  1 00:26:55.691:
New Incoming message on Serial1/0:
*Mar  1 00:26:55.691: L3CC IN : Protocol Discriminator is 8
*Mar  1 00:26:55.695: L3CC IN : Call Reference assigned by Remote Side
*Mar  1 00:26:55.695: L3CC IN : Call Reference is 0x8
*Mar  1 00:26:55.695:   Dir: U <-- N, Type: Call Reference, length: 3,  0x0200 0x0805
*Mar  1 00:26:55.695:
Incoming SETUP :
*Mar  1 00:26:55.695:   Dir: U <-- N, Type: Bearer Capability : , length: 5,  0x0403 0x88A0 0xCF19
*Mar  1 00:26:55.699:   Dir: U <-- N, Type: DLCI IE, length: 4,  0x1902 0x6080
*Mar  1 00:26:55.699: L3CC IN: DLCI for call 512
*Mar  1 00:26:55.699:   Dir: U <-- N, Type: FMIF IE , length: 3,  0x090B 0xDC0A
*Mar  1 00:26:55.703:   Dir: U <-- N, Type: Throughput, length: 3,  0x0A30 0xC00D
*Mar  1 00:26:55.703:   Dir: U <-- N, Type: CBS, length: 3,  0x0D01 0x800E
*Mar  1 00:26:55.703:   Dir: U <-- N, Type: EBS, length: 3,  0x0E00 0xE06A
*Mar  1 00:26:55.707: L3CC IN: SETUP MSG :Illegal IE ID of 0x6A
*Mar  1 00:26:55.707:   Dir: U <-- N, Type: Illegal IE, length: 8,  0x6A06 0x0188 0x0244 0x0301
*Mar  1 00:26:55.707:
*Mar  1 00:26:55.711:   Dir: U <-- N, Type: Calling Party IE, length: 16,  0x6C0E 0x1381 0x3531 0x3034
*Mar  1 00:26:55.711:                                    0x3031 0x3031 0x3130 0x3030
*Mar  1 00:26:55.715:
*Mar  1 00:26:55.715:         Calling Party IE: 510401011000, Length: 12
*Mar  1 00:26:55.715:   Dir: U <-- N, Type: Called Party IE, length: 15,  0x700D 0x9335 0x3130 0x3430
*Mar  1 00:26:55.715:                                    0x3130 0x3131 0x3030 0x337C
*Mar  1 00:26:55.719:
*Mar  1 00:26:55.719:   Dir: U <-- N, Type: Low Layer Comp, length: 5,  0x7C03 0x88A0 0xCE7E
*Mar  1 00:26:55.719:   Dir: U <-- N, Type: User-User, length: 4,  0x7E02 0x0000
*Mar  1 00:26:55.719: svc_process_l3_event:Walking table i 0 CS 0
*Mar  1 00:26:55.719: FRU0_Setup : Serial1/0
*Mar  1 00:26:55.723: L3SDL : Ref: 32776, Init : STATE_NULL, Rcvd: MSG_SETUP, Next : STATE_CALL_PRESENT
*Mar  1 00:26:55.723: call id for new call: 4
*Mar  1 00:26:55.723: NLI: Map-list search: Relevant map-list not found 510401011000 510401011003
*Mar  1 00:26:55.723:
Outgoing MSG_RELEASE_COMPLETE
*Mar  1 00:26:55.723:   Dir: U --> N, Type: Prot Disc, length: 1,  0x0800
*Mar  1 00:26:55.727:   Dir: U --> N, Type: Call Ref, length: 3,  0x0280 0x0800
*Mar  1 00:26:55.727:   Dir: U --> N, Type: Message type, length: 1,  0x5A00
*Mar  1 00:26:55.727:   Dir: U --> N, Type: Cause, length: 5,  0x0803 0x80D8 0x0000
*Mar  1 00:26:55.727:                   Cause No.88 : Incompatible destination
*Mar  1 00:26:55.727: *LAPF Serial1/0 DL_DATA_REQ -in state 7
*Mar  1 00:26:55.731: *LAPF Serial1/0 pak 65C241EC enqueued
*Mar  1 00:26:55.731: FRU0_Setup   : INCOMPATIBLE DESTINATION
*Mar  1 00:26:55.731: *LAPF AckPending
*Mar  1 00:26:55.731: *LAPF Serial1/0 TX -> RR Rsp p/f=0, N(R)= 8
*Mar  1 00:26:55.735: *LAPF Serial1/0 TX -> I frame Cmd p/f=0 N(S)=5 N(R)=8
*Mar  1 00:26:55.735:  0x0001 0x0A10 0x0802 0x8008 0x5A08 0x0380 0xD800
*Mar  1 00:26:55.923: *LAPF Serial1/0 RX <- RR Rsp p/f=0, N(R)= 6
*Mar  1 00:26:55.923: *LAPF Serial1/0 lapf_rr_7
*Mar  1 00:26:55.923: *LAPF Serial1/0Check sync, V(S)=6 V(A)=5 V(R)=8 N(R)=6 N(S)=7
*Mar  1 00:26:55.923: *LAPF Serial1/0 update V(A), nr = 6, va = 5
*Mar  1 00:26:58.863: *LAPF Serial1/0 RX <- I frame Cmd p/f=0 N(S)=8 N(R)=6
*Mar  1 00:26:58.863:  0x0001 0x100C 0x0802 0x0009 0x0504 0x0388 0xA0CF 0x1902
*Mar  1 00:26:58.867:  0x6080 0x480C 0x090B 0xDC0A 0x30C0 0x0D01 0x800E 0x00E0
*Mar  1 00:26:58.871:  0x6A06 0x0188 0x0244 0x0301 0x6C0E 0x1381 0x3531 0x3034
*Mar  1 00:26:58.871:  0x3031 0x3031 0x3130 0x3030 0x700D 0x9335 0x3130 0x3430
*Mar  1 00:26:58.875:  0x3130 0x3131 0x3030 0x337C 0x0388 0xA0CE 0x7E02 0x0000
*Mar  1 00:26:58.879:
*Mar  1 00:26:58.879: *LAPF Serial1/0 lapf_i_7
*Mar  1 00:26:58.879: *LAPF Serial1/0 DL_DATA_IND
*Mar  1 00:26:58.883: *LAPF Serial1/0Check sync, V(S)=6 V(A)=6 V(R)=9 N(R)=6 N(S)=8
*Mar  1 00:26:58.883:
New Incoming message on Serial1/0:
*Mar  1 00:26:58.883: L3CC IN : Protocol Discriminator is 8
*Mar  1 00:26:58.883: L3CC IN : Call Reference assigned by Remote Side
*Mar  1 00:26:58.887: L3CC IN : Call Reference is 0x9
*Mar  1 00:26:58.887:   Dir: U <-- N, Type: Call Reference, length: 3,  0x0200 0x0905
*Mar  1 00:26:58.887:
Incoming SETUP :
*Mar  1 00:26:58.887:   Dir: U <-- N, Type: Bearer Capability : , length: 5,  0x0403 0x88A0 0xCF19
*Mar  1 00:26:58.891:   Dir: U <-- N, Type: DLCI IE, length: 4,  0x1902 0x6080
*Mar  1 00:26:58.891: L3CC IN: DLCI for call 512
*Mar  1 00:26:58.891:   Dir: U <-- N, Type: FMIF IE , length: 3,  0x090B 0xDC0A
*Mar  1 00:26:58.895:   Dir: U <-- N, Type: Throughput, length: 3,  0x0A30 0xC00D
*Mar  1 00:26:58.895:   Dir: U <-- N, Type: CBS, length: 3,  0x0D01 0x800E
*Mar  1 00:26:58.895:   Dir: U <-- N, Type: EBS, length: 3,  0x0E00 0xE06A
*Mar  1 00:26:58.899: L3CC IN: SETUP MSG :Illegal IE ID of 0x6A
*Mar  1 00:26:58.899:   Dir: U <-- N, Type: Illegal IE, length: 8,  0x6A06 0x0188 0x0244 0x0301
*Mar  1 00:26:58.899:
*Mar  1 00:26:58.899:   Dir: U <-- N, Type: Calling Party IE, length: 16,  0x6C0E 0x1381 0x3531 0x3034
*Mar  1 00:26:58.903:                                    0x3031 0x3031 0x3130 0x3030
*Mar  1 00:26:58.903:
*Mar  1 00:26:58.903:         Calling Party IE: 510401011000, Length: 12
*Mar  1 00:26:58.907:   Dir: U <-- N, Type: Called Party IE, length: 15,  0x700D 0x9335 0x3130 0x3430
*Mar  1 00:26:58.907:                                    0x3130 0x3131 0x3030 0x337C
*Mar  1 00:26:58.907:
*Mar  1 00:26:58.911:   Dir: U <-- N, Type: Low Layer Comp, length: 5,  0x7C03 0x88A0 0xCE7E
*Mar  1 00:26:58.911:   Dir: U <-- N, Type: User-User, length: 4,  0x7E02 0x0000
*Mar  1 00:26:58.911: svc_process_l3_event:Walking table i 0 CS 0
*Mar  1 00:26:58.911: FRU0_Setup : Serial1/0
*Mar  1 00:26:58.911: L3SDL : Ref: 32777, Init : STATE_NULL, Rcvd: MSG_SETUP, Next : STATE_CALL_PRESENT
*Mar  1 00:26:58.915: call id for new call: 5
*Mar  1 00:26:58.915: NLI: Map-list search: Relevant map-list not found 510401011000 510401011003
*Mar  1 00:26:58.915:
Outgoing MSG_RELEASE_COMPLETE
*Mar  1 00:26:58.915:   Dir: U --> N, Type: Prot Disc, length: 1,  0x0800
*Mar  1 00:26:58.915:   Dir: U --> N, Type: Call Ref, length: 3,  0x0280 0x0900
*Mar  1 00:26:58.919:   Dir: U --> N, Type: Message type, length: 1,  0x5A00
*Mar  1 00:26:58.919:   Dir: U --> N, Type: Cause, length: 5,  0x0803 0x80D8 0x0000
*Mar  1 00:26:58.919:                   Cause No.88 : Incompatible destination
*Mar  1 00:26:58.919: *LAPF Serial1/0 DL_DATA_REQ -in state 7
*Mar  1 00:26:58.923: *LAPF Serial1/0 pak 65C25470 enqueued
*Mar  1 00:26:58.923: FRU0_Setup   : INCOMPATIBLE DESTINATION
*Mar  1 00:26:58.923: *LAPF AckPending
*Mar  1 00:26:58.923: *LAPF Serial1/0 TX -> RR Rsp p/f=0, N(R)= 9
*Mar  1 00:26:58.927: *LAPF Serial1/0 TX -> I frame Cmd p/f=0 N(S)=6 N(R)=9
*Mar  1 00:26:58.927:  0x0001 0x0C12 0x0802 0x8009 0x5A08 0x0380 0xD800
*Mar  1 00:26:59.115: *LAPF Serial1/0 RX <- RR Rsp p/f=0, N(R)= 7
*Mar  1 00:26:59.115: *LAPF Serial1/0 lapf_rr_7
*Mar  1 00:26:59.115: *LAPF Serial1/0Check sync, V(S)=7 V(A)=6 V(R)=9 N(R)=7 N(S)=8
*Mar  1 00:26:59.115: *LAPF Serial1/0 update V(A), nr = 7, va = 6
*Mar  1 00:27:01.159: *LAPF Serial1/0 RX <- I frame Cmd p/f=0 N(S)=9 N(R)=7
*Mar  1 00:27:01.159:  0x0001 0x120E 0x0802 0x000A 0x0504 0x0388 0xA0CF 0x1902
*Mar  1 00:27:01.163:  0x6080 0x480C 0x090B 0xDC0A 0x30C0 0x0D01 0x800E 0x00E0
*Mar  1 00:27:01.167:  0x6A06 0x0188 0x0244 0x0301 0x6C0E 0x1381 0x3531 0x3034
*Mar  1 00:27:01.171:  0x3031 0x3031 0x3130 0x3030 0x700D 0x9335 0x3130 0x3430
*Mar  1 00:27:01.171:  0x3130 0x3131 0x3030 0x337C 0x0388 0xA0CE 0x7E02 0x0000
*Mar  1 00:27:01.175:
*Mar  1 00:27:01.175: *LAPF Serial1/0 lapf_i_7
*Mar  1 00:27:01.175: *LAPF Serial1/0 DL_DATA_IND
*Mar  1 00:27:01.179: *LAPF Serial1/0Check sync, V(S)=7 V(A)=7 V(R)=10 N(R)=7 N(S)=9
*Mar  1 00:27:01.179:
New Incoming message on Serial1/0:
*Mar  1 00:27:01.179: L3CC IN : Protocol Discriminator is 8
*Mar  1 00:27:01.179: L3CC IN : Call Reference assigned by Remote Side
*Mar  1 00:27:01.183: L3CC IN : Call Reference is 0xA
*Mar  1 00:27:01.183:   Dir: U <-- N, Type: Call Reference, length: 3,  0x0200 0x0A05
*Mar  1 00:27:01.183:
Incoming SETUP :
*Mar  1 00:27:01.183:   Dir: U <-- N, Type: Bearer Capability : , length: 5,  0x0403 0x88A0 0xCF19
*Mar  1 00:27:01.187:   Dir: U <-- N, Type: DLCI IE, length: 4,  0x1902 0x6080
*Mar  1 00:27:01.187: L3CC IN: DLCI for call 512
*Mar  1 00:27:01.187:   Dir: U <-- N, Type: FMIF IE , length: 3,  0x090B 0xDC0A
*Mar  1 00:27:01.191:   Dir: U <-- N, Type: Throughput, length: 3,  0x0A30 0xC00D
*Mar  1 00:27:01.191:   Dir: U <-- N, Type: CBS, length: 3,  0x0D01 0x800E
*Mar  1 00:27:01.191:   Dir: U <-- N, Type: EBS, length: 3,  0x0E00 0xE06A
*Mar  1 00:27:01.195: L3CC IN: SETUP MSG :Illegal IE ID of 0x6A
*Mar  1 00:27:01.195:   Dir: U <-- N, Type: Illegal IE, length: 8,  0x6A06 0x0188 0x0244 0x0301
*Mar  1 00:27:01.195:
*Mar  1 00:27:01.195:   Dir: U <-- N, Type: Calling Party IE, length: 16,  0x6C0E 0x1381 0x3531 0x3034
*Mar  1 00:27:01.199:                                    0x3031 0x3031 0x3130 0x3030
*Mar  1 00:27:01.199:
*Mar  1 00:27:01.203:         Calling Party IE: 510401011000, Length: 12
*Mar  1 00:27:01.203:   Dir: U <-- N, Type: Called Party IE, length: 15,  0x700D 0x9335 0x3130 0x3430
*Mar  1 00:27:01.203:                                    0x3130 0x3131 0x3030 0x337C
*Mar  1 00:27:01.203:
*Mar  1 00:27:01.207:   Dir: U <-- N, Type: Low Layer Comp, length: 5,  0x7C03 0x88A0 0xCE7E
*Mar  1 00:27:01.207:   Dir: U <-- N, Type: User-User, length: 4,  0x7E02 0x0000
*Mar  1 00:27:01.207: svc_process_l3_event:Walking table i 0 CS 0
*Mar  1 00:27:01.207: FRU0_Setup : Serial1/0
*Mar  1 00:27:01.207: L3SDL : Ref: 32778, Init : STATE_NULL, Rcvd: MSG_SETUP, Next : STATE_CALL_PRESENT
*Mar  1 00:27:01.211: call id for new call: 6
*Mar  1 00:27:01.211: NLI: Map-list search: Relevant map-list not found 510401011000 510401011003
*Mar  1 00:27:01.211:
Outgoing MSG_RELEASE_COMPLETE
*Mar  1 00:27:01.211:   Dir: U --> N, Type: Prot Disc, length: 1,  0x0800
*Mar  1 00:27:01.211:   Dir: U --> N, Type: Call Ref, length: 3,  0x0280 0x0A00
*Mar  1 00:27:01.215:   Dir: U --> N, Type: Message type, length: 1,  0x5A00
*Mar  1 00:27:01.215:   Dir: U --> N, Type: Cause, length: 5,  0x0803 0x80D8 0x0000
*Mar  1 00:27:01.215:                   Cause No.88 : Incompatible destination
*Mar  1 00:27:01.215: *LAPF Serial1/0 DL_DATA_REQ -in state 7
*Mar  1 00:27:01.219: *LAPF Serial1/0 pak 65C266F4 enqueued
*Mar  1 00:27:01.219: FRU0_Setup   : INCOMPATIBLE DESTINATION
*Mar  1 00:27:01.219: *LAPF AckPending
*Mar  1 00:27:01.219: *LAPF Serial1/0 TX -> RR Rsp p/f=0, N(R)= 10
*Mar  1 00:27:01.223: *LAPF Serial1/0 TX -> I frame Cmd p/f=0 N(S)=7 N(R)=10
*Mar  1 00:27:01.223:  0x0001 0x0E14 0x0802 0x800A 0x5A08 0x0380 0xD800
*Mar  1 00:27:01.351: *LAPF Serial1/0 RX <- RR Rsp p/f=0, N(R)= 8
*Mar  1 00:27:01.351: *LAPF Serial1/0 lapf_rr_7
*Mar  1 00:27:01.355: *LAPF Serial1/0Check sync, V(S)=8 V(A)=7 V(R)=10 N(R)=8 N(S)=9
*Mar  1 00:27:01.355: *LAPF Serial1/0 update V(A), nr = 8, va = 7
*Mar  1 00:27:31.355: *LAPF Serial1/0 Lapf should be up
*Mar  1 00:27:31.355: *LAPF Serial1/0 T203 expired, state = 7
*Mar  1 00:27:31.355: *LAPF Serial1/0 TX -> RR Cmd p/f=1, N(R)= 10
*Mar  1 00:27:31.443: *LAPF Serial1/0 RX <- RR Rsp p/f=1, N(R)= 8
*Mar  1 00:27:31.443: *LAPF Serial1/0 lapf_rr_rej_rnr_8
*Mar  1 00:27:31.443: *LAPF Serial1/0Check sync, V(S)=8 V(A)=8 V(R)=10 N(R)=8 N(S)=9
Router(config)#do sh
*Mar  1 00:27:57.227: *LAPF Serial1/0 RX <- RR Cmd p/f=1, N(R)= 8
*Mar  1 00:27:57.227: *LAPF Serial1/0 lapf_rr_7
*Mar  1 00:27:57.227: *LAPF Serial1/0 TX -> RR Rsp p/f=1, N(R)= 10
*Mar  1 00:27:57.231: *LAPF Serial1/0Check sync, V(S)=8 V(A)=8 V(R)=10 N(R)=8 N(S)=9ow run?
LINE    <cr>
Router(config)#do show run
Building configuration...
Current configuration : 1302 bytes
!
version 12.4
service timestamps debug datetime msec
service timestamps log datetime msec
no service password-encryption
!
hostname Router
!
boot-start-marker
boot-end-marker
!
!
no aaa new-model
memory-size iomem 5
!
!
ip cef
!
!
multilink bundle-name authenticated
!
!
!
!
!
!
!
!
!
!
!
!
!
!
archive
 log config
  hidekeys
!
!
!
!
!
!
!
!
interface FastEthernet0/0
 no ip address
 shutdown
 duplex auto
 speed auto
!
interface FastEthernet0/1
 no ip address
 shutdown
 duplex auto
 speed auto
!
interface Serial1/0
 ip address 10.10.10.4 255.255.255.224
 encapsulation frame-relay IETF
 map-group linktest
 serial restart-delay 0
 frame-relay lmi-type q933a
 frame-relay svc
!
interface Serial1/1
 no ip address
 shutdown
 serial restart-delay 0
!
interface Serial1/2
 no ip address
 shutdown
 serial restart-delay 0
!
interface Serial1/3
 no ip address
 shutdown
 serial restart-delay 0
!
!
ip http server
no ip http secure-server
ip forward-protocol nd
!
!
!
!
map-list linktest source-addr X121 510401011004 dest-addr X121 510401011000
 ip 10.10.10.1 class linktest broadcast ietf
!
map-class frame-relay linktest
 frame-relay cir 64000
 frame-relay bc 768000
 frame-relay be 128000
 frame-relay idle-timer 90
!
 
Router(config)#do show run
*Mar  1 00:28:27.231: *LAPF Serial1/0 Lapf should be up
*Mar  1 00:28:27.231: *LAPF Serial1/0 T203 expired, state = 7
*Mar  1 00:28:27.231: *LAPF Serial1/0 TX -> RR Cmd p/f=1, N(R)= 10
*Mar  1 00:28:27.383: *LAPF Serial1/0 RX <- RR Rsp p/f=1, N(R)= 8
*Mar  1 00:28:27.383: *LAPF Serial1/0 lapf_rr_rej_rnr_8
*Mar  1 00:28:27.383: *LAPF Serial1/0Check sync, V(S)=8 V(A)=8 V(R)=10 N(R)=8 N(S)=9
*Mar  1 00:28:33.535: *LAPF Serial1/0 RX <- I frame Cmd p/f=0 N(S)=10 N(R)=8
*Mar  1 00:28:33.535:  0x0001 0x1410 0x0802 0x000B 0x0504 0x0388 0xA0CF 0x1902
*Mar  1 00:28:33.539:  0x6080 0x480C 0x090B 0xDC0A 0x30C0 0x0D01 0x800E 0x00E0
*Mar  1 00:28:33.543:  0x6A06 0x0188 0x0244 0x0301 0x6C0E 0x1381 0x3531 0x3034
*Mar  1 00:28:33.543:  0x3031 0x3031 0x3130 0x3030 0x700D 0x9335 0x3130 0x3430
*Mar  1 00:28:33.547:  0x3130 0x3131 0x3030 0x337C 0x0388 0xA0CE 0x7E02 0x0000
*Mar  1 00:28:33.551:
*Mar  1 00:28:33.551: *LAPF Serial1/0 lapf_i_7
*Mar  1 00:28:33.551: *LAPF Serial1/0 DL_DATA_IND
*Mar  1 00:28:33.555: *LAPF Serial1/0Check sync, V(S)=8 V(A)=8 V(R)=11 N(R)=8 N(S)=10
*Mar  1 00:28:33.555:
New Incoming message on Serial1/0:
*Mar  1 00:28:33.555: L3CC IN : Protocol Discriminator is 8
*Mar  1 00:28:33.555: L3CC IN : Call Reference assigned by Remote Side
*Mar  1 00:28:33.559: L3CC IN : Call Reference is 0xB
*Mar  1 00:28:33.559:   Dir: U <-- N, Type: Call Reference, length: 3,  0x0200 0x0B05
*Mar  1 00:28:33.559:
Incoming SETUP :
*Mar  1 00:28:33.559:   Dir: U <-- N, Type: Bearer Capability : , length: 5,  0x0403 0x88A0 0xCF19
*Mar  1 00:28:33.563:   Dir: U <-- N, Type: DLCI IE, length: 4,  0x1902 0x6080
*Mar  1 00:28:33.563: L3CC IN: DLCI for call 512
*Mar  1 00:28:33.563:   Dir: U <-- N, Type: FMIF IE , length: 3,  0x090B 0xDC0A
*Mar  1 00:28:33.567:   Dir: U <-- N, Type: Throughput, length: 3,  0x0A30 0xC00D
*Mar  1 00:28:33.567:   Dir: U <-- N, Type: CBS, length: 3,  0x0D01 0x800E
*Mar  1 00:28:33.567:   Dir: U <-- N, Type: EBS, length: 3,  0x0E00 0xE06A
*Mar  1 00:28:33.571: L3CC IN: SETUP MSG :Illegal IE ID of 0x6A
*Mar  1 00:28:33.571:   Dir: U <-- N, Type: Illegal IE, length: 8,  0x6A06 0x0188 0x0244 0x0301
*Mar  1 00:28:33.571:
*Mar  1 00:28:33.571:   Dir: U <-- N, Type: Calling Party IE, length: 16,  0x6C0E 0x1381 0x3531 0x3034
*Mar  1 00:28:33.575:                                    0x3031 0x3031 0x3130 0x3030
*Mar  1 00:28:33.575:
*Mar  1 00:28:33.579:         Calling Party IE: 510401011000, Length: 12
*Mar  1 00:28:33.579:   Dir: U <-- N, Type: Called Party IE, length: 15,  0x700D 0x9335 0x3130 0x3430
*Mar  1 00:28:33.579:                                    0x3130 0x3131 0x3030 0x337C
*Mar  1 00:28:33.583:
*Mar  1 00:28:33.583:   Dir: U <-- N, Type: Low Layer Comp, length: 5,  0x7C03 0x88A0 0xCE7E
*Mar  1 00:28:33.583:   Dir: U <-- N, Type: User-User, length: 4,  0x7E02 0x0000
*Mar  1 00:28:33.583: svc_process_l3_event:Walking table i 0 CS 0
*Mar  1 00:28:33.583: FRU0_Setup : Serial1/0
*Mar  1 00:28:33.587: L3SDL : Ref: 32779, Init : STATE_NULL, Rcvd: MSG_SETUP, Next : STATE_CALL_PRESENT
*Mar  1 00:28:33.587: call id for new call: 7
*Mar  1 00:28:33.587: NLI: Map-list search: Relevant map-list not found 510401011000 510401011003
*Mar  1 00:28:33.587:
Outgoing MSG_RELEASE_COMPLETE
*Mar  1 00:28:33.587:   Dir: U --> N, Type: Prot Disc, length: 1,  0x0800
*Mar  1 00:28:33.591:   Dir: U --> N, Type: Call Ref, length: 3,  0x0280 0x0B00
*Mar  1 00:28:33.591:   Dir: U --> N, Type: Message type, length: 1,  0x5A00
*Mar  1 00:28:33.591:   Dir: U --> N, Type: Cause, length: 5,  0x0803 0x80D8 0x0000
*Mar  1 00:28:33.591:                   Cause No.88 : Incompatible destination
*Mar  1 00:28:33.591: *LAPF Serial1/0 DL_DATA_REQ -in state 7
*Mar  1 00:28:33.595: *LAPF Serial1/0 pak 6616C614 enqueued
*Mar  1 00:28:33.595: FRU0_Setup   : INCOMPATIBLE DESTINATION
*Mar  1 00:28:33.595: *LAPF AckPending
*Mar  1 00:28:33.595: *LAPF Serial1/0 TX -> RR Rsp p/f=0, N(R)= 11
*Mar  1 00:28:33.599: *LAPF Serial1/0 TX -> I frame Cmd p/f=0 N(S)=8 N(R)=11
*Mar  1 00:28:33.599:  0x0001 0x1016 0x0802 0x800B 0x5A08 0x0380 0xD800
*Mar  1 00:28:33.839: *LAPF Serial1/0 RX <- RR Rsp p/f=0, N(R)= 9
*Mar  1 00:28:33.839: *LAPF Serial1/0 lapf_rr_7
*Mar  1 00:28:33.839: *LAPF Serial1/0Check sync, V(S)=9 V(A)=8 V(R)=11 N(R)=9 N(S)=10
*Mar  1 00:28:33.839: *LAPF Serial1/0 update V(A), nr = 9, va = 8
*Mar  1 00:28:36.379: *LAPF Serial1/0 RX <- I frame Cmd p/f=0 N(S)=11 N(R)=9
*Mar  1 00:28:36.379:  0x0001 0x1612 0x0802 0x000C 0x0504 0x0388 0xA0CF 0x1902
*Mar  1 00:28:36.383:  0x6080 0x480C 0x090B 0xDC0A 0x30C0 0x0D01 0x800E 0x00E0
*Mar  1 00:28:36.387:  0x6A06 0x0188 0x0244 0x0301 0x6C0E 0x1381 0x3531 0x3034
*Mar  1 00:28:36.391:  0x3031 0x3031 0x3130 0x3030 0x700D 0x9335 0x3130 0x3430
*Mar  1 00:28:36.391:  0x3130 0x3131 0x3030 0x337C 0x0388 0xA0CE 0x7E02 0x0000
*Mar  1 00:28:36.395:
*Mar  1 00:28:36.395: *LAPF Serial1/0 lapf_i_7
*Mar  1 00:28:36.399: *LAPF Serial1/0 DL_DATA_IND
*Mar  1 00:28:36.399: *LAPF Serial1/0Check sync, V(S)=9 V(A)=9 V(R)=12 N(R)=9 N(S)=11
*Mar  1 00:28:36.399:
New Incoming message on Serial1/0:
*Mar  1 00:28:36.399: L3CC IN : Protocol Discriminator is 8
*Mar  1 00:28:36.403: L3CC IN : Call Reference assigned by Remote Side
*Mar  1 00:28:36.403: L3CC IN : Call Reference is 0xC
*Mar  1 00:28:36.403:   Dir: U <-- N, Type: Call Reference, length: 3,  0x0200 0x0C05
*Mar  1 00:28:36.403:
Incoming SETUP :
*Mar  1 00:28:36.403:   Dir: U <-- N, Type: Bearer Capability : , length: 5,  0x0403 0x88A0 0xCF19
*Mar  1 00:28:36.407:   Dir: U <-- N, Type: DLCI IE, length: 4,  0x1902 0x6080
*Mar  1 00:28:36.407: L3CC IN: DLCI for call 512
*Mar  1 00:28:36.407:   Dir: U <-- N, Type: FMIF IE , length: 3,  0x090B 0xDC0A
*Mar  1 00:28:36.411:   Dir: U <-- N, Type: Throughput, length: 3,  0x0A30 0xC00D
*Mar  1 00:28:36.411:   Dir: U <-- N, Type: CBS, length: 3,  0x0D01 0x800E
*Mar  1 00:28:36.411:   Dir: U <-- N, Type: EBS, length: 3,  0x0E00 0xE06A
*Mar  1 00:28:36.415: L3CC IN: SETUP MSG :Illegal IE ID of 0x6A
*Mar  1 00:28:36.415:   Dir: U <-- N, Type: Illegal IE, length: 8,  0x6A06 0x0188 0x0244 0x0301
*Mar  1 00:28:36.415:
*Mar  1 00:28:36.419:   Dir: U <-- N, Type: Calling Party IE, length: 16,  0x6C0E 0x1381 0x3531 0x3034
*Mar  1 00:28:36.419:                                    0x3031 0x3031 0x3130 0x3030
*Mar  1 00:28:36.423:
*Mar  1 00:28:36.423:         Calling Party IE: 510401011000, Length: 12
*Mar  1 00:28:36.423:   Dir: U <-- N, Type: Called Party IE, length: 15,  0x700D 0x9335 0x3130 0x3430
*Mar  1 00:28:36.423:                                    0x3130 0x3131 0x3030 0x337C
*Mar  1 00:28:36.427:
*Mar  1 00:28:36.427:   Dir: U <-- N, Type: Low Layer Comp, length: 5,  0x7C03 0x88A0 0xCE7E
*Mar  1 00:28:36.427:   Dir: U <-- N, Type: User-User, length: 4,  0x7E02 0x0000
*Mar  1 00:28:36.427: svc_process_l3_event:Walking table i 0 CS 0
*Mar  1 00:28:36.427: FRU0_Setup : Serial1/0
*Mar  1 00:28:36.431: L3SDL : Ref: 32780, Init : STATE_NULL, Rcvd: MSG_SETUP, Next : STATE_CALL_PRESENT
*Mar  1 00:28:36.431: call id for new call: 8
*Mar  1 00:28:36.431: NLI: Map-list search: Relevant map-list not found 510401011000 510401011003
*Mar  1 00:28:36.431:
Outgoing MSG_RELEASE_COMPLETE
*Mar  1 00:28:36.431:   Dir: U --> N, Type: Prot Disc, length: 1,  0x0800
*Mar  1 00:28:36.435:   Dir: U --> N, Type: Call Ref, length: 3,  0x0280 0x0C00
*Mar  1 00:28:36.435:   Dir: U --> N, Type: Message type, length: 1,  0x5A00
*Mar  1 00:28:36.435:   Dir: U --> N, Type: Cause, length: 5,  0x0803 0x80D8 0x0000
*Mar  1 00:28:36.435:                   Cause No.88 : Incompatible destination
*Mar  1 00:28:36.435: *LAPF Serial1/0 DL_DATA_REQ -in state 7
*Mar  1 00:28:36.439: *LAPF Serial1/0 pak 65C23A84 enqueued
*Mar  1 00:28:36.439: FRU0_Setup   : INCOMPATIBLE DESTINATION
*Mar  1 00:28:36.439: *LAPF AckPending
*Mar  1 00:28:36.439: *LAPF Serial1/0 TX -> RR Rsp p/f=0, N(R)= 12
*Mar  1 00:28:36.443: *LAPF Serial1/0 TX -> I frame Cmd p/f=0 N(S)=9 N(R)=12
*Mar  1 00:28:36.443:  0x0001 0x1218 0x0802 0x800C 0x5A08 0x0380 0xD800
*Mar  1 00:28:36.779: *LAPF Serial1/0 RX <- RR Rsp p/f=0, N(R)= 10
*Mar  1 00:28:36.779: *LAPF Serial1/0 lapf_rr_7
*Mar  1 00:28:36.783: *LAPF Serial1/0Check sync, V(S)=10 V(A)=9 V(R)=12 N(R)=10 N(S)=11
*Mar  1 00:28:36.783: *LAPF Serial1/0 update V(A), nr = 10, va = 9
*Mar  1 00:28:39.275: *LAPF Serial1/0 RX <- I frame Cmd p/f=0 N(S)=12 N(R)=10
*Mar  1 00:28:39.275:  0x0001 0x1814 0x0802 0x000D 0x0504 0x0388 0xA0CF 0x1902
*Mar  1 00:28:39.279:  0x6080 0x480C 0x090B 0xDC0A 0x30C0 0x0D01 0x800E 0x00E0
*Mar  1 00:28:39.283:  0x6A06 0x0188 0x0244 0x0301 0x6C0E 0x1381 0x3531 0x3034
*Mar  1 00:28:39.283:  0x3031 0x3031 0x3130 0x3030 0x700D 0x9335 0x3130 0x3430
*Mar  1 00:28:39.287:  0x3130 0x3131 0x3030 0x337C 0x0388 0xA0CE 0x7E02 0x0000
*Mar  1 00:28:39.291:
*Mar  1 00:28:39.291: *LAPF Serial1/0 lapf_i_7
*Mar  1 00:28:39.291: *LAPF Serial1/0 DL_DATA_IND
*Mar  1 00:28:39.295: *LAPF Serial1/0Check sync, V(S)=10 V(A)=10 V(R)=13 N(R)=10 N(S)=12
*Mar  1 00:28:39.295:
New Incoming message on Serial1/0:
*Mar  1 00:28:39.295: L3CC IN : Protocol Discriminator is 8
*Mar  1 00:28:39.295: L3CC IN : Call Reference assigned by Remote Side
*Mar  1 00:28:39.299: L3CC IN : Call Reference is 0xD
*Mar  1 00:28:39.299:   Dir: U <-- N, Type: Call Reference, length: 3,  0x0200 0x0D05
*Mar  1 00:28:39.299:
Incoming SETUP :
*Mar  1 00:28:39.299:   Dir: U <-- N, Type: Bearer Capability : , length: 5,  0x0403 0x88A0 0xCF19
*Mar  1 00:28:39.303:   Dir: U <-- N, Type: DLCI IE, length: 4,  0x1902 0x6080
*Mar  1 00:28:39.303: L3CC IN: DLCI for call 512
*Mar  1 00:28:39.303:   Dir: U <-- N, Type: FMIF IE , length: 3,  0x090B 0xDC0A
*Mar  1 00:28:39.307:   Dir: U <-- N, Type: Throughput, length: 3,  0x0A30 0xC00D
*Mar  1 00:28:39.307:   Dir: U <-- N, Type: CBS, length: 3,  0x0D01 0x800E
*Mar  1 00:28:39.307:   Dir: U <-- N, Type: EBS, length: 3,  0x0E00 0xE06A
*Mar  1 00:28:39.311: L3CC IN: SETUP MSG :Illegal IE ID of 0x6A
*Mar  1 00:28:39.311:   Dir: U <-- N, Type: Illegal IE, length: 8,  0x6A06 0x0188 0x0244 0x0301
*Mar  1 00:28:39.311:
*Mar  1 00:28:39.311:   Dir: U <-- N, Type: Calling Party IE, length: 16,  0x6C0E 0x1381 0x3531 0x3034
*Mar  1 00:28:39.315:                                    0x3031 0x3031 0x3130 0x3030
*Mar  1 00:28:39.315:
*Mar  1 00:28:39.319:         Calling Party IE: 510401011000, Length: 12
*Mar  1 00:28:39.319:   Dir: U <-- N, Type: Called Party IE, length: 15,  0x700D 0x9335 0x3130 0x3430
*Mar  1 00:28:39.319:                                    0x3130 0x3131 0x3030 0x337C
*Mar  1 00:28:39.319:
*Mar  1 00:28:39.323:   Dir: U <-- N, Type: Low Layer Comp, length: 5,  0x7C03 0x88A0 0xCE7E
*Mar  1 00:28:39.323:   Dir: U <-- N, Type: User-User, length: 4,  0x7E02 0x0000
*Mar  1 00:28:39.323: svc_process_l3_event:Walking table i 0 CS 0
*Mar  1 00:28:39.323: FRU0_Setup : Serial1/0
*Mar  1 00:28:39.323: L3SDL : Ref: 32781, Init : STATE_NULL, Rcvd: MSG_SETUP, Next : STATE_CALL_PRESENT
*Mar  1 00:28:39.327: call id for new call: 9
*Mar  1 00:28:39.327: NLI: Map-list search: Relevant map-list not found 510401011000 510401011003
*Mar  1 00:28:39.327:
Outgoing MSG_RELEASE_COMPLETE
*Mar  1 00:28:39.327:   Dir: U --> N, Type: Prot Disc, length: 1,  0x0800
*Mar  1 00:28:39.327:   Dir: U --> N, Type: Call Ref, length: 3,  0x0280 0x0D00
*Mar  1 00:28:39.331:   Dir: U --> N, Type: Message type, length: 1,  0x5A00
*Mar  1 00:28:39.331:   Dir: U --> N, Type: Cause, length: 5,  0x0803 0x80D8 0x0000
*Mar  1 00:28:39.331:                   Cause No.88 : Incompatible destination
*Mar  1 00:28:39.331: *LAPF Serial1/0 DL_DATA_REQ -in state 7
*Mar  1 00:28:39.335: *LAPF Serial1/0 pak 6616B744 enqueued
*Mar  1 00:28:39.335: FRU0_Setup   : INCOMPATIBLE DESTINATION
*Mar  1 00:28:39.335: *LAPF AckPending
*Mar  1 00:28:39.335: *LAPF Serial1/0 TX -> RR Rsp p/f=0, N(R)= 13
*Mar  1 00:28:39.339: *LAPF Serial1/0 TX -> I frame Cmd p/f=0 N(S)=10 N(R)=13
*Mar  1 00:28:39.343:  0x0001 0x141A 0x0802 0x800D 0x5A08 0x0380 0xD800
*Mar  1 00:28:39.607: *LAPF Serial1/0 RX <- RR Rsp p/f=0, N(R)= 11
*Mar  1 00:28:39.607: *LAPF Serial1/0 lapf_rr_7
*Mar  1 00:28:39.607: *LAPF Serial1/0Check sync, V(S)=11 V(A)=10 V(R)=13 N(R)=11 N(S)=12
*Mar  1 00:28:39.607: *LAPF Serial1/0 update V(A), nr = 11, va = 10
*Mar  1 00:28:42.867: *LAPF Serial1/0 RX <- I frame Cmd p/f=0 N(S)=13 N(R)=11
*Mar  1 00:28:42.871:  0x0001 0x1A16 0x0802 0x000E 0x0504 0x0388 0xA0CF 0x1902
*Mar  1 00:28:42.875:  0x6080 0x480C 0x090B 0xDC0A 0x30C0 0x0D01 0x800E 0x00E0
*Mar  1 00:28:42.875:  0x6A06 0x0188 0x0244 0x0301 0x6C0E 0x1381 0x3531 0x3034
*Mar  1 00:28:42.879:  0x3031 0x3031 0x3130 0x3030 0x700D 0x9335 0x3130 0x3430
*Mar  1 00:28:42.883:  0x3130 0x3131 0x3030 0x337C 0x0388 0xA0CE 0x7E02 0x0000
*Mar  1 00:28:42.887:
*Mar  1 00:28:42.887: *LAPF Serial1/0 lapf_i_7
*Mar  1 00:28:42.887: *LAPF Serial1/0 DL_DATA_IND
*Mar  1 00:28:42.887: *LAPF Serial1/0Check sync, V(S)=11 V(A)=11 V(R)=14 N(R)=11 N(S)=13
*Mar  1 00:28:42.891:
New Incoming message on Serial1/0:
*Mar  1 00:28:42.891: L3CC IN : Protocol Discriminator is 8
*Mar  1 00:28:42.891: L3CC IN : Call Reference assigned by Remote Side
*Mar  1 00:28:42.891: L3CC IN : Call Reference is 0xE
*Mar  1 00:28:42.891:   Dir: U <-- N, Type: Call Reference, length: 3,  0x0200 0x0E05
*Mar  1 00:28:42.891:
Incoming SETUP :
*Mar  1 00:28:42.891:   Dir: U <-- N, Type: Bearer Capability : , length: 5,  0x0403 0x88A0 0xCF19
*Mar  1 00:28:42.891:   Dir: U <-- N, Type: DLCI IE, length: 4,  0x1902 0x6080
*Mar  1 00:28:42.891: L3CC IN: DLCI for call 512
*Mar  1 00:28:42.891:   Dir: U <-- N, Type: FMIF IE , length: 3,  0x090B 0xDC0A
*Mar  1 00:28:42.891:   Dir: U <-- N, Type: Throughput, length: 3,  0x0A30 0xC00D
*Mar  1 00:28:42.891:   Dir: U <-- N, Type: CBS, length: 3,  0x0D01 0x800E
*Mar  1 00:28:42.891:   Dir: U <-- N, Type: EBS, length: 3,  0x0E00 0xE06A
*Mar  1 00:28:42.891: L3CC IN: SETUP MSG :Illegal IE ID of 0x6A
*Mar  1 00:28:42.891:   Dir: U <-- N, Type: Illegal IE, length: 8,  0x6A06 0x0188 0x0244 0x0301
*Mar  1 00:28:42.891:
*Mar  1 00:28:42.891:   Dir: U <-- N, Type: Calling Party IE, length: 16,  0x6C0E 0x1381 0x3531 0x3034
*Mar  1 00:28:42.891:                                    0x3031 0x3031 0x3130 0x3030
*Mar  1 00:28:42.891:
*Mar  1 00:28:42.891:         Calling Party IE: 510401011000, Length: 12
*Mar  1 00:28:42.891:   Dir: U <-- N, Type: Called Party IE, length: 15,  0x700D 0x9335 0x3130 0x3430
*Mar  1 00:28:42.891:                                    0x3130 0x3131 0x3030 0x337C
*Mar  1 00:28:42.891:
*Mar  1 00:28:42.891:   Dir: U <-- N, Type: Low Layer Comp, length: 5,  0x7C03 0x88A0 0xCE7E
*Mar  1 00:28:42.891:   Dir: U <-- N, Type: User-User, length: 4,  0x7E02 0x0000
*Mar  1 00:28:42.891: svc_process_l3_event:Walking table i 0 CS 0
*Mar  1 00:28:42.891: FRU0_Setup : Serial1/0
*Mar  1 00:28:42.891: L3SDL : Ref: 32782, Init : STATE_NULL, Rcvd: MSG_SETUP, Next : STATE_CALL_PRESENT
*Mar  1 00:28:42.891: call id for new call: 10
*Mar  1 00:28:42.891: NLI: Map-list search: Relevant map-list not found 510401011000 510401011003
*Mar  1 00:28:42.891:
Outgoing MSG_RELEASE_COMPLETE
*Mar  1 00:28:42.891:   Dir: U --> N, Type: Prot Disc, length: 1,  0x0800
*Mar  1 00:28:42.891:   Dir: U --> N, Type: Call Ref, length: 3,  0x0280 0x0E00
*Mar  1 00:28:42.891:   Dir: U --> N, Type: Message type, length: 1,  0x5A00
*Mar  1 00:28:42.891:   Dir: U --> N, Type: Cause, length: 5,  0x0803 0x80D8 0x0000
*Mar  1 00:28:42.891:                   Cause No.88 : Incompatible destination
*Mar  1 00:28:42.891: *LAPF Serial1/0 DL_DATA_REQ -in state 7
*Mar  1 00:28:42.891: *LAPF Serial1/0 pak 65C25470 enqueued
*Mar  1 00:28:42.891: FRU0_Setup   : INCOMPATIBLE DESTINATION
*Mar  1 00:28:42.891: *LAPF AckPending
*Mar  1 00:28:42.891: *LAPF Serial1/0 TX -> RR Rsp p/f=0, N(R)= 14
*Mar  1 00:28:42.891: *LAPF Serial1/0 TX -> I frame Cmd p/f=0 N(S)=11 N(R)=14
*Mar  1 00:28:42.891:  0x0001 0x161C 0x0802 0x800E 0x5A08 0x0380 0xD800
*Mar  1 00:28:42.927: *LAPF Serial1/0 RX <- RR Rsp p/f=0, N(R)= 12
*Mar  1 00:28:42.931: *LAPF Serial1/0 lapf_rr_7
*Mar  1 00:28:42.931: *LAPF Serial1/0Check sync, V(S)=12 V(A)=11 V(R)=14 N(R)=12 N(S)=13
*Mar  1 00:28:42.931: *LAPF Serial1/0 update V(A), nr = 12, va = 11
*Mar  1 00:28:45.011: *LAPF Serial1/0 RX <- I frame Cmd p/f=0 N(S)=14 N(R)=12
*Mar  1 00:28:45.011:  0x0001 0x1C18 0x0802 0x000F 0x0504 0x0388 0xA0CF 0x1902
*Mar  1 00:28:45.011:  0x6080 0x480C 0x090B 0xDC0A 0x30C0 0x0D01 0x800E 0x00E0
*Mar  1 00:28:45.011:  0x6A06 0x0188 0x0244 0x0301 0x6C0E 0x1381 0x3531 0x3034
*Mar  1 00:28:45.011:  0x3031 0x3031 0x3130 0x3030 0x700D 0x9335 0x3130 0x3430
*Mar  1 00:28:45.011:  0x3130 0x3131 0x3030 0x337C 0x0388 0xA0CE 0x7E02 0x0000
*Mar  1 00:28:45.011:
*Mar  1 00:28:45.011: *LAPF Serial1/0 lapf_i_7
*Mar  1 00:28:45.011: *LAPF Serial1/0 DL_DATA_IND
*Mar  1 00:28:45.011: *LAPF Serial1/0Check sync, V(S)=12 V(A)=12 V(R)=15 N(R)=12 N(S)=14
*Mar  1 00:28:45.011:
New Incoming message on Serial1/0:
*Mar  1 00:28:45.011: L3CC IN : Protocol Discriminator is 8
*Mar  1 00:28:45.011: L3CC IN : Call Reference assigned by Remote Side
*Mar  1 00:28:45.011: L3CC IN : Call Reference is 0xF
*Mar  1 00:28:45.011:   Dir: U <-- N, Type: Call Reference, length: 3,  0x0200 0x0F05
*Mar  1 00:28:45.011:
Incoming SETUP :
*Mar  1 00:28:45.011:   Dir: U <-- N, Type: Bearer Capability : , length: 5,  0x0403 0x88A0 0xCF19
*Mar  1 00:28:45.011:   Dir: U <-- N, Type: DLCI IE, length: 4,  0x1902 0x6080
*Mar  1 00:28:45.015: L3CC IN: DLCI for call 512
*Mar  1 00:28:45.015:   Dir: U <-- N, Type: FMIF IE , length: 3,  0x090B 0xDC0A
*Mar  1 00:28:45.015:   Dir: U <-- N, Type: Throughput, length: 3,  0x0A30 0xC00D
*Mar  1 00:28:45.019:   Dir: U <-- N, Type: CBS, length: 3,  0x0D01 0x800E
*Mar  1 00:28:45.019:   Dir: U <-- N, Type: EBS, length: 3,  0x0E00 0xE06A
*Mar  1 00:28:45.019: L3CC IN: SETUP MSG :Illegal IE ID of 0x6A
*Mar  1 00:28:45.019:   Dir: U <-- N, Type: Illegal IE, length: 8,  0x6A06 0x0188 0x0244 0x0301
*Mar  1 00:28:45.023:
*Mar  1 00:28:45.023:   Dir: U <-- N, Type: Calling Party IE, length: 16,  0x6C0E 0x1381 0x3531 0x3034
*Mar  1 00:28:45.027:                                    0x3031 0x3031 0x3130 0x3030
*Mar  1 00:28:45.027:
*Mar  1 00:28:45.027:         Calling Party IE: 510401011000, Length: 12
*Mar  1 00:28:45.027:   Dir: U <-- N, Type: Called Party IE, length: 15,  0x700D 0x9335 0x3130 0x3430
*Mar  1 00:28:45.031:                                    0x3130 0x3131 0x3030 0x337C
*Mar  1 00:28:45.031:
*Mar  1 00:28:45.031:   Dir: U <-- N, Type: Low Layer Comp, length: 5,  0x7C03 0x88A0 0xCE7E
*Mar  1 00:28:45.031:   Dir: U <-- N, Type: User-User, length: 4,  0x7E02 0x0000
*Mar  1 00:28:45.031: svc_process_l3_event:Walking table i 0 CS 0
*Mar  1 00:28:45.031: FRU0_Setup : Serial1/0
*Mar  1 00:28:45.031: L3SDL : Ref: 32783, Init : STATE_NULL, Rcvd: MSG_SETUP, Next : STATE_CALL_PRESENT
*Mar  1 00:28:45.031: call id for new call: 11
*Mar  1 00:28:45.031: NLI: Map-list search: Relevant map-list not found 510401011000 510401011003
*Mar  1 00:28:45.031:
Outgoing MSG_RELEASE_COMPLETE
*Mar  1 00:28:45.031:   Dir: U --> N, Type: Prot Disc, length: 1,  0x0800
*Mar  1 00:28:45.031:   Dir: U --> N, Type: Call Ref, length: 3,  0x0280 0x0F00
*Mar  1 00:28:45.031:   Dir: U --> N, Type: Message type, length: 1,  0x5A00
*Mar  1 00:28:45.031:   Dir: U --> N, Type: Cause, length: 5,  0x0803 0x80D8 0x0000
*Mar  1 00:28:45.031:                   Cause No.88 : Incompatible destination
*Mar  1 00:28:45.031: *LAPF Serial1/0 DL_DATA_REQ -in state 7
*Mar  1 00:28:45.031: *LAPF Serial1/0 pak 6616C9C8 enqueued
*Mar  1 00:28:45.031: FRU0_Setup   : INCOMPATIBLE DESTINATION
*Mar  1 00:28:45.031: *LAPF AckPending
*Mar  1 00:28:45.031: *LAPF Serial1/0 TX -> RR Rsp p/f=0, N(R)= 15
*Mar  1 00:28:45.031: *LAPF Serial1/0 TX -> I frame Cmd p/f=0 N(S)=12 N(R)=15
*Mar  1 00:28:45.031:  0x0001 0x181E 0x0802 0x800F 0x5A08 0x0380 0xD800
*Mar  1 00:28:45.171: *LAPF Serial1/0 RX <- RR Rsp p/f=0, N(R)= 13
*Mar  1 00:28:45.171: *LAPF Serial1/0 lapf_rr_7
*Mar  1 00:28:45.171: *LAPF Serial1/0Check sync, V(S)=13 V(A)=12 V(R)=15 N(R)=13 N(S)=14
*Mar  1 00:28:45.171: *LAPF Serial1/0 update V(A), nr = 13, va = 12
*Mar  1 00:29:14.955: *LAPF Serial1/0 RX <- RR Cmd p/f=1, N(R)= 13
*Mar  1 00:29:14.955: *LAPF Serial1/0 lapf_rr_7
*Mar  1 00:29:14.955: *LAPF Serial1/0 TX -> RR Rsp p/f=1, N(R)= 15
*Mar  1 00:29:14.955: *LAPF Serial1/0Check sync, V(S)=13 V(A)=13 V(R)=15 N(R)=13 N(S)=14
Building configuration...
Current configuration : 1302 bytes
!
version 12.4
service timestamps debug datetime msec
service timestamps log datetime msec
no service password-encryption
!
hostname Router
!
boot-start-marker
boot-end-marker
!
!
no aaa new-model
memory-size iomem 5
!
!
ip cef
!
!
multilink bundle-name authenticated
!
 
Router(config)#do write
Building configuration...
[OK]
Router(config)#
*Mar  1 00:29:44.107: *LAPF Serial1/0 RX <- RR Cmd p/f=1, N(R)= 13
*Mar  1 00:29:44.107: *LAPF Serial1/0 lapf_rr_7
*Mar  1 00:29:44.107: *LAPF Serial1/0 TX -> RR Rsp p/f=1, N(R)= 15
*Mar  1 00:29:44.111: *LAPF Serial1/0Check sync, V(S)=13 V(A)=13 V(R)=15 N(R)=13 N(S)=14do reload
